Archive member included to satisfy reference by file (symbol)

D:/.xinstall/STM32CubeIDE_1.7.0/STM32CubeIDE/plugins/com.st.stm32cube.ide.mcu.externaltools.gnu-tools-for-stm32.12.3.rel1.win32_1.1.0.202410251130/tools/bin/../lib/gcc/arm-none-eabi/12.3.1/../../../../arm-none-eabi/lib/thumb/v7e-m+fp/hard\libc_nano.a(libc_a-exit.o)
                              D:/.xinstall/STM32CubeIDE_1.7.0/STM32CubeIDE/plugins/com.st.stm32cube.ide.mcu.externaltools.gnu-tools-for-stm32.12.3.rel1.win32_1.1.0.202410251130/tools/bin/../lib/gcc/arm-none-eabi/12.3.1/../../../../arm-none-eabi/lib/thumb/v7e-m+fp/hard/crt0.o (exit)
D:/.xinstall/STM32CubeIDE_1.7.0/STM32CubeIDE/plugins/com.st.stm32cube.ide.mcu.externaltools.gnu-tools-for-stm32.12.3.rel1.win32_1.1.0.202410251130/tools/bin/../lib/gcc/arm-none-eabi/12.3.1/../../../../arm-none-eabi/lib/thumb/v7e-m+fp/hard\libc_nano.a(libc_a-findfp.o)
                              D:/.xinstall/STM32CubeIDE_1.7.0/STM32CubeIDE/plugins/com.st.stm32cube.ide.mcu.externaltools.gnu-tools-for-stm32.12.3.rel1.win32_1.1.0.202410251130/tools/bin/../lib/gcc/arm-none-eabi/12.3.1/../../../../arm-none-eabi/lib/thumb/v7e-m+fp/hard\libc_nano.a(libc_a-exit.o) (__stdio_exit_handler)
D:/.xinstall/STM32CubeIDE_1.7.0/STM32CubeIDE/plugins/com.st.stm32cube.ide.mcu.externaltools.gnu-tools-for-stm32.12.3.rel1.win32_1.1.0.202410251130/tools/bin/../lib/gcc/arm-none-eabi/12.3.1/../../../../arm-none-eabi/lib/thumb/v7e-m+fp/hard\libc_nano.a(libc_a-fwalk.o)
                              D:/.xinstall/STM32CubeIDE_1.7.0/STM32CubeIDE/plugins/com.st.stm32cube.ide.mcu.externaltools.gnu-tools-for-stm32.12.3.rel1.win32_1.1.0.202410251130/tools/bin/../lib/gcc/arm-none-eabi/12.3.1/../../../../arm-none-eabi/lib/thumb/v7e-m+fp/hard\libc_nano.a(libc_a-findfp.o) (_fwalk_sglue)
D:/.xinstall/STM32CubeIDE_1.7.0/STM32CubeIDE/plugins/com.st.stm32cube.ide.mcu.externaltools.gnu-tools-for-stm32.12.3.rel1.win32_1.1.0.202410251130/tools/bin/../lib/gcc/arm-none-eabi/12.3.1/../../../../arm-none-eabi/lib/thumb/v7e-m+fp/hard\libc_nano.a(libc_a-stdio.o)
                              D:/.xinstall/STM32CubeIDE_1.7.0/STM32CubeIDE/plugins/com.st.stm32cube.ide.mcu.externaltools.gnu-tools-for-stm32.12.3.rel1.win32_1.1.0.202410251130/tools/bin/../lib/gcc/arm-none-eabi/12.3.1/../../../../arm-none-eabi/lib/thumb/v7e-m+fp/hard\libc_nano.a(libc_a-findfp.o) (__sread)
D:/.xinstall/STM32CubeIDE_1.7.0/STM32CubeIDE/plugins/com.st.stm32cube.ide.mcu.externaltools.gnu-tools-for-stm32.12.3.rel1.win32_1.1.0.202410251130/tools/bin/../lib/gcc/arm-none-eabi/12.3.1/../../../../arm-none-eabi/lib/thumb/v7e-m+fp/hard\libc_nano.a(libc_a-memset.o)
                              D:/.xinstall/STM32CubeIDE_1.7.0/STM32CubeIDE/plugins/com.st.stm32cube.ide.mcu.externaltools.gnu-tools-for-stm32.12.3.rel1.win32_1.1.0.202410251130/tools/bin/../lib/gcc/arm-none-eabi/12.3.1/../../../../arm-none-eabi/lib/thumb/v7e-m+fp/hard/crt0.o (memset)
D:/.xinstall/STM32CubeIDE_1.7.0/STM32CubeIDE/plugins/com.st.stm32cube.ide.mcu.externaltools.gnu-tools-for-stm32.12.3.rel1.win32_1.1.0.202410251130/tools/bin/../lib/gcc/arm-none-eabi/12.3.1/../../../../arm-none-eabi/lib/thumb/v7e-m+fp/hard\libc_nano.a(libc_a-closer.o)
                              D:/.xinstall/STM32CubeIDE_1.7.0/STM32CubeIDE/plugins/com.st.stm32cube.ide.mcu.externaltools.gnu-tools-for-stm32.12.3.rel1.win32_1.1.0.202410251130/tools/bin/../lib/gcc/arm-none-eabi/12.3.1/../../../../arm-none-eabi/lib/thumb/v7e-m+fp/hard\libc_nano.a(libc_a-stdio.o) (_close_r)
D:/.xinstall/STM32CubeIDE_1.7.0/STM32CubeIDE/plugins/com.st.stm32cube.ide.mcu.externaltools.gnu-tools-for-stm32.12.3.rel1.win32_1.1.0.202410251130/tools/bin/../lib/gcc/arm-none-eabi/12.3.1/../../../../arm-none-eabi/lib/thumb/v7e-m+fp/hard\libc_nano.a(libc_a-reent.o)
                              D:/.xinstall/STM32CubeIDE_1.7.0/STM32CubeIDE/plugins/com.st.stm32cube.ide.mcu.externaltools.gnu-tools-for-stm32.12.3.rel1.win32_1.1.0.202410251130/tools/bin/../lib/gcc/arm-none-eabi/12.3.1/../../../../arm-none-eabi/lib/thumb/v7e-m+fp/hard\libc_nano.a(libc_a-closer.o) (errno)
D:/.xinstall/STM32CubeIDE_1.7.0/STM32CubeIDE/plugins/com.st.stm32cube.ide.mcu.externaltools.gnu-tools-for-stm32.12.3.rel1.win32_1.1.0.202410251130/tools/bin/../lib/gcc/arm-none-eabi/12.3.1/../../../../arm-none-eabi/lib/thumb/v7e-m+fp/hard\libc_nano.a(libc_a-impure.o)
                              D:/.xinstall/STM32CubeIDE_1.7.0/STM32CubeIDE/plugins/com.st.stm32cube.ide.mcu.externaltools.gnu-tools-for-stm32.12.3.rel1.win32_1.1.0.202410251130/tools/bin/../lib/gcc/arm-none-eabi/12.3.1/../../../../arm-none-eabi/lib/thumb/v7e-m+fp/hard\libc_nano.a(libc_a-reent.o) (_impure_ptr)
D:/.xinstall/STM32CubeIDE_1.7.0/STM32CubeIDE/plugins/com.st.stm32cube.ide.mcu.externaltools.gnu-tools-for-stm32.12.3.rel1.win32_1.1.0.202410251130/tools/bin/../lib/gcc/arm-none-eabi/12.3.1/../../../../arm-none-eabi/lib/thumb/v7e-m+fp/hard\libc_nano.a(libc_a-lseekr.o)
[...]
Memory Configuration

Name             Origin             Length             Attributes
CCMRAM           0x10000000         0x00010000         xrw
RAM              0x20000000         0x00020000         xrw
FLASH            0x08000000         0x00100000         xr
*default*        0x00000000         0xffffffff

Linker script and memory map

LOAD D:/.xinstall/STM32CubeIDE_1.7.0/STM32CubeIDE/plugins/com.st.stm32cube.ide.mcu.externaltools.gnu-tools-for-stm32.12.3.rel1.win32_1.1.0.202410251130/tools/bin/../lib/gcc/arm-none-eabi/12.3.1/thumb/v7e-m+fp/hard/crti.o
LOAD D:/.xinstall/STM32CubeIDE_1.7.0/STM32CubeIDE/plugins/com.st.stm32cube.ide.mcu.externaltools.gnu-tools-for-stm32.12.3.rel1.win32_1.1.0.202410251130/tools/bin/../lib/gcc/arm-none-eabi/12.3.1/thumb/v7e-m+fp/hard/crtbegin.o
LOAD D:/.xinstall/STM32CubeIDE_1.7.0/STM32CubeIDE/plugins/com.st.stm32cube.ide.mcu.externaltools.gnu-tools-for-stm32.12.3.rel1.win32_1.1.0.202410251130/tools/bin/../lib/gcc/arm-none-eabi/12.3.1/../../../../arm-none-eabi/lib/thumb/v7e-m+fp/hard/crt0.o
LOAD ./Core/Src/button.o
LOAD ./Core/Src/ds3231.o
LOAD ./Core/Src/fsmc.o
LOAD ./Core/Src/gpio.o
LOAD ./Core/Src/i2c.o
LOAD ./Core/Src/lcd.o
LOAD ./Core/Src/led_7seg.o
LOAD ./Core/Src/main.o
LOAD ./Core/Src/picture.o
LOAD ./Core/Src/software_timer.o
LOAD ./Core/Src/spi.o
LOAD ./Core/Src/stm32f4xx_hal_msp.o
LOAD ./Core/Src/stm32f4xx_it.o
LOAD ./Core/Src/syscalls.o
LOAD ./Core/Src/sysmem.o
LOAD ./Core/Src/system_stm32f4xx.o
LOAD ./Core/Src/tim.o
LOAD ./Core/Src/utils.o
LOAD ./Core/Startup/startup_stm32f407zetx.o
LOAD ./Drivers/STM32F4xx_HAL_Driver/Src/stm32f4xx_hal.o
LOAD ./Drivers/STM32F4xx_HAL_Driver/Src/stm32f4xx_hal_cortex.o
LOAD ./Drivers/STM32F4xx_HAL_Driver/Src/stm32f4xx_hal_dma.o
LOAD ./Drivers/STM32F4xx_HAL_Driver/Src/stm32f4xx_hal_dma_ex.o
LOAD ./Drivers/STM32F4xx_HAL_Driver/Src/stm32f4xx_hal_exti.o
LOAD ./Drivers/STM32F4xx_HAL_Driver/Src/stm32f4xx_hal_flash.o
LOAD ./Drivers/STM32F4xx_HAL_Driver/Src/stm32f4xx_hal_flash_ex.o
LOAD ./Drivers/STM32F4xx_HAL_Driver/Src/stm32f4xx_hal_flash_ramfunc.o
LOAD ./Drivers/STM32F4xx_HAL_Driver/Src/stm32f4xx_hal_gpio.o
LOAD ./Drivers/STM32F4xx_HAL_Driver/Src/stm32f4xx_hal_i2c.o
LOAD ./Drivers/STM32F4xx_HAL_Driver/Src/stm32f4xx_hal_i2c_ex.o
LOAD ./Drivers/STM32F4xx_HAL_Driver/Src/stm32f4xx_hal_pwr.o
LOAD ./Drivers/STM32F4xx_HAL_Driver/Src/stm32f4xx_hal_pwr_ex.o
LOAD ./Drivers/STM32F4xx_HAL_Driver/Src/stm32f4xx_hal_rcc.o
LOAD ./Drivers/STM32F4xx_HAL_Driver/Src/stm32f4xx_hal_rcc_ex.o
LOAD ./Drivers/STM32F4xx_HAL_Driver/Src/stm32f4xx_hal_spi.o
LOAD ./Drivers/STM32F4xx_HAL_Driver/Src/stm32f4xx_hal_sram.o
LOAD ./Drivers/STM32F4xx_HAL_Driver/Src/stm32f4xx_hal_tim.o
LOAD ./Drivers/STM32F4xx_HAL_Driver/Src/stm32f4xx_hal_tim_ex.o
LOAD ./Drivers/STM32F4xx_HAL_Driver/Src/stm32f4xx_ll_fsmc.o
START GROUP
LOAD D:/.xinstall/STM32CubeIDE_1.7.0/STM32CubeIDE/plugins/com.st.stm32cube.ide.mcu.externaltools.gnu-tools-for-stm32.12.3.rel1.win32_1.1.0.202410251130/tools/bin/../lib/gcc/arm-none-eabi/12.3.1/../../../../arm-none-eabi/lib/thumb/v7e-m+fp/hard\libc_nano.a
LOAD D:/.xinstall/STM32CubeIDE_1.7.0/STM32CubeIDE/plugins/com.st.stm32cube.ide.mcu.externaltools.gnu-tools-for-stm32.12.3.rel1.win32_1.1.0.202410251130/tools/bin/../lib/gcc/arm-none-eabi/12.3.1/../../../../arm-none-eabi/lib/thumb/v7e-m+fp/hard\libm.a
END GROUP
START GROUP
LOAD D:/.xinstall/STM32CubeIDE_1.7.0/STM32CubeIDE/plugins/com.st.stm32cube.ide.mcu.externaltools.gnu-tools-for-stm32.12.3.rel1.win32_1.1.0.202410251130/tools/bin/../lib/gcc/arm-none-eabi/12.3.1/thumb/v7e-m+fp/hard\libgcc.a
LOAD D:/.xinstall/STM32CubeIDE_1.7.0/STM32CubeIDE/plugins/com.st.stm32cube.ide.mcu.externaltools.gnu-tools-for-stm32.12.3.rel1.win32_1.1.0.202410251130/tools/bin/../lib/gcc/arm-none-eabi/12.3.1/../../../../arm-none-eabi/lib/thumb/v7e-m+fp/hard\libc_nano.a
END GROUP
START GROUP
LOAD D:/.xinstall/STM32CubeIDE_1.7.0/STM32CubeIDE/plugins/com.st.stm32cube.ide.mcu.externaltools.gnu-tools-for-stm32.12.3.rel1.win32_1.1.0.202410251130/tools/bin/../lib/gcc/arm-none-eabi/12.3.1/thumb/v7e-m+fp/hard\libgcc.a
LOAD D:/.xinstall/STM32CubeIDE_1.7.0/STM32CubeIDE/plugins/com.st.stm32cube.ide.mcu.externaltools.gnu-tools-for-stm32.12.3.rel1.win32_1.1.0.202410251130/tools/bin/../lib/gcc/arm-none-eabi/12.3.1/../../../../arm-none-eabi/lib/thumb/v7e-m+fp/hard\libc_nano.a
LOAD D:/.xinstall/STM32CubeIDE_1.7.0/STM32CubeIDE/plugins/com.st.stm32cube.ide.mcu.externaltools.gnu-tools-for-stm32.12.3.rel1.win32_1.1.0.202410251130/tools/bin/../lib/gcc/arm-none-eabi/12.3.1/../../../../arm-none-eabi/lib/thumb/v7e-m+fp/hard\libnosys.a
END GROUP
START GROUP
LOAD D:/.xinstall/STM32CubeIDE_1.7.0/STM32CubeIDE/plugins/com.st.stm32cube.ide.mcu.externaltools.gnu-tools-for-stm32.12.3.rel1.win32_1.1.0.202410251130/tools/bin/../lib/gcc/arm-none-eabi/12.3.1/thumb/v7e-m+fp/hard\libgcc.a
LOAD D:/.xinstall/STM32CubeIDE_1.7.0/STM32CubeIDE/plugins/com.st.stm32cube.ide.mcu.externaltools.gnu-tools-for-stm32.12.3.rel1.win32_1.1.0.202410251130/tools/bin/../lib/gcc/arm-none-eabi/12.3.1/../../../../arm-none-eabi/lib/thumb/v7e-m+fp/hard\libc_nano.a
LOAD D:/.xinstall/STM32CubeIDE_1.7.0/STM32CubeIDE/plugins/com.st.stm32cube.ide.mcu.externaltools.gnu-tools-for-stm32.12.3.rel1.win32_1.1.0.202410251130/tools/bin/../lib/gcc/arm-none-eabi/12.3.1/../../../../arm-none-eabi/lib/thumb/v7e-m+fp/hard\libnosys.a
END GROUP
LOAD D:/.xinstall/STM32CubeIDE_1.7.0/STM32CubeIDE/plugins/com.st.stm32cube.ide.mcu.externaltools.gnu-tools-for-stm32.12.3.rel1.win32_1.1.0.202410251130/tools/bin/../lib/gcc/arm-none-eabi/12.3.1/thumb/v7e-m+fp/hard/crtend.o
LOAD D:/.xinstall/STM32CubeIDE_1.7.0/STM32CubeIDE/plugins/com.st.stm32cube.ide.mcu.externaltools.gnu-tools-for-stm32.12.3.rel1.win32_1.1.0.202410251130/tools/bin/../lib/gcc/arm-none-eabi/12.3.1/thumb/v7e-m+fp/hard/crtn.o
                0x20020000                        _estack = (ORIGIN (RAM) + LENGTH (RAM))
                0x00000200                        _Min_Heap_Size = 0x200
                0x00000400                        _Min_Stack_Size = 0x400

.isr_vector     0x08000000      0x188
                0x08000000                        . = ALIGN (0x4)
 *(.isr_vector)
 .isr_vector    0x08000000      0x188 ./Core/Startup/startup_stm32f407zetx.o
                0x08000000                g_pfnVectors
                0x08000188                        . = ALIGN (0x4)

.text           0x08000188     0x61f0
                0x08000188                        . = ALIGN (0x4)
 *(.text)
 .text          0x08000188       0x40 D:/.xinstall/STM32CubeIDE_1.7.0/STM32CubeIDE/plugins/com.st.stm32cube.ide.mcu.externaltools.gnu-tools-for-stm32.12.3.rel1.win32_1.1.0.202410251130/tools/bin/../lib/gcc/arm-none-eabi/12.3.1/thumb/v7e-m+fp/hard/crtbegin.o
 .text          0x080001c8       0x10 D:/.xinstall/STM32CubeIDE_1.7.0/STM32CubeIDE/plugins/com.st.stm32cube.ide.mcu.externaltools.gnu-tools-for-stm32.12.3.rel1.win32_1.1.0.202410251130/tools/bin/../lib/gcc/arm-none-eabi/12.3.1/../../../../arm-none-eabi/lib/thumb/v7e-m+fp/hard\libc_nano.a(libc_a-strlen.o)
                0x080001c8                strlen
 .text          0x080001d8       0x30 D:/.xinstall/STM32CubeIDE_1.7.0/STM32CubeIDE/plugins/com.st.stm32cube.ide.mcu.externaltools.gnu-tools-for-stm32.12.3.rel1.win32_1.1.0.202410251130/tools/bin/../lib/gcc/arm-none-eabi/12.3.1/thumb/v7e-m+fp/hard\libgcc.a(_aeabi_uldivmod.o)
                0x080001d8                __aeabi_uldivmod
 .text          0x08000208      0x2bc D:/.xinstall/STM32CubeIDE_1.7.0/STM32CubeIDE/plugins/com.st.stm32cube.ide.mcu.externaltools.gnu-tools-for-stm32.12.3.rel1.win32_1.1.0.202410251130/tools/bin/../lib/gcc/arm-none-eabi/12.3.1/thumb/v7e-m+fp/hard\libgcc.a(_udivmoddi4.o)
                0x08000208                __udivmoddi4
 .text          0x080004c4        0x4 D:/.xinstall/STM32CubeIDE_1.7.0/STM32CubeIDE/plugins/com.st.stm32cube.ide.mcu.externaltools.gnu-tools-for-stm32.12.3.rel1.win32_1.1.0.202410251130/tools/bin/../lib/gcc/arm-none-eabi/12.3.1/thumb/v7e-m+fp/hard\libgcc.a(_dvmd_tls.o)
                0x080004c4                __aeabi_idiv0
                0x080004c4                __aeabi_ldiv0
 *(.text*)
 .text.button_init
                0x080004c8       0x18 ./Core/Src/button.o
                0x080004c8                button_init
 .text.button_Scan
                0x080004e0       0xd8 ./Core/Src/button.o
                0x080004e0                button_Scan
 .text.ds3231_init
                0x080005b8       0x88 ./Core/Src/ds3231.o
                0x080005b8                ds3231_init
 .text.ds3231_Write
                0x08000640       0x44 ./Core/Src/ds3231.o
                0x08000640                ds3231_Write
 .text.ds3231_ReadTime
                0x08000684       0xc8 ./Core/Src/ds3231.o
                0x08000684                ds3231_ReadTime
 .text.MX_FSMC_Init
                0x0800074c       0xf4 ./Core/Src/fsmc.o
                0x0800074c                MX_FSMC_Init
 .text.HAL_FSMC_MspInit
                0x08000840       0x98 ./Core/Src/fsmc.o
 .text.HAL_SRAM_MspInit
                0x080008d8       0x14 ./Core/Src/fsmc.o
                0x080008d8                HAL_SRAM_MspInit
 .text.MX_GPIO_Init
                0x080008ec      0x1f0 ./Core/Src/gpio.o
                0x080008ec                MX_GPIO_Init
 .text.MX_I2C1_Init
                0x08000adc       0x5c ./Core/Src/i2c.o
                0x08000adc                MX_I2C1_Init
 .text.HAL_I2C_MspInit
                0x08000b38       0x90 ./Core/Src/i2c.o
                0x08000b38                HAL_I2C_MspInit
 .text.LCD_WR_REG
                0x08000bc8       0x20 ./Core/Src/lcd.o
                0x08000bc8                LCD_WR_REG
 .text.LCD_WR_DATA
                0x08000be8       0x20 ./Core/Src/lcd.o
                0x08000be8                LCD_WR_DATA
 .text.LCD_RD_DATA
                0x08000c08       0x24 ./Core/Src/lcd.o
                0x08000c08                LCD_RD_DATA
 .text.lcd_AddressSet
                0x08000c2c       0x98 ./Core/Src/lcd.o
                0x08000c2c                lcd_AddressSet
 .text.lcd_Clear
                0x08000cc4       0x74 ./Core/Src/lcd.o
                0x08000cc4                lcd_Clear
 .text.lcd_Fill
                0x08000d38       0x6c ./Core/Src/lcd.o
                0x08000d38                lcd_Fill
 .text.lcd_DrawPoint
                0x08000da4       0x2e ./Core/Src/lcd.o
                0x08000da4                lcd_DrawPoint
 *fill*         0x08000dd2        0x2 
 .text.lcd_ShowChar
                0x08000dd4      0x1a0 ./Core/Src/lcd.o
                0x08000dd4                lcd_ShowChar
 .text.mypow    0x08000f74       0x38 ./Core/Src/lcd.o
                0x08000f74                mypow
 .text.lcd_ShowIntNum
                0x08000fac       0xfc ./Core/Src/lcd.o
                0x08000fac                lcd_ShowIntNum
 .text.lcd_SetDir
                0x080010a8       0x48 ./Core/Src/lcd.o
                0x080010a8                lcd_SetDir
 .text.lcd_init
                0x080010f0      0x2c0 ./Core/Src/lcd.o
                0x080010f0                lcd_init
 .text.lcd_ShowStr
                0x080013b0       0xc8 ./Core/Src/lcd.o
                0x080013b0                lcd_ShowStr
 .text.lcd_StrCenter
                0x08001478       0x64 ./Core/Src/lcd.o
                0x08001478                lcd_StrCenter
 .text.led7_init
                0x080014dc       0x18 ./Core/Src/led_7seg.o
                0x080014dc                led7_init
 .text.led7_Scan
                0x080014f4      0x118 ./Core/Src/led_7seg.o
                0x080014f4                led7_Scan
 .text.main     0x0800160c       0x50 ./Core/Src/main.o
                0x0800160c                main
 .text.SystemClock_Config
                0x0800165c       0xd4 ./Core/Src/main.o
                0x0800165c                SystemClock_Config
 .text.system_init
                0x08001730       0x44 ./Core/Src/main.o
                0x08001730                system_init
 .text.updateTime
                0x08001774       0x40 ./Core/Src/main.o
                0x08001774                updateTime
 .text.returnMode
                0x080017b4       0x58 ./Core/Src/main.o
                0x080017b4                returnMode
 .text.checkTime
                0x0800180c      0x120 ./Core/Src/main.o
                0x0800180c                checkTime
 .text.checkTimer
                0x0800192c      0x120 ./Core/Src/main.o
                0x0800192c                checkTimer
 .text.displayTime
                0x08001a4c      0x118 ./Core/Src/main.o
                0x08001a4c                displayTime
 .text.modifyTime
                0x08001b64      0x354 ./Core/Src/main.o
                0x08001b64                modifyTime
 .text.modifyTimer
                0x08001eb8      0x36c ./Core/Src/main.o
                0x08001eb8                modifyTimer
 .text.fsm      0x08002224      0x360 ./Core/Src/main.o
                0x08002224                fsm
 .text.Error_Handler
                0x08002584        0xc ./Core/Src/main.o
                0x08002584                Error_Handler
 .text.timer_init
                0x08002590       0x14 ./Core/Src/software_timer.o
                0x08002590                timer_init
 .text.setTimer2
                0x080025a4       0x38 ./Core/Src/software_timer.o
                0x080025a4                setTimer2
 .text.HAL_TIM_PeriodElapsedCallback
                0x080025dc       0x54 ./Core/Src/software_timer.o
                0x080025dc                HAL_TIM_PeriodElapsedCallback
 .text.MX_SPI1_Init
                0x08002630       0x6c ./Core/Src/spi.o
                0x08002630                MX_SPI1_Init
 .text.HAL_SPI_MspInit
                0x0800269c       0x90 ./Core/Src/spi.o
                0x0800269c                HAL_SPI_MspInit
 .text.HAL_MspInit
                0x0800272c       0x50 ./Core/Src/stm32f4xx_hal_msp.o
                0x0800272c                HAL_MspInit
 .text.NMI_Handler
                0x0800277c        0x8 ./Core/Src/stm32f4xx_it.o
                0x0800277c                NMI_Handler
 .text.HardFault_Handler
                0x08002784        0x8 ./Core/Src/stm32f4xx_it.o
                0x08002784                HardFault_Handler
 .text.MemManage_Handler
                0x0800278c        0x8 ./Core/Src/stm32f4xx_it.o
                0x0800278c                MemManage_Handler
 .text.BusFault_Handler
                0x08002794        0x8 ./Core/Src/stm32f4xx_it.o
                0x08002794                BusFault_Handler
 .text.UsageFault_Handler
                0x0800279c        0x8 ./Core/Src/stm32f4xx_it.o
                0x0800279c                UsageFault_Handler
 .text.SVC_Handler
                0x080027a4        0xe ./Core/Src/stm32f4xx_it.o
                0x080027a4                SVC_Handler
 .text.DebugMon_Handler
                0x080027b2        0xe ./Core/Src/stm32f4xx_it.o
                0x080027b2                DebugMon_Handler
 .text.PendSV_Handler
                0x080027c0        0xe ./Core/Src/stm32f4xx_it.o
                0x080027c0                PendSV_Handler
 .text.SysTick_Handler
                0x080027ce        0xc ./Core/Src/stm32f4xx_it.o
                0x080027ce                SysTick_Handler
 *fill*         0x080027da        0x2 
 .text.TIM2_IRQHandler
                0x080027dc       0x14 ./Core/Src/stm32f4xx_it.o
                0x080027dc                TIM2_IRQHandler
 .text.SystemInit
                0x080027f0       0x24 ./Core/Src/system_stm32f4xx.o
                0x080027f0                SystemInit
 .text.MX_TIM2_Init
                0x08002814       0x98 ./Core/Src/tim.o
                0x08002814                MX_TIM2_Init
 .text.HAL_TIM_Base_MspInit
                0x080028ac       0x4c ./Core/Src/tim.o
                0x080028ac                HAL_TIM_Base_MspInit
 .text.BCD2DEC  0x080028f8       0x32 ./Core/Src/utils.o
                0x080028f8                BCD2DEC
 *fill*         0x0800292a        0x2 
 .text.DEC2BCD  0x0800292c       0x48 ./Core/Src/utils.o
                0x0800292c                DEC2BCD
 .text.Reset_Handler
                0x08002974       0x50 ./Core/Startup/startup_stm32f407zetx.o
                0x08002974                Reset_Handler
 .text.Default_Handler
                0x080029c4        0x2 ./Core/Startup/startup_stm32f407zetx.o
                0x080029c4                RTC_Alarm_IRQHandler
                0x080029c4                HASH_RNG_IRQHandler
                0x080029c4                EXTI2_IRQHandler
                0x080029c4                TIM8_CC_IRQHandler
                0x080029c4                TIM1_CC_IRQHandler
                0x080029c4                DMA2_Stream5_IRQHandler
                0x080029c4                DMA1_Stream5_IRQHandler
                0x080029c4                PVD_IRQHandler
                0x080029c4                SDIO_IRQHandler
                0x080029c4                TAMP_STAMP_IRQHandler
                0x080029c4                CAN2_RX1_IRQHandler
                0x080029c4                EXTI3_IRQHandler
                0x080029c4                TIM8_TRG_COM_TIM14_IRQHandler
                0x080029c4                TIM1_UP_TIM10_IRQHandler
                0x080029c4                TIM8_UP_TIM13_IRQHandler
                0x080029c4                I2C3_ER_IRQHandler
                0x080029c4                EXTI0_IRQHandler
                0x080029c4                I2C2_EV_IRQHandler
                0x080029c4                DMA1_Stream2_IRQHandler
                0x080029c4                CAN1_RX0_IRQHandler
                0x080029c4                FPU_IRQHandler
                0x080029c4                OTG_HS_WKUP_IRQHandler
                0x080029c4                CAN2_SCE_IRQHandler
                0x080029c4                DMA2_Stream2_IRQHandler
                0x080029c4                SPI1_IRQHandler
                0x080029c4                TIM6_DAC_IRQHandler
                0x080029c4                TIM1_BRK_TIM9_IRQHandler
                0x080029c4                DCMI_IRQHandler
                0x080029c4                CAN2_RX0_IRQHandler
                0x080029c4                DMA2_Stream3_IRQHandler
                0x080029c4                USART6_IRQHandler
                0x080029c4                USART3_IRQHandler
                0x080029c4                CAN1_RX1_IRQHandler
                0x080029c4                UART5_IRQHandler
                0x080029c4                DMA2_Stream0_IRQHandler
                0x080029c4                TIM4_IRQHandler
                0x080029c4                I2C1_EV_IRQHandler
                0x080029c4                DMA1_Stream6_IRQHandler
                0x080029c4                DMA1_Stream1_IRQHandler
                0x080029c4                UART4_IRQHandler
                0x080029c4                TIM3_IRQHandler
                0x080029c4                RCC_IRQHandler
                0x080029c4                TIM8_BRK_TIM12_IRQHandler
                0x080029c4                Default_Handler
                0x080029c4                EXTI15_10_IRQHandler
                0x080029c4                ADC_IRQHandler
                0x080029c4                DMA1_Stream7_IRQHandler
                0x080029c4                TIM7_IRQHandler
                0x080029c4                CAN2_TX_IRQHandler
                0x080029c4                TIM5_IRQHandler
                0x080029c4                DMA2_Stream7_IRQHandler
                0x080029c4                I2C3_EV_IRQHandler
                0x080029c4                EXTI9_5_IRQHandler
                0x080029c4                RTC_WKUP_IRQHandler
                0x080029c4                ETH_WKUP_IRQHandler
                0x080029c4                SPI2_IRQHandler
                0x080029c4                OTG_HS_EP1_IN_IRQHandler
                0x080029c4                DMA1_Stream0_IRQHandler
                0x080029c4                CAN1_TX_IRQHandler
                0x080029c4                EXTI4_IRQHandler
                0x080029c4                FSMC_IRQHandler
                0x080029c4                ETH_IRQHandler
                0x080029c4                OTG_HS_EP1_OUT_IRQHandler
                0x080029c4                WWDG_IRQHandler
                0x080029c4                OTG_FS_WKUP_IRQHandler
                0x080029c4                TIM1_TRG_COM_TIM11_IRQHandler
                0x080029c4                OTG_HS_IRQHandler
                0x080029c4                EXTI1_IRQHandler
                0x080029c4                USART2_IRQHandler
                0x080029c4                I2C2_ER_IRQHandler
                0x080029c4                DMA2_Stream1_IRQHandler
                0x080029c4                CAN1_SCE_IRQHandler
                0x080029c4                FLASH_IRQHandler
                0x080029c4                DMA2_Stream4_IRQHandler
                0x080029c4                USART1_IRQHandler
                0x080029c4                OTG_FS_IRQHandler
                0x080029c4                SPI3_IRQHandler
                0x080029c4                DMA1_Stream4_IRQHandler
                0x080029c4                I2C1_ER_IRQHandler
                0x080029c4                DMA2_Stream6_IRQHandler
                0x080029c4                DMA1_Stream3_IRQHandler
 *fill*         0x080029c6        0x2 
 .text.HAL_Init
                0x080029c8       0x44 ./Drivers/STM32F4xx_HAL_Driver/Src/stm32f4xx_hal.o
                0x080029c8                HAL_Init
 .text.HAL_InitTick
                0x08002a0c       0x60 ./Drivers/STM32F4xx_HAL_Driver/Src/stm32f4xx_hal.o
                0x08002a0c                HAL_InitTick
 .text.HAL_IncTick
                0x08002a6c       0x28 ./Drivers/STM32F4xx_HAL_Driver/Src/stm32f4xx_hal.o
                0x08002a6c                HAL_IncTick
 .text.HAL_GetTick
                0x08002a94       0x18 ./Drivers/STM32F4xx_HAL_Driver/Src/stm32f4xx_hal.o
                0x08002a94                HAL_GetTick
 .text.HAL_Delay
                0x08002aac       0x48 ./Drivers/STM32F4xx_HAL_Driver/Src/stm32f4xx_hal.o
                0x08002aac                HAL_Delay
 .text.__NVIC_SetPriorityGrouping
                0x08002af4       0x48 ./Drivers/STM32F4xx_HAL_Driver/Src/stm32f4xx_hal_cortex.o
 .text.__NVIC_GetPriorityGrouping
                0x08002b3c       0x1c ./Drivers/STM32F4xx_HAL_Driver/Src/stm32f4xx_hal_cortex.o
 .text.__NVIC_EnableIRQ
                0x08002b58       0x3c ./Drivers/STM32F4xx_HAL_Driver/Src/stm32f4xx_hal_cortex.o
 .text.__NVIC_SetPriority
                0x08002b94       0x54 ./Drivers/STM32F4xx_HAL_Driver/Src/stm32f4xx_hal_cortex.o
 .text.NVIC_EncodePriority
                0x08002be8       0x66 ./Drivers/STM32F4xx_HAL_Driver/Src/stm32f4xx_hal_cortex.o
 *fill*         0x08002c4e        0x2 
 .text.SysTick_Config
                0x08002c50       0x44 ./Drivers/STM32F4xx_HAL_Driver/Src/stm32f4xx_hal_cortex.o
 .text.HAL_NVIC_SetPriorityGrouping
                0x08002c94       0x16 ./Drivers/STM32F4xx_HAL_Driver/Src/stm32f4xx_hal_cortex.o
                0x08002c94                HAL_NVIC_SetPriorityGrouping
 .text.HAL_NVIC_SetPriority
                0x08002caa       0x38 ./Drivers/STM32F4xx_HAL_Driver/Src/stm32f4xx_hal_cortex.o
                0x08002caa                HAL_NVIC_SetPriority
 .text.HAL_NVIC_EnableIRQ
                0x08002ce2       0x1c ./Drivers/STM32F4xx_HAL_Driver/Src/stm32f4xx_hal_cortex.o
                0x08002ce2                HAL_NVIC_EnableIRQ
 .text.HAL_SYSTICK_Config
                0x08002cfe       0x18 ./Drivers/STM32F4xx_HAL_Driver/Src/stm32f4xx_hal_cortex.o
                0x08002cfe                HAL_SYSTICK_Config
 *fill*         0x08002d16        0x2 
 .text.HAL_GPIO_Init
                0x08002d18      0x338 ./Drivers/STM32F4xx_HAL_Driver/Src/stm32f4xx_hal_gpio.o
                0x08002d18                HAL_GPIO_Init
 .text.HAL_GPIO_WritePin
                0x08003050       0x32 ./Drivers/STM32F4xx_HAL_Driver/Src/stm32f4xx_hal_gpio.o
                0x08003050                HAL_GPIO_WritePin
 *fill*         0x08003082        0x2 
 .text.HAL_I2C_Init
                0x08003084      0x288 ./Drivers/STM32F4xx_HAL_Driver/Src/stm32f4xx_hal_i2c.o
                0x08003084                HAL_I2C_Init
 .text.HAL_I2C_Mem_Write
                0x0800330c      0x1f4 ./Drivers/STM32F4xx_HAL_Driver/Src/stm32f4xx_hal_i2c.o
                0x0800330c                HAL_I2C_Mem_Write
 .text.HAL_I2C_Mem_Read
                0x08003500      0x464 ./Drivers/STM32F4xx_HAL_Driver/Src/stm32f4xx_hal_i2c.o
                0x08003500                HAL_I2C_Mem_Read
 .text.HAL_I2C_IsDeviceReady
                0x08003964      0x25c ./Drivers/STM32F4xx_HAL_Driver/Src/stm32f4xx_hal_i2c.o
                0x08003964                HAL_I2C_IsDeviceReady
 .text.I2C_RequestMemoryWrite
                0x08003bc0      0x12c ./Drivers/STM32F4xx_HAL_Driver/Src/stm32f4xx_hal_i2c.o
 .text.I2C_RequestMemoryRead
                0x08003cec      0x1d0 ./Drivers/STM32F4xx_HAL_Driver/Src/stm32f4xx_hal_i2c.o
 .text.I2C_WaitOnFlagUntilTimeout
                0x08003ebc       0xf4 ./Drivers/STM32F4xx_HAL_Driver/Src/stm32f4xx_hal_i2c.o
 .text.I2C_WaitOnMasterAddressFlagUntilTimeout
                0x08003fb0      0x140 ./Drivers/STM32F4xx_HAL_Driver/Src/stm32f4xx_hal_i2c.o
 .text.I2C_WaitOnTXEFlagUntilTimeout
                0x080040f0       0x90 ./Drivers/STM32F4xx_HAL_Driver/Src/stm32f4xx_hal_i2c.o
 .text.I2C_WaitOnBTFFlagUntilTimeout
                0x08004180       0x90 ./Drivers/STM32F4xx_HAL_Driver/Src/stm32f4xx_hal_i2c.o
 .text.I2C_WaitOnRXNEFlagUntilTimeout
                0x08004210       0xba ./Drivers/STM32F4xx_HAL_Driver/Src/stm32f4xx_hal_i2c.o
 .text.I2C_IsAcknowledgeFailed
                0x080042ca       0x5e ./Drivers/STM32F4xx_HAL_Driver/Src/stm32f4xx_hal_i2c.o
 .text.HAL_RCC_OscConfig
                0x08004328      0x4f0 ./Drivers/STM32F4xx_HAL_Driver/Src/stm32f4xx_hal_rcc.o
                0x08004328                HAL_RCC_OscConfig
 .text.HAL_RCC_ClockConfig
                0x08004818      0x1cc ./Drivers/STM32F4xx_HAL_Driver/Src/stm32f4xx_hal_rcc.o
                0x08004818                HAL_RCC_ClockConfig
 .text.HAL_RCC_GetSysClockFreq
                0x080049e4      0x20c ./Drivers/STM32F4xx_HAL_Driver/Src/stm32f4xx_hal_rcc.o
                0x080049e4                HAL_RCC_GetSysClockFreq
 .text.HAL_RCC_GetHCLKFreq
                0x08004bf0       0x18 ./Drivers/STM32F4xx_HAL_Driver/Src/stm32f4xx_hal_rcc.o
                0x08004bf0                HAL_RCC_GetHCLKFreq
 .text.HAL_RCC_GetPCLK1Freq
                0x08004c08       0x28 ./Drivers/STM32F4xx_HAL_Driver/Src/stm32f4xx_hal_rcc.o
                0x08004c08                HAL_RCC_GetPCLK1Freq
 .text.HAL_SPI_Init
                0x08004c30      0x112 ./Drivers/STM32F4xx_HAL_Driver/Src/stm32f4xx_hal_spi.o
                0x08004c30                HAL_SPI_Init
 .text.HAL_SPI_Transmit
                0x08004d42      0x286 ./Drivers/STM32F4xx_HAL_Driver/Src/stm32f4xx_hal_spi.o
                0x08004d42                HAL_SPI_Transmit
 .text.HAL_SPI_Receive
                0x08004fc8      0x230 ./Drivers/STM32F4xx_HAL_Driver/Src/stm32f4xx_hal_spi.o
                0x08004fc8                HAL_SPI_Receive
 .text.HAL_SPI_TransmitReceive
                0x080051f8      0x360 ./Drivers/STM32F4xx_HAL_Driver/Src/stm32f4xx_hal_spi.o
                0x080051f8                HAL_SPI_TransmitReceive
 .text.SPI_WaitFlagStateUntilTimeout
                0x08005558      0x110 ./Drivers/STM32F4xx_HAL_Driver/Src/stm32f4xx_hal_spi.o
 .text.SPI_EndRxTransaction
                0x08005668       0xca ./Drivers/STM32F4xx_HAL_Driver/Src/stm32f4xx_hal_spi.o
 *fill*         0x08005732        0x2 
 .text.SPI_EndRxTxTransaction
                0x08005734       0xa8 ./Drivers/STM32F4xx_HAL_Driver/Src/stm32f4xx_hal_spi.o
 .text.HAL_SRAM_Init
                0x080057dc       0x90 ./Drivers/STM32F4xx_HAL_Driver/Src/stm32f4xx_hal_sram.o
                0x080057dc                HAL_SRAM_Init
 .text.HAL_TIM_Base_Init
                0x0800586c       0x9e ./Drivers/STM32F4xx_HAL_Driver/Src/stm32f4xx_hal_tim.o
                0x0800586c                HAL_TIM_Base_Init
 *fill*         0x0800590a        0x2 
 .text.HAL_TIM_Base_Start_IT
                0x0800590c       0xe0 ./Drivers/STM32F4xx_HAL_Driver/Src/stm32f4xx_hal_tim.o
                0x0800590c                HAL_TIM_Base_Start_IT
 .text.HAL_TIM_IRQHandler
                0x080059ec      0x1e0 ./Drivers/STM32F4xx_HAL_Driver/Src/stm32f4xx_hal_tim.o
                0x080059ec                HAL_TIM_IRQHandler
 .text.HAL_TIM_ConfigClockSource
                0x08005bcc      0x18e ./Drivers/STM32F4xx_HAL_Driver/Src/stm32f4xx_hal_tim.o
                0x08005bcc                HAL_TIM_ConfigClockSource
 .text.HAL_TIM_OC_DelayElapsedCallback
                0x08005d5a       0x14 ./Drivers/STM32F4xx_HAL_Driver/Src/stm32f4xx_hal_tim.o
                0x08005d5a                HAL_TIM_OC_DelayElapsedCallback
 .text.HAL_TIM_IC_CaptureCallback
                0x08005d6e       0x14 ./Drivers/STM32F4xx_HAL_Driver/Src/stm32f4xx_hal_tim.o
                0x08005d6e                HAL_TIM_IC_CaptureCallback
 .text.HAL_TIM_PWM_PulseFinishedCallback
                0x08005d82       0x14 ./Drivers/STM32F4xx_HAL_Driver/Src/stm32f4xx_hal_tim.o
                0x08005d82                HAL_TIM_PWM_PulseFinishedCallback
 .text.HAL_TIM_TriggerCallback
                0x08005d96       0x14 ./Drivers/STM32F4xx_HAL_Driver/Src/stm32f4xx_hal_tim.o
                0x08005d96                HAL_TIM_TriggerCallback
 *fill*         0x08005daa        0x2 
 .text.TIM_Base_SetConfig
                0x08005dac      0x158 ./Drivers/STM32F4xx_HAL_Driver/Src/stm32f4xx_hal_tim.o
                0x08005dac                TIM_Base_SetConfig
 .text.TIM_TI1_ConfigInputStage
                0x08005f04       0x5e ./Drivers/STM32F4xx_HAL_Driver/Src/stm32f4xx_hal_tim.o
 .text.TIM_TI2_ConfigInputStage
                0x08005f62       0x60 ./Drivers/STM32F4xx_HAL_Driver/Src/stm32f4xx_hal_tim.o
 .text.TIM_ITRx_SetConfig
                0x08005fc2       0x36 ./Drivers/STM32F4xx_HAL_Driver/Src/stm32f4xx_hal_tim.o
 .text.TIM_ETR_SetConfig
                0x08005ff8       0x40 ./Drivers/STM32F4xx_HAL_Driver/Src/stm32f4xx_hal_tim.o
                0x08005ff8                TIM_ETR_SetConfig
 .text.HAL_TIMEx_MasterConfigSynchronization
                0x08006038       0xf8 ./Drivers/STM32F4xx_HAL_Driver/Src/stm32f4xx_hal_tim_ex.o
                0x08006038                HAL_TIMEx_MasterConfigSynchronization
 .text.HAL_TIMEx_CommutCallback
                0x08006130       0x14 ./Drivers/STM32F4xx_HAL_Driver/Src/stm32f4xx_hal_tim_ex.o
                0x08006130                HAL_TIMEx_CommutCallback
 .text.HAL_TIMEx_BreakCallback
                0x08006144       0x14 ./Drivers/STM32F4xx_HAL_Driver/Src/stm32f4xx_hal_tim_ex.o
                0x08006144                HAL_TIMEx_BreakCallback
 .text.FSMC_NORSRAM_Init
                0x08006158       0xd4 ./Drivers/STM32F4xx_HAL_Driver/Src/stm32f4xx_ll_fsmc.o
                0x08006158                FSMC_NORSRAM_Init
 .text.FSMC_NORSRAM_Timing_Init
                0x0800622c       0x6a ./Drivers/STM32F4xx_HAL_Driver/Src/stm32f4xx_ll_fsmc.o
                0x0800622c                FSMC_NORSRAM_Timing_Init
 *fill*         0x08006296        0x2 
 .text.FSMC_NORSRAM_Extended_Timing_Init
                0x08006298       0x70 ./Drivers/STM32F4xx_HAL_Driver/Src/stm32f4xx_ll_fsmc.o
                0x08006298                FSMC_NORSRAM_Extended_Timing_Init
 .text.memset   0x08006308       0x10 D:/.xinstall/STM32CubeIDE_1.7.0/STM32CubeIDE/plugins/com.st.stm32cube.ide.mcu.externaltools.gnu-tools-for-stm32.12.3.rel1.win32_1.1.0.202410251130/tools/bin/../lib/gcc/arm-none-eabi/12.3.1/../../../../arm-none-eabi/lib/thumb/v7e-m+fp/hard\libc_nano.a(libc_a-memset.o)
                0x08006308                memset
 .text.__libc_init_array
                0x08006318       0x48 D:/.xinstall/STM32CubeIDE_1.7.0/STM32CubeIDE/plugins/com.st.stm32cube.ide.mcu.externaltools.gnu-tools-for-stm32.12.3.rel1.win32_1.1.0.202410251130/tools/bin/../lib/gcc/arm-none-eabi/12.3.1/../../../../arm-none-eabi/lib/thumb/v7e-m+fp/hard\libc_nano.a(libc_a-init.o)
                0x08006318                __libc_init_array
 *(.glue_7)
 .glue_7        0x08006360        0x0 linker stubs
 *(.glue_7t)
 .glue_7t       0x08006360        0x0 linker stubs
 *(.eh_frame)
 .eh_frame      0x08006360        0x0 D:/.xinstall/STM32CubeIDE_1.7.0/STM32CubeIDE/plugins/com.st.stm32cube.ide.mcu.externaltools.gnu-tools-for-stm32.12.3.rel1.win32_1.1.0.202410251130/tools/bin/../lib/gcc/arm-none-eabi/12.3.1/thumb/v7e-m+fp/hard/crtbegin.o
 *(.init)
 .init          0x08006360        0x4 D:/.xinstall/STM32CubeIDE_1.7.0/STM32CubeIDE/plugins/com.st.stm32cube.ide.mcu.externaltools.gnu-tools-for-stm32.12.3.rel1.win32_1.1.0.202410251130/tools/bin/../lib/gcc/arm-none-eabi/12.3.1/thumb/v7e-m+fp/hard/crti.o
                0x08006360                _init
 .init          0x08006364        0x8 D:/.xinstall/STM32CubeIDE_1.7.0/STM32CubeIDE/plugins/com.st.stm32cube.ide.mcu.externaltools.gnu-tools-for-stm32.12.3.rel1.win32_1.1.0.202410251130/tools/bin/../lib/gcc/arm-none-eabi/12.3.1/thumb/v7e-m+fp/hard/crtn.o
 *(.fini)
 .fini          0x0800636c        0x4 D:/.xinstall/STM32CubeIDE_1.7.0/STM32CubeIDE/plugins/com.st.stm32cube.ide.mcu.externaltools.gnu-tools-for-stm32.12.3.rel1.win32_1.1.0.202410251130/tools/bin/../lib/gcc/arm-none-eabi/12.3.1/thumb/v7e-m+fp/hard/crti.o
                0x0800636c                _fini
 .fini          0x08006370        0x8 D:/.xinstall/STM32CubeIDE_1.7.0/STM32CubeIDE/plugins/com.st.stm32cube.ide.mcu.externaltools.gnu-tools-for-stm32.12.3.rel1.win32_1.1.0.202410251130/tools/bin/../lib/gcc/arm-none-eabi/12.3.1/thumb/v7e-m+fp/hard/crtn.o
                0x08006378                        . = ALIGN (0x4)
                0x08006378                        _etext = .

.vfp11_veneer   0x08006378        0x0
 .vfp11_veneer  0x08006378        0x0 linker stubs

.v4_bx          0x08006378        0x0
 .v4_bx         0x08006378        0x0 linker stubs

.iplt           0x08006378        0x0
 .iplt          0x08006378        0x0 D:/.xinstall/STM32CubeIDE_1.7.0/STM32CubeIDE/plugins/com.st.stm32cube.ide.mcu.externaltools.gnu-tools-for-stm32.12.3.rel1.win32_1.1.0.202410251130/tools/bin/../lib/gcc/arm-none-eabi/12.3.1/thumb/v7e-m+fp/hard/crtbegin.o

.rodata         0x08006378     0x2fdc
                0x08006378                        . = ALIGN (0x4)
 *(.rodata)
 .rodata        0x08006378       0x41 ./Core/Src/main.o
 *(.rodata*)
 *fill*         0x080063b9        0x3 
 .rodata.ascii_1608
                0x080063bc      0x5f0 ./Core/Src/lcd.o
                0x080063bc                ascii_1608
 .rodata.ascii_2412
                0x080069ac     0x11d0 ./Core/Src/lcd.o
                0x080069ac                ascii_2412
 .rodata.ascii_3216
                0x08007b7c     0x17c0 ./Core/Src/lcd.o
                0x08007b7c                ascii_3216
 .rodata.AHBPrescTable
                0x0800933c       0x10 ./Core/Src/system_stm32f4xx.o
                0x0800933c                AHBPrescTable
 .rodata.APBPrescTable
                0x0800934c        0x8 ./Core/Src/system_stm32f4xx.o
                0x0800934c                APBPrescTable
                0x08009354                        . = ALIGN (0x4)

.ARM.extab      0x08009354        0x0
                0x08009354                        . = ALIGN (0x4)
 *(.ARM.extab* .gnu.linkonce.armextab.*)
                0x08009354                        . = ALIGN (0x4)

.ARM            0x08009354        0x8
                0x08009354                        . = ALIGN (0x4)
                0x08009354                        __exidx_start = .
 *(.ARM.exidx*)
 .ARM.exidx     0x08009354        0x8 D:/.xinstall/STM32CubeIDE_1.7.0/STM32CubeIDE/plugins/com.st.stm32cube.ide.mcu.externaltools.gnu-tools-for-stm32.12.3.rel1.win32_1.1.0.202410251130/tools/bin/../lib/gcc/arm-none-eabi/12.3.1/../../../../arm-none-eabi/lib/thumb/v7e-m+fp/hard\libc_nano.a(libc_a-strlen.o)
 .ARM.exidx     0x0800935c        0x0 D:/.xinstall/STM32CubeIDE_1.7.0/STM32CubeIDE/plugins/com.st.stm32cube.ide.mcu.externaltools.gnu-tools-for-stm32.12.3.rel1.win32_1.1.0.202410251130/tools/bin/../lib/gcc/arm-none-eabi/12.3.1/thumb/v7e-m+fp/hard\libgcc.a(_udivmoddi4.o)
                                  0x8 (size before relaxing)
                0x0800935c                        __exidx_end = .
                0x0800935c                        . = ALIGN (0x4)

.rel.dyn        0x0800935c        0x0
 .rel.iplt      0x0800935c        0x0 D:/.xinstall/STM32CubeIDE_1.7.0/STM32CubeIDE/plugins/com.st.stm32cube.ide.mcu.externaltools.gnu-tools-for-stm32.12.3.rel1.win32_1.1.0.202410251130/tools/bin/../lib/gcc/arm-none-eabi/12.3.1/thumb/v7e-m+fp/hard/crtbegin.o

.preinit_array  0x0800935c        0x0
                0x0800935c                        . = ALIGN (0x4)
                0x0800935c                        PROVIDE (__preinit_array_start = .)
 *(.preinit_array*)
                0x0800935c                        PROVIDE (__preinit_array_end = .)
                0x0800935c                        . = ALIGN (0x4)

.init_array     0x0800935c        0x4
                0x0800935c                        . = ALIGN (0x4)
                0x0800935c                        PROVIDE (__init_array_start = .)
 *(SORT_BY_NAME(.init_array.*))
 *(.init_array*)
 .init_array    0x0800935c        0x4 D:/.xinstall/STM32CubeIDE_1.7.0/STM32CubeIDE/plugins/com.st.stm32cube.ide.mcu.externaltools.gnu-tools-for-stm32.12.3.rel1.win32_1.1.0.202410251130/tools/bin/../lib/gcc/arm-none-eabi/12.3.1/thumb/v7e-m+fp/hard/crtbegin.o
                0x08009360                        PROVIDE (__init_array_end = .)
                0x08009360                        . = ALIGN (0x4)

.fini_array     0x08009360        0x4
                0x08009360                        . = ALIGN (0x4)
                [!provide]                        PROVIDE (__fini_array_start = .)
 *(SORT_BY_NAME(.fini_array.*))
 *(.fini_array*)
 .fini_array    0x08009360        0x4 D:/.xinstall/STM32CubeIDE_1.7.0/STM32CubeIDE/plugins/com.st.stm32cube.ide.mcu.externaltools.gnu-tools-for-stm32.12.3.rel1.win32_1.1.0.202410251130/tools/bin/../lib/gcc/arm-none-eabi/12.3.1/thumb/v7e-m+fp/hard/crtbegin.o
                [!provide]                        PROVIDE (__fini_array_end = .)
                0x08009364                        . = ALIGN (0x4)
                0x08009364                        _sidata = LOADADDR (.data)

.data           0x20000000       0x14 load address 0x08009364
                0x20000000                        . = ALIGN (0x4)
                0x20000000                        _sdata = .
 *(.data)
 *(.data*)
 .data.led7seg  0x20000000        0x4 ./Core/Src/led_7seg.o
                0x20000000                led7seg
 .data.spi_buffer
                0x20000004        0x2 ./Core/Src/led_7seg.o
                0x20000004                spi_buffer
 *fill*         0x20000006        0x2 
 .data.SystemCoreClock
                0x20000008        0x4 ./Core/Src/system_stm32f4xx.o
                0x20000008                SystemCoreClock
 .data.uwTickPrio
                0x2000000c        0x4 ./Drivers/STM32F4xx_HAL_Driver/Src/stm32f4xx_hal.o
                0x2000000c                uwTickPrio
 .data.uwTickFreq
                0x20000010        0x1 ./Drivers/STM32F4xx_HAL_Driver/Src/stm32f4xx_hal.o
                0x20000010                uwTickFreq
 *(.RamFunc)
 *(.RamFunc*)
                0x20000014                        . = ALIGN (0x4)
 *fill*         0x20000011        0x3 
                0x20000014                        _edata = .
                0x08009378                        _siccmram = LOADADDR (.ccmram)

.igot.plt       0x20000014        0x0 load address 0x08009378
 .igot.plt      0x20000014        0x0 D:/.xinstall/STM32CubeIDE_1.7.0/STM32CubeIDE/plugins/com.st.stm32cube.ide.mcu.externaltools.gnu-tools-for-stm32.12.3.rel1.win32_1.1.0.202410251130/tools/bin/../lib/gcc/arm-none-eabi/12.3.1/thumb/v7e-m+fp/hard/crtbegin.o

.ccmram         0x10000000        0x0 load address 0x08009378
                0x10000000                        . = ALIGN (0x4)
                0x10000000                        _sccmram = .
 *(.ccmram)
 *(.ccmram*)
                0x10000000                        . = ALIGN (0x4)
                0x10000000                        _eccmram = .
                0x10000000                        . = ALIGN (0x4)

.bss            0x20000014      0x1d0
                0x20000014                        _sbss = .
                0x20000014                        __bss_start__ = _sbss
 *(.bss)
 .bss           0x20000014       0x1c D:/.xinstall/STM32CubeIDE_1.7.0/STM32CubeIDE/plugins/com.st.stm32cube.ide.mcu.externaltools.gnu-tools-for-stm32.12.3.rel1.win32_1.1.0.202410251130/tools/bin/../lib/gcc/arm-none-eabi/12.3.1/thumb/v7e-m+fp/hard/crtbegin.o
 *(.bss*)
 .bss.button_count
                0x20000030       0x20 ./Core/Src/button.o
                0x20000030                button_count
 .bss.spi_button
                0x20000050        0x2 ./Core/Src/button.o
                0x20000050                spi_button
 *fill*         0x20000052        0x2 
 .bss.ds3231_buffer
                0x20000054        0x7 ./Core/Src/ds3231.o
                0x20000054                ds3231_buffer
 .bss.ds3231_hours
                0x2000005b        0x1 ./Core/Src/ds3231.o
                0x2000005b                ds3231_hours
 .bss.ds3231_min
                0x2000005c        0x1 ./Core/Src/ds3231.o
                0x2000005c                ds3231_min
 .bss.ds3231_sec
                0x2000005d        0x1 ./Core/Src/ds3231.o
                0x2000005d                ds3231_sec
 .bss.ds3231_date
                0x2000005e        0x1 ./Core/Src/ds3231.o
                0x2000005e                ds3231_date
 .bss.ds3231_day
                0x2000005f        0x1 ./Core/Src/ds3231.o
                0x2000005f                ds3231_day
 .bss.ds3231_month
                0x20000060        0x1 ./Core/Src/ds3231.o
                0x20000060                ds3231_month
 .bss.ds3231_year
                0x20000061        0x1 ./Core/Src/ds3231.o
                0x20000061                ds3231_year
 *fill*         0x20000062        0x2 
 .bss.hsram1    0x20000064       0x50 ./Core/Src/fsmc.o
                0x20000064                hsram1
 .bss.FSMC_Initialized
                0x200000b4        0x4 ./Core/Src/fsmc.o
 .bss.hi2c1     0x200000b8       0x54 ./Core/Src/i2c.o
                0x200000b8                hi2c1
 .bss.lcddev    0x2000010c        0x6 ./Core/Src/lcd.o
                0x2000010c                lcddev
 *fill*         0x20000112        0x2 
 .bss.led7_index
                0x20000114        0x4 ./Core/Src/led_7seg.o
                0x20000114                led7_index
 .bss.count_modify
                0x20000118        0x1 ./Core/Src/main.o
                0x20000118                count_modify
 .bss.count_timer
                0x20000119        0x1 ./Core/Src/main.o
                0x20000119                count_timer
 .bss.temp      0x2000011a        0x1 ./Core/Src/main.o
                0x2000011a                temp
 .bss.temp_timer
                0x2000011b        0x1 ./Core/Src/main.o
                0x2000011b                temp_timer
 .bss.flag      0x2000011c        0x1 ./Core/Src/main.o
                0x2000011c                flag
 .bss.currentMode
                0x2000011d        0x1 ./Core/Src/main.o
                0x2000011d                currentMode
 *fill*         0x2000011e        0x2 
 .bss.temp_time
                0x20000120        0x7 ./Core/Src/main.o
                0x20000120                temp_time
 *fill*         0x20000127        0x1 
 .bss.timer     0x20000128        0x7 ./Core/Src/main.o
                0x20000128                timer
 *fill*         0x2000012f        0x1 
 .bss.timerPresent
                0x20000130        0x7 ./Core/Src/main.o
                0x20000130                timerPresent
 *fill*         0x20000137        0x1 
 .bss.flag_timer2
                0x20000138        0x2 ./Core/Src/software_timer.o
                0x20000138                flag_timer2
 .bss.timer2_counter
                0x2000013a        0x2 ./Core/Src/software_timer.o
                0x2000013a                timer2_counter
 .bss.timer2_MUL
                0x2000013c        0x2 ./Core/Src/software_timer.o
                0x2000013c                timer2_MUL
 *fill*         0x2000013e        0x2 
 .bss.hspi1     0x20000140       0x58 ./Core/Src/spi.o
                0x20000140                hspi1
 .bss.htim2     0x20000198       0x48 ./Core/Src/tim.o
                0x20000198                htim2
 .bss.uwTick    0x200001e0        0x4 ./Drivers/STM32F4xx_HAL_Driver/Src/stm32f4xx_hal.o
                0x200001e0                uwTick
 *(COMMON)
                0x200001e4                        . = ALIGN (0x4)
                0x200001e4                        _ebss = .
                0x200001e4                        __bss_end__ = _ebss

._user_heap_stack
                0x200001e4      0x604
                0x200001e8                        . = ALIGN (0x8)
 *fill*         0x200001e4        0x4 
                [!provide]                        PROVIDE (end = .)
                0x200001e8                        PROVIDE (_end = .)
                0x200003e8                        . = (. + _Min_Heap_Size)
 *fill*         0x200001e8      0x200 
                0x200007e8                        . = (. + _Min_Stack_Size)
 *fill*         0x200003e8      0x400 
                0x200007e8                        . = ALIGN (0x8)

/DISCARD/
 libc.a(*)
 libm.a(*)
 libgcc.a(*)

.ARM.attributes
                0x00000000       0x30
 *(.ARM.attributes)
 .ARM.attributes
                0x00000000       0x22 D:/.xinstall/STM32CubeIDE_1.7.0/STM32CubeIDE/plugins/com.st.stm32cube.ide.mcu.externaltools.gnu-tools-for-stm32.12.3.rel1.win32_1.1.0.202410251130/tools/bin/../lib/gcc/arm-none-eabi/12.3.1/thumb/v7e-m+fp/hard/crti.o
 .ARM.attributes
                0x00000022       0x34 D:/.xinstall/STM32CubeIDE_1.7.0/STM32CubeIDE/plugins/com.st.stm32cube.ide.mcu.externaltools.gnu-tools-for-stm32.12.3.rel1.win32_1.1.0.202410251130/tools/bin/../lib/gcc/arm-none-eabi/12.3.1/thumb/v7e-m+fp/hard/crtbegin.o
 .ARM.attributes
                0x00000056       0x34 ./Core/Src/button.o
 .ARM.attributes
                0x0000008a       0x34 ./Core/Src/ds3231.o
 .ARM.attributes
                0x000000be       0x34 ./Core/Src/fsmc.o
 .ARM.attributes
                0x000000f2       0x34 ./Core/Src/gpio.o
 .ARM.attributes
                0x00000126       0x34 ./Core/Src/i2c.o
 .ARM.attributes
                0x0000015a       0x34 ./Core/Src/lcd.o
 .ARM.attributes
                0x0000018e       0x34 ./Core/Src/led_7seg.o
 .ARM.attributes
                0x000001c2       0x34 ./Core/Src/main.o
 .ARM.attributes
                0x000001f6       0x34 ./Core/Src/software_timer.o
 .ARM.attributes
                0x0000022a       0x34 ./Core/Src/spi.o
 .ARM.attributes
                0x0000025e       0x34 ./Core/Src/stm32f4xx_hal_msp.o
 .ARM.attributes
                0x00000292       0x34 ./Core/Src/stm32f4xx_it.o
 .ARM.attributes
                0x000002c6       0x34 ./Core/Src/system_stm32f4xx.o
 .ARM.attributes
                0x000002fa       0x34 ./Core/Src/tim.o
 .ARM.attributes
                0x0000032e       0x34 ./Core/Src/utils.o
 .ARM.attributes
                0x00000362       0x21 ./Core/Startup/startup_stm32f407zetx.o
 .ARM.attributes
                0x00000383       0x34 ./Drivers/STM32F4xx_HAL_Driver/Src/stm32f4xx_hal.o
 .ARM.attributes
                0x000003b7       0x34 ./Drivers/STM32F4xx_HAL_Driver/Src/stm32f4xx_hal_cortex.o
 .ARM.attributes
                0x000003eb       0x34 ./Drivers/STM32F4xx_HAL_Driver/Src/stm32f4xx_hal_gpio.o
 .ARM.attributes
                0x0000041f       0x34 ./Drivers/STM32F4xx_HAL_Driver/Src/stm32f4xx_hal_i2c.o
 .ARM.attributes
                0x00000453       0x34 ./Drivers/STM32F4xx_HAL_Driver/Src/stm32f4xx_hal_rcc.o
 .ARM.attributes
                0x00000487       0x34 ./Drivers/STM32F4xx_HAL_Driver/Src/stm32f4xx_hal_spi.o
 .ARM.attributes
                0x000004bb       0x34 ./Drivers/STM32F4xx_HAL_Driver/Src/stm32f4xx_hal_sram.o
 .ARM.attributes
                0x000004ef       0x34 ./Drivers/STM32F4xx_HAL_Driver/Src/stm32f4xx_hal_tim.o
 .ARM.attributes
                0x00000523       0x34 ./Drivers/STM32F4xx_HAL_Driver/Src/stm32f4xx_hal_tim_ex.o
 .ARM.attributes
                0x00000557       0x34 ./Drivers/STM32F4xx_HAL_Driver/Src/stm32f4xx_ll_fsmc.o
 .ARM.attributes
                0x0000058b       0x34 D:/.xinstall/STM32CubeIDE_1.7.0/STM32CubeIDE/plugins/com.st.stm32cube.ide.mcu.externaltools.gnu-tools-for-stm32.12.3.rel1.win32_1.1.0.202410251130/tools/bin/../lib/gcc/arm-none-eabi/12.3.1/../../../../arm-none-eabi/lib/thumb/v7e-m+fp/hard\libc_nano.a(libc_a-memset.o)
 .ARM.attributes
                0x000005bf       0x34 D:/.xinstall/STM32CubeIDE_1.7.0/STM32CubeIDE/plugins/com.st.stm32cube.ide.mcu.externaltools.gnu-tools-for-stm32.12.3.rel1.win32_1.1.0.202410251130/tools/bin/../lib/gcc/arm-none-eabi/12.3.1/../../../../arm-none-eabi/lib/thumb/v7e-m+fp/hard\libc_nano.a(libc_a-init.o)
 .ARM.attributes
                0x000005f3       0x17 D:/.xinstall/STM32CubeIDE_1.7.0/STM32CubeIDE/plugins/com.st.stm32cube.ide.mcu.externaltools.gnu-tools-for-stm32.12.3.rel1.win32_1.1.0.202410251130/tools/bin/../lib/gcc/arm-none-eabi/12.3.1/../../../../arm-none-eabi/lib/thumb/v7e-m+fp/hard\libc_nano.a(libc_a-strlen.o)
 .ARM.attributes
                0x0000060a       0x22 D:/.xinstall/STM32CubeIDE_1.7.0/STM32CubeIDE/plugins/com.st.stm32cube.ide.mcu.externaltools.gnu-tools-for-stm32.12.3.rel1.win32_1.1.0.202410251130/tools/bin/../lib/gcc/arm-none-eabi/12.3.1/thumb/v7e-m+fp/hard\libgcc.a(_aeabi_uldivmod.o)
 .ARM.attributes
                0x0000062c       0x34 D:/.xinstall/STM32CubeIDE_1.7.0/STM32CubeIDE/plugins/com.st.stm32cube.ide.mcu.externaltools.gnu-tools-for-stm32.12.3.rel1.win32_1.1.0.202410251130/tools/bin/../lib/gcc/arm-none-eabi/12.3.1/thumb/v7e-m+fp/hard\libgcc.a(_udivmoddi4.o)
 .ARM.attributes
                0x00000660       0x22 D:/.xinstall/STM32CubeIDE_1.7.0/STM32CubeIDE/plugins/com.st.stm32cube.ide.mcu.externaltools.gnu-tools-for-stm32.12.3.rel1.win32_1.1.0.202410251130/tools/bin/../lib/gcc/arm-none-eabi/12.3.1/thumb/v7e-m+fp/hard\libgcc.a(_dvmd_tls.o)
 .ARM.attributes
                0x00000682       0x22 D:/.xinstall/STM32CubeIDE_1.7.0/STM32CubeIDE/plugins/com.st.stm32cube.ide.mcu.externaltools.gnu-tools-for-stm32.12.3.rel1.win32_1.1.0.202410251130/tools/bin/../lib/gcc/arm-none-eabi/12.3.1/thumb/v7e-m+fp/hard/crtn.o
OUTPUT(Bai4_I2C_Realtimeclock.elf elf32-littlearm)
LOAD linker stubs
LOAD D:/.xinstall/STM32CubeIDE_1.7.0/STM32CubeIDE/plugins/com.st.stm32cube.ide.mcu.externaltools.gnu-tools-for-stm32.12.3.rel1.win32_1.1.0.202410251130/tools/bin/../lib/gcc/arm-none-eabi/12.3.1/../../../../arm-none-eabi/lib/thumb/v7e-m+fp/hard\libc.a
LOAD D:/.xinstall/STM32CubeIDE_1.7.0/STM32CubeIDE/plugins/com.st.stm32cube.ide.mcu.externaltools.gnu-tools-for-stm32.12.3.rel1.win32_1.1.0.202410251130/tools/bin/../lib/gcc/arm-none-eabi/12.3.1/../../../../arm-none-eabi/lib/thumb/v7e-m+fp/hard\libm.a
LOAD D:/.xinstall/STM32CubeIDE_1.7.0/STM32CubeIDE/plugins/com.st.stm32cube.ide.mcu.externaltools.gnu-tools-for-stm32.12.3.rel1.win32_1.1.0.202410251130/tools/bin/../lib/gcc/arm-none-eabi/12.3.1/thumb/v7e-m+fp/hard\libgcc.a

.debug_info     0x00000000    0x1281c
 .debug_info    0x00000000      0x76e ./Core/Src/button.o
 .debug_info    0x0000076e      0x7d5 ./Core/Src/ds3231.o
 .debug_info    0x00000f43      0x9ee ./Core/Src/fsmc.o
 .debug_info    0x00001931      0x45d ./Core/Src/gpio.o
 .debug_info    0x00001d8e      0x968 ./Core/Src/i2c.o
 .debug_info    0x000026f6      0xe10 ./Core/Src/lcd.o
 .debug_info    0x00003506      0x803 ./Core/Src/led_7seg.o
 .debug_info    0x00003d09      0x9ce ./Core/Src/main.o
 .debug_info    0x000046d7      0x744 ./Core/Src/software_timer.o
 .debug_info    0x00004e1b      0x943 ./Core/Src/spi.o
 .debug_info    0x0000575e      0x269 ./Core/Src/stm32f4xx_hal_msp.o
 .debug_info    0x000059c7      0x6e1 ./Core/Src/stm32f4xx_it.o
 .debug_info    0x000060a8      0x512 ./Core/Src/system_stm32f4xx.o
 .debug_info    0x000065ba      0xc03 ./Core/Src/tim.o
 .debug_info    0x000071bd       0xd5 ./Core/Src/utils.o
 .debug_info    0x00007292       0x30 ./Core/Startup/startup_stm32f407zetx.o
 .debug_info    0x000072c2      0x944 ./Drivers/STM32F4xx_HAL_Driver/Src/stm32f4xx_hal.o
 .debug_info    0x00007c06      0xd57 ./Drivers/STM32F4xx_HAL_Driver/Src/stm32f4xx_hal_cortex.o
 .debug_info    0x0000895d      0x6c3 ./Drivers/STM32F4xx_HAL_Driver/Src/stm32f4xx_hal_gpio.o
 .debug_info    0x00009020     0x2415 ./Drivers/STM32F4xx_HAL_Driver/Src/stm32f4xx_hal_i2c.o
 .debug_info    0x0000b435      0x8b1 ./Drivers/STM32F4xx_HAL_Driver/Src/stm32f4xx_hal_rcc.o
 .debug_info    0x0000bce6     0x15fb ./Drivers/STM32F4xx_HAL_Driver/Src/stm32f4xx_hal_spi.o
 .debug_info    0x0000d2e1      0xd39 ./Drivers/STM32F4xx_HAL_Driver/Src/stm32f4xx_hal_sram.o
 .debug_info    0x0000e01a     0x299d ./Drivers/STM32F4xx_HAL_Driver/Src/stm32f4xx_hal_tim.o
 .debug_info    0x000109b7     0x14db ./Drivers/STM32F4xx_HAL_Driver/Src/stm32f4xx_hal_tim_ex.o
 .debug_info    0x00011e92      0x98a ./Drivers/STM32F4xx_HAL_Driver/Src/stm32f4xx_ll_fsmc.o

.debug_abbrev   0x00000000     0x32b2
 .debug_abbrev  0x00000000      0x1dd ./Core/Src/button.o
 .debug_abbrev  0x000001dd      0x1cf ./Core/Src/ds3231.o
 .debug_abbrev  0x000003ac      0x212 ./Core/Src/fsmc.o
 .debug_abbrev  0x000005be      0x152 ./Core/Src/gpio.o
 .debug_abbrev  0x00000710      0x1f1 ./Core/Src/i2c.o
 .debug_abbrev  0x00000901      0x32a ./Core/Src/lcd.o
 .debug_abbrev  0x00000c2b      0x1cc ./Core/Src/led_7seg.o
 .debug_abbrev  0x00000df7      0x300 ./Core/Src/main.o
 .debug_abbrev  0x000010f7      0x202 ./Core/Src/software_timer.o
 .debug_abbrev  0x000012f9      0x1f3 ./Core/Src/spi.o
 .debug_abbrev  0x000014ec       0xd8 ./Core/Src/stm32f4xx_hal_msp.o
 .debug_abbrev  0x000015c4      0x192 ./Core/Src/stm32f4xx_it.o
 .debug_abbrev  0x00001756      0x11a ./Core/Src/system_stm32f4xx.o
 .debug_abbrev  0x00001870      0x1f7 ./Core/Src/tim.o
 .debug_abbrev  0x00001a67       0x86 ./Core/Src/utils.o
 .debug_abbrev  0x00001aed       0x24 ./Core/Startup/startup_stm32f407zetx.o
 .debug_abbrev  0x00001b11      0x214 ./Drivers/STM32F4xx_HAL_Driver/Src/stm32f4xx_hal.o
 .debug_abbrev  0x00001d25      0x328 ./Drivers/STM32F4xx_HAL_Driver/Src/stm32f4xx_hal_cortex.o
 .debug_abbrev  0x0000204d      0x1d4 ./Drivers/STM32F4xx_HAL_Driver/Src/stm32f4xx_hal_gpio.o
 .debug_abbrev  0x00002221      0x2ad ./Drivers/STM32F4xx_HAL_Driver/Src/stm32f4xx_hal_i2c.o
 .debug_abbrev  0x000024ce      0x2b6 ./Drivers/STM32F4xx_HAL_Driver/Src/stm32f4xx_hal_rcc.o
 .debug_abbrev  0x00002784      0x284 ./Drivers/STM32F4xx_HAL_Driver/Src/stm32f4xx_hal_spi.o
 .debug_abbrev  0x00002a08      0x20c ./Drivers/STM32F4xx_HAL_Driver/Src/stm32f4xx_hal_sram.o
 .debug_abbrev  0x00002c14      0x278 ./Drivers/STM32F4xx_HAL_Driver/Src/stm32f4xx_hal_tim.o
 .debug_abbrev  0x00002e8c      0x283 ./Drivers/STM32F4xx_HAL_Driver/Src/stm32f4xx_hal_tim_ex.o
 .debug_abbrev  0x0000310f      0x1a3 ./Drivers/STM32F4xx_HAL_Driver/Src/stm32f4xx_ll_fsmc.o

.debug_aranges  0x00000000     0x1248
 .debug_aranges
                0x00000000       0x28 ./Core/Src/button.o
 .debug_aranges
                0x00000028       0x30 ./Core/Src/ds3231.o
 .debug_aranges
                0x00000058       0x40 ./Core/Src/fsmc.o
 .debug_aranges
                0x00000098       0x20 ./Core/Src/gpio.o
 .debug_aranges
                0x000000b8       0x30 ./Core/Src/i2c.o
 .debug_aranges
                0x000000e8       0xe8 ./Core/Src/lcd.o
 .debug_aranges
                0x000001d0       0x48 ./Core/Src/led_7seg.o
 .debug_aranges
                0x00000218       0xa0 ./Core/Src/main.o
 .debug_aranges
                0x000002b8       0x30 ./Core/Src/software_timer.o
 .debug_aranges
                0x000002e8       0x30 ./Core/Src/spi.o
 .debug_aranges
                0x00000318       0x20 ./Core/Src/stm32f4xx_hal_msp.o
 .debug_aranges
                0x00000338       0x68 ./Core/Src/stm32f4xx_it.o
 .debug_aranges
                0x000003a0       0x28 ./Core/Src/system_stm32f4xx.o
 .debug_aranges
                0x000003c8       0x30 ./Core/Src/tim.o
 .debug_aranges
                0x000003f8       0x28 ./Core/Src/utils.o
 .debug_aranges
                0x00000420       0x28 ./Core/Startup/startup_stm32f407zetx.o
 .debug_aranges
                0x00000448       0xf0 ./Drivers/STM32F4xx_HAL_Driver/Src/stm32f4xx_hal.o
 .debug_aranges
                0x00000538      0x120 ./Drivers/STM32F4xx_HAL_Driver/Src/stm32f4xx_hal_cortex.o
 .debug_aranges
                0x00000658       0x58 ./Drivers/STM32F4xx_HAL_Driver/Src/stm32f4xx_hal_gpio.o
 .debug_aranges
                0x000006b0      0x2a8 ./Drivers/STM32F4xx_HAL_Driver/Src/stm32f4xx_hal_i2c.o
 .debug_aranges
                0x00000958       0x88 ./Drivers/STM32F4xx_HAL_Driver/Src/stm32f4xx_hal_rcc.o
 .debug_aranges
                0x000009e0      0x1d0 ./Drivers/STM32F4xx_HAL_Driver/Src/stm32f4xx_hal_spi.o
 .debug_aranges
                0x00000bb0       0xb8 ./Drivers/STM32F4xx_HAL_Driver/Src/stm32f4xx_hal_sram.o
 .debug_aranges
                0x00000c68      0x3d0 ./Drivers/STM32F4xx_HAL_Driver/Src/stm32f4xx_hal_tim.o
 .debug_aranges
                0x00001038      0x168 ./Drivers/STM32F4xx_HAL_Driver/Src/stm32f4xx_hal_tim_ex.o
 .debug_aranges
                0x000011a0       0xa8 ./Drivers/STM32F4xx_HAL_Driver/Src/stm32f4xx_ll_fsmc.o

.debug_rnglists
                0x00000000      0xe1f
 .debug_rnglists
                0x00000000       0x1a ./Core/Src/button.o
 .debug_rnglists
                0x0000001a       0x21 ./Core/Src/ds3231.o
 .debug_rnglists
                0x0000003b       0x2d ./Core/Src/fsmc.o
 .debug_rnglists
                0x00000068       0x14 ./Core/Src/gpio.o
 .debug_rnglists
                0x0000007c       0x20 ./Core/Src/i2c.o
 .debug_rnglists
                0x0000009c       0xb5 ./Core/Src/lcd.o
 .debug_rnglists
                0x00000151       0x32 ./Core/Src/led_7seg.o
 .debug_rnglists
                0x00000183       0x7a ./Core/Src/main.o
 .debug_rnglists
                0x000001fd       0x1f ./Core/Src/software_timer.o
 .debug_rnglists
                0x0000021c       0x20 ./Core/Src/spi.o
 .debug_rnglists
                0x0000023c       0x13 ./Core/Src/stm32f4xx_hal_msp.o
 .debug_rnglists
                0x0000024f       0x49 ./Core/Src/stm32f4xx_it.o
 .debug_rnglists
                0x00000298       0x1a ./Core/Src/system_stm32f4xx.o
 .debug_rnglists
                0x000002b2       0x20 ./Core/Src/tim.o
 .debug_rnglists
                0x000002d2       0x19 ./Core/Src/utils.o
 .debug_rnglists
                0x000002eb       0x19 ./Core/Startup/startup_stm32f407zetx.o
 .debug_rnglists
                0x00000304       0xaf ./Drivers/STM32F4xx_HAL_Driver/Src/stm32f4xx_hal.o
 .debug_rnglists
                0x000003b3       0xd4 ./Drivers/STM32F4xx_HAL_Driver/Src/stm32f4xx_hal_cortex.o
 .debug_rnglists
                0x00000487       0x3f ./Drivers/STM32F4xx_HAL_Driver/Src/stm32f4xx_hal_gpio.o
 .debug_rnglists
                0x000004c6      0x23c ./Drivers/STM32F4xx_HAL_Driver/Src/stm32f4xx_hal_i2c.o
 .debug_rnglists
                0x00000702       0x66 ./Drivers/STM32F4xx_HAL_Driver/Src/stm32f4xx_hal_rcc.o
 .debug_rnglists
                0x00000768      0x16f ./Drivers/STM32F4xx_HAL_Driver/Src/stm32f4xx_hal_spi.o
 .debug_rnglists
                0x000008d7       0x8d ./Drivers/STM32F4xx_HAL_Driver/Src/stm32f4xx_hal_sram.o
 .debug_rnglists
                0x00000964      0x31a ./Drivers/STM32F4xx_HAL_Driver/Src/stm32f4xx_hal_tim.o
 .debug_rnglists
                0x00000c7e      0x125 ./Drivers/STM32F4xx_HAL_Driver/Src/stm32f4xx_hal_tim_ex.o
 .debug_rnglists
                0x00000da3       0x7c ./Drivers/STM32F4xx_HAL_Driver/Src/stm32f4xx_ll_fsmc.o

.debug_macro    0x00000000    0x23265
 .debug_macro   0x00000000      0x230 ./Core/Src/button.o
 .debug_macro   0x00000230      0xab4 ./Core/Src/button.o
 .debug_macro   0x00000ce4      0x2a7 ./Core/Src/button.o
 .debug_macro   0x00000f8b       0x2e ./Core/Src/button.o
 .debug_macro   0x00000fb9       0x2f ./Core/Src/button.o
 .debug_macro   0x00000fe8       0x22 ./Core/Src/button.o
 .debug_macro   0x0000100a       0x8e ./Core/Src/button.o
 .debug_macro   0x00001098       0x51 ./Core/Src/button.o
 .debug_macro   0x000010e9      0x103 ./Core/Src/button.o
 .debug_macro   0x000011ec       0x6a ./Core/Src/button.o
 .debug_macro   0x00001256      0x1df ./Core/Src/button.o
 .debug_macro   0x00001435       0x1c ./Core/Src/button.o
 .debug_macro   0x00001451       0x22 ./Core/Src/button.o
 .debug_macro   0x00001473       0xfb ./Core/Src/button.o
 .debug_macro   0x0000156e     0x1011 ./Core/Src/button.o
 .debug_macro   0x0000257f      0x11f ./Core/Src/button.o
 .debug_macro   0x0000269e    0x15e97 ./Core/Src/button.o
 .debug_macro   0x00018535       0x6d ./Core/Src/button.o
 .debug_macro   0x000185a2     0x368c ./Core/Src/button.o
 .debug_macro   0x0001bc2e      0x189 ./Core/Src/button.o
 .debug_macro   0x0001bdb7       0x5c ./Core/Src/button.o
 .debug_macro   0x0001be13      0x980 ./Core/Src/button.o
 .debug_macro   0x0001c793      0x9e9 ./Core/Src/button.o
 .debug_macro   0x0001d17c      0x115 ./Core/Src/button.o
 .debug_macro   0x0001d291      0x13e ./Core/Src/button.o
 .debug_macro   0x0001d3cf       0xa5 ./Core/Src/button.o
 .debug_macro   0x0001d474      0x174 ./Core/Src/button.o
 .debug_macro   0x0001d5e8      0x287 ./Core/Src/button.o
 .debug_macro   0x0001d86f       0x5f ./Core/Src/button.o
 .debug_macro   0x0001d8ce      0x236 ./Core/Src/button.o
 .debug_macro   0x0001db04      0x12c ./Core/Src/button.o
 .debug_macro   0x0001dc30      0x21e ./Core/Src/button.o
 .debug_macro   0x0001de4e       0x2e ./Core/Src/button.o
 .debug_macro   0x0001de7c      0x516 ./Core/Src/button.o
 .debug_macro   0x0001e392      0x1b5 ./Core/Src/button.o
 .debug_macro   0x0001e547       0xd6 ./Core/Src/button.o
 .debug_macro   0x0001e61d      0x127 ./Core/Src/button.o
 .debug_macro   0x0001e744       0x7e ./Core/Src/button.o
 .debug_macro   0x0001e7c2       0x89 ./Core/Src/button.o
 .debug_macro   0x0001e84b      0x225 ./Core/Src/button.o
 .debug_macro   0x0001ea70      0x8ed ./Core/Src/button.o
 .debug_macro   0x0001f35d       0x4d ./Core/Src/button.o
 .debug_macro   0x0001f3aa      0x12d ./Core/Src/button.o
 .debug_macro   0x0001f4d7       0x88 ./Core/Src/button.o
 .debug_macro   0x0001f55f      0x23b ./Core/Src/ds3231.o
 .debug_macro   0x0001f79a       0x2e ./Core/Src/ds3231.o
 .debug_macro   0x0001f7c8      0x21c ./Core/Src/fsmc.o
 .debug_macro   0x0001f9e4      0x21c ./Core/Src/gpio.o
 .debug_macro   0x0001fc00      0x21c ./Core/Src/i2c.o
 .debug_macro   0x0001fe1c      0x331 ./Core/Src/lcd.o
 .debug_macro   0x0002014d       0x2a ./Core/Src/lcd.o
 .debug_macro   0x00020177       0x61 ./Core/Src/lcd.o
 .debug_macro   0x000201d8       0x43 ./Core/Src/lcd.o
 .debug_macro   0x0002021b       0x34 ./Core/Src/lcd.o
 .debug_macro   0x0002024f       0x16 ./Core/Src/lcd.o
 .debug_macro   0x00020265       0x35 ./Core/Src/lcd.o
 .debug_macro   0x0002029a       0x16 ./Core/Src/lcd.o
 .debug_macro   0x000202b0       0x43 ./Core/Src/lcd.o
 .debug_macro   0x000202f3       0x34 ./Core/Src/lcd.o
 .debug_macro   0x00020327       0x10 ./Core/Src/lcd.o
 .debug_macro   0x00020337       0x58 ./Core/Src/lcd.o
 .debug_macro   0x0002038f       0x8e ./Core/Src/lcd.o
 .debug_macro   0x0002041d       0x1c ./Core/Src/lcd.o
 .debug_macro   0x00020439      0x177 ./Core/Src/lcd.o
 .debug_macro   0x000205b0      0x369 ./Core/Src/lcd.o
 .debug_macro   0x00020919       0x16 ./Core/Src/lcd.o
 .debug_macro   0x0002092f       0x29 ./Core/Src/lcd.o
 .debug_macro   0x00020958       0x16 ./Core/Src/lcd.o
 .debug_macro   0x0002096e       0x20 ./Core/Src/lcd.o
 .debug_macro   0x0002098e       0xca ./Core/Src/lcd.o
 .debug_macro   0x00020a58      0x226 ./Core/Src/led_7seg.o
 .debug_macro   0x00020c7e      0x3a4 ./Core/Src/main.o
 .debug_macro   0x00021022      0x22c ./Core/Src/software_timer.o
 .debug_macro   0x0002124e      0x21c ./Core/Src/spi.o
 .debug_macro   0x0002146a      0x212 ./Core/Src/stm32f4xx_hal_msp.o
 .debug_macro   0x0002167c      0x21c ./Core/Src/stm32f4xx_it.o
 .debug_macro   0x00021898      0x203 ./Core/Src/system_stm32f4xx.o
 .debug_macro   0x00021a9b      0x21c ./Core/Src/tim.o
 .debug_macro   0x00021cb7       0x6d ./Core/Src/utils.o
 .debug_macro   0x00021d24      0x263 ./Drivers/STM32F4xx_HAL_Driver/Src/stm32f4xx_hal.o
 .debug_macro   0x00021f87      0x203 ./Drivers/STM32F4xx_HAL_Driver/Src/stm32f4xx_hal_cortex.o
 .debug_macro   0x0002218a      0x209 ./Drivers/STM32F4xx_HAL_Driver/Src/stm32f4xx_hal_gpio.o
 .debug_macro   0x00022393      0x251 ./Drivers/STM32F4xx_HAL_Driver/Src/stm32f4xx_hal_i2c.o
 .debug_macro   0x000225e4      0x227 ./Drivers/STM32F4xx_HAL_Driver/Src/stm32f4xx_hal_rcc.o
 .debug_macro   0x0002280b      0x212 ./Drivers/STM32F4xx_HAL_Driver/Src/stm32f4xx_hal_spi.o
 .debug_macro   0x00022a1d      0x203 ./Drivers/STM32F4xx_HAL_Driver/Src/stm32f4xx_hal_sram.o
 .debug_macro   0x00022c20      0x204 ./Drivers/STM32F4xx_HAL_Driver/Src/stm32f4xx_hal_tim.o
 .debug_macro   0x00022e24      0x203 ./Drivers/STM32F4xx_HAL_Driver/Src/stm32f4xx_hal_tim_ex.o
 .debug_macro   0x00023027      0x23e ./Drivers/STM32F4xx_HAL_Driver/Src/stm32f4xx_ll_fsmc.o

.debug_line     0x00000000    0x180b4
 .debug_line    0x00000000      0x847 ./Core/Src/button.o
 .debug_line    0x00000847      0x861 ./Core/Src/ds3231.o
 .debug_line    0x000010a8      0x8be ./Core/Src/fsmc.o
 .debug_line    0x00001966      0x81c ./Core/Src/gpio.o
 .debug_line    0x00002182      0x827 ./Core/Src/i2c.o
 .debug_line    0x000029a9     0x10ee ./Core/Src/lcd.o
 .debug_line    0x00003a97      0x8b5 ./Core/Src/led_7seg.o
 .debug_line    0x0000434c      0xffc ./Core/Src/main.o
 .debug_line    0x00005348      0x825 ./Core/Src/software_timer.o
 .debug_line    0x00005b6d      0x82f ./Core/Src/spi.o
 .debug_line    0x0000639c      0x7be ./Core/Src/stm32f4xx_hal_msp.o
 .debug_line    0x00006b5a      0x898 ./Core/Src/stm32f4xx_it.o
 .debug_line    0x000073f2      0x842 ./Core/Src/system_stm32f4xx.o
 .debug_line    0x00007c34      0x82b ./Core/Src/tim.o
 .debug_line    0x0000845f      0x458 ./Core/Src/utils.o
 .debug_line    0x000088b7       0x7a ./Core/Startup/startup_stm32f407zetx.o
 .debug_line    0x00008931      0xaab ./Drivers/STM32F4xx_HAL_Driver/Src/stm32f4xx_hal.o
 .debug_line    0x000093dc      0xd73 ./Drivers/STM32F4xx_HAL_Driver/Src/stm32f4xx_hal_cortex.o
 .debug_line    0x0000a14f      0xc37 ./Drivers/STM32F4xx_HAL_Driver/Src/stm32f4xx_hal_gpio.o
 .debug_line    0x0000ad86     0x3bf1 ./Drivers/STM32F4xx_HAL_Driver/Src/stm32f4xx_hal_i2c.o
 .debug_line    0x0000e977      0xe1e ./Drivers/STM32F4xx_HAL_Driver/Src/stm32f4xx_hal_rcc.o
 .debug_line    0x0000f795     0x1da6 ./Drivers/STM32F4xx_HAL_Driver/Src/stm32f4xx_hal_spi.o
 .debug_line    0x0001153b      0xdc0 ./Drivers/STM32F4xx_HAL_Driver/Src/stm32f4xx_hal_sram.o
 .debug_line    0x000122fb     0x384f ./Drivers/STM32F4xx_HAL_Driver/Src/stm32f4xx_hal_tim.o
 .debug_line    0x00015b4a     0x1aa1 ./Drivers/STM32F4xx_HAL_Driver/Src/stm32f4xx_hal_tim_ex.o
 .debug_line    0x000175eb      0xac9 ./Drivers/STM32F4xx_HAL_Driver/Src/stm32f4xx_ll_fsmc.o

.debug_str      0x00000000    0xd0623
 .debug_str     0x00000000    0xc8084 ./Core/Src/button.o
                              0xc8391 (size before relaxing)
 .debug_str     0x000c8084      0x400 ./Core/Src/ds3231.o
                              0xc84ef (size before relaxing)
 .debug_str     0x000c8484      0x3ef ./Core/Src/fsmc.o
                              0xc8556 (size before relaxing)
 .debug_str     0x000c8873       0x20 ./Core/Src/gpio.o
                              0xc8004 (size before relaxing)
 .debug_str     0x000c8893       0x58 ./Core/Src/i2c.o
                              0xc8533 (size before relaxing)
 .debug_str     0x000c88eb     0x36f3 ./Core/Src/lcd.o
                              0xcb5d3 (size before relaxing)
 .debug_str     0x000cbfde       0xa9 ./Core/Src/led_7seg.o
                              0xc83ce (size before relaxing)
 .debug_str     0x000cc087      0x313 ./Core/Src/main.o
                              0xcb952 (size before relaxing)
 .debug_str     0x000cc39a      0x2f3 ./Core/Src/software_timer.o
                              0xc8453 (size before relaxing)
 .debug_str     0x000cc68d       0x4b ./Core/Src/spi.o
                              0xc8490 (size before relaxing)
 .debug_str     0x000cc6d8       0x2c ./Core/Src/stm32f4xx_hal_msp.o
                              0xc7f39 (size before relaxing)
 .debug_str     0x000cc704       0xec ./Core/Src/stm32f4xx_it.o
                              0xc841d (size before relaxing)
 .debug_str     0x000cc7f0       0xdb ./Core/Src/system_stm32f4xx.o
                              0xc7dc7 (size before relaxing)
 .debug_str     0x000cc8cb      0x653 ./Core/Src/tim.o
                              0xc8b0e (size before relaxing)
 .debug_str     0x000ccf1e       0x14 ./Core/Src/utils.o
                               0x3d61 (size before relaxing)
 .debug_str     0x000ccf32       0x44 ./Core/Startup/startup_stm32f407zetx.o
                                 0x9d (size before relaxing)
 .debug_str     0x000ccf76      0x603 ./Drivers/STM32F4xx_HAL_Driver/Src/stm32f4xx_hal.o
                              0xc894b (size before relaxing)
 .debug_str     0x000cd579      0x33a ./Drivers/STM32F4xx_HAL_Driver/Src/stm32f4xx_hal_cortex.o
                              0xc8695 (size before relaxing)
 .debug_str     0x000cd8b3      0x109 ./Drivers/STM32F4xx_HAL_Driver/Src/stm32f4xx_hal_gpio.o
                              0xc7f42 (size before relaxing)
 .debug_str     0x000cd9bc      0xb29 ./Drivers/STM32F4xx_HAL_Driver/Src/stm32f4xx_hal_i2c.o
                              0xc8de5 (size before relaxing)
 .debug_str     0x000ce4e5      0x213 ./Drivers/STM32F4xx_HAL_Driver/Src/stm32f4xx_hal_rcc.o
                              0xc81fb (size before relaxing)
 .debug_str     0x000ce6f8      0x544 ./Drivers/STM32F4xx_HAL_Driver/Src/stm32f4xx_hal_spi.o
                              0xc868b (size before relaxing)
 .debug_str     0x000cec3c      0x1f0 ./Drivers/STM32F4xx_HAL_Driver/Src/stm32f4xx_hal_sram.o
                              0xc83c5 (size before relaxing)
 .debug_str     0x000cee2c      0xda8 ./Drivers/STM32F4xx_HAL_Driver/Src/stm32f4xx_hal_tim.o
                              0xc9151 (size before relaxing)
 .debug_str     0x000cfbd4      0x493 ./Drivers/STM32F4xx_HAL_Driver/Src/stm32f4xx_hal_tim_ex.o
                              0xc895d (size before relaxing)
 .debug_str     0x000d0067      0x5bc ./Drivers/STM32F4xx_HAL_Driver/Src/stm32f4xx_ll_fsmc.o
                              0xc8632 (size before relaxing)

.comment        0x00000000       0x43
 .comment       0x00000000       0x43 ./Core/Src/button.o
                                 0x44 (size before relaxing)
 .comment       0x00000043       0x44 ./Core/Src/ds3231.o
 .comment       0x00000043       0x44 ./Core/Src/fsmc.o
 .comment       0x00000043       0x44 ./Core/Src/gpio.o
 .comment       0x00000043       0x44 ./Core/Src/i2c.o
 .comment       0x00000043       0x44 ./Core/Src/lcd.o
 .comment       0x00000043       0x44 ./Core/Src/led_7seg.o
 .comment       0x00000043       0x44 ./Core/Src/main.o
 .comment       0x00000043       0x44 ./Core/Src/software_timer.o
 .comment       0x00000043       0x44 ./Core/Src/spi.o
 .comment       0x00000043       0x44 ./Core/Src/stm32f4xx_hal_msp.o
 .comment       0x00000043       0x44 ./Core/Src/stm32f4xx_it.o
 .comment       0x00000043       0x44 ./Core/Src/system_stm32f4xx.o
 .comment       0x00000043       0x44 ./Core/Src/tim.o
 .comment       0x00000043       0x44 ./Core/Src/utils.o
 .comment       0x00000043       0x44 ./Drivers/STM32F4xx_HAL_Driver/Src/stm32f4xx_hal.o
 .comment       0x00000043       0x44 ./Drivers/STM32F4xx_HAL_Driver/Src/stm32f4xx_hal_cortex.o
 .comment       0x00000043       0x44 ./Drivers/STM32F4xx_HAL_Driver/Src/stm32f4xx_hal_gpio.o
 .comment       0x00000043       0x44 ./Drivers/STM32F4xx_HAL_Driver/Src/stm32f4xx_hal_i2c.o
 .comment       0x00000043       0x44 ./Drivers/STM32F4xx_HAL_Driver/Src/stm32f4xx_hal_rcc.o
 .comment       0x00000043       0x44 ./Drivers/STM32F4xx_HAL_Driver/Src/stm32f4xx_hal_spi.o
 .comment       0x00000043       0x44 ./Drivers/STM32F4xx_HAL_Driver/Src/stm32f4xx_hal_sram.o
 .comment       0x00000043       0x44 ./Drivers/STM32F4xx_HAL_Driver/Src/stm32f4xx_hal_tim.o
 .comment       0x00000043       0x44 ./Drivers/STM32F4xx_HAL_Driver/Src/stm32f4xx_hal_tim_ex.o
 .comment       0x00000043       0x44 ./Drivers/STM32F4xx_HAL_Driver/Src/stm32f4xx_ll_fsmc.o

.debug_frame    0x00000000     0x4b3c
 .debug_frame   0x00000000       0x50 ./Core/Src/button.o
 .debug_frame   0x00000050       0x74 ./Core/Src/ds3231.o
 .debug_frame   0x000000c4       0xbc ./Core/Src/fsmc.o
 .debug_frame   0x00000180       0x34 ./Core/Src/gpio.o
 .debug_frame   0x000001b4       0x74 ./Core/Src/i2c.o
 .debug_frame   0x00000228      0x3e0 ./Core/Src/lcd.o
 .debug_frame   0x00000608       0xe8 ./Core/Src/led_7seg.o
 .debug_frame   0x000006f0      0x230 ./Core/Src/main.o
 .debug_frame   0x00000920       0x78 ./Core/Src/software_timer.o
 .debug_frame   0x00000998       0x74 ./Core/Src/spi.o
 .debug_frame   0x00000a0c       0x38 ./Core/Src/stm32f4xx_hal_msp.o
 .debug_frame   0x00000a44      0x120 ./Core/Src/stm32f4xx_it.o
 .debug_frame   0x00000b64       0x58 ./Core/Src/system_stm32f4xx.o
 .debug_frame   0x00000bbc       0x7c ./Core/Src/tim.o
 .debug_frame   0x00000c38       0x60 ./Core/Src/utils.o
 .debug_frame   0x00000c98      0x374 ./Drivers/STM32F4xx_HAL_Driver/Src/stm32f4xx_hal.o
 .debug_frame   0x0000100c      0x4b8 ./Drivers/STM32F4xx_HAL_Driver/Src/stm32f4xx_hal_cortex.o
 .debug_frame   0x000014c4      0x14c ./Drivers/STM32F4xx_HAL_Driver/Src/stm32f4xx_hal_gpio.o
 .debug_frame   0x00001610      0xc84 ./Drivers/STM32F4xx_HAL_Driver/Src/stm32f4xx_hal_i2c.o
 .debug_frame   0x00002294      0x1f4 ./Drivers/STM32F4xx_HAL_Driver/Src/stm32f4xx_hal_rcc.o
 .debug_frame   0x00002488      0x828 ./Drivers/STM32F4xx_HAL_Driver/Src/stm32f4xx_hal_spi.o
 .debug_frame   0x00002cb0      0x30c ./Drivers/STM32F4xx_HAL_Driver/Src/stm32f4xx_hal_sram.o
 .debug_frame   0x00002fbc     0x11c0 ./Drivers/STM32F4xx_HAL_Driver/Src/stm32f4xx_hal_tim.o
 .debug_frame   0x0000417c      0x638 ./Drivers/STM32F4xx_HAL_Driver/Src/stm32f4xx_hal_tim_ex.o
 .debug_frame   0x000047b4      0x2dc ./Drivers/STM32F4xx_HAL_Driver/Src/stm32f4xx_ll_fsmc.o
 .debug_frame   0x00004a90       0x20 D:/.xinstall/STM32CubeIDE_1.7.0/STM32CubeIDE/plugins/com.st.stm32cube.ide.mcu.externaltools.gnu-tools-for-stm32.12.3.rel1.win32_1.1.0.202410251130/tools/bin/../lib/gcc/arm-none-eabi/12.3.1/../../../../arm-none-eabi/lib/thumb/v7e-m+fp/hard\libc_nano.a(libc_a-memset.o)
 .debug_frame   0x00004ab0       0x2c D:/.xinstall/STM32CubeIDE_1.7.0/STM32CubeIDE/plugins/com.st.stm32cube.ide.mcu.externaltools.gnu-tools-for-stm32.12.3.rel1.win32_1.1.0.202410251130/tools/bin/../lib/gcc/arm-none-eabi/12.3.1/../../../../arm-none-eabi/lib/thumb/v7e-m+fp/hard\libc_nano.a(libc_a-init.o)
 .debug_frame   0x00004adc       0x2c D:/.xinstall/STM32CubeIDE_1.7.0/STM32CubeIDE/plugins/com.st.stm32cube.ide.mcu.externaltools.gnu-tools-for-stm32.12.3.rel1.win32_1.1.0.202410251130/tools/bin/../lib/gcc/arm-none-eabi/12.3.1/thumb/v7e-m+fp/hard\libgcc.a(_aeabi_uldivmod.o)
 .debug_frame   0x00004b08       0x34 D:/.xinstall/STM32CubeIDE_1.7.0/STM32CubeIDE/plugins/com.st.stm32cube.ide.mcu.externaltools.gnu-tools-for-stm32.12.3.rel1.win32_1.1.0.202410251130/tools/bin/../lib/gcc/arm-none-eabi/12.3.1/thumb/v7e-m+fp/hard\libgcc.a(_udivmoddi4.o)

.debug_line_str
                0x00000000       0x81
 .debug_line_str
                0x00000000       0x81 ./Core/Startup/startup_stm32f407zetx.o
