Archive member included to satisfy reference by file (symbol)

D:/.xinstall/STM32CubeIDE_1.7.0/STM32CubeIDE/plugins/com.st.stm32cube.ide.mcu.externaltools.gnu-tools-for-stm32.12.3.rel1.win32_1.1.0.202410251130/tools/bin/../lib/gcc/arm-none-eabi/12.3.1/../../../../arm-none-eabi/lib/thumb/v7e-m+fp/hard\libc_nano.a(libc_a-exit.o)
                              D:/.xinstall/STM32CubeIDE_1.7.0/STM32CubeIDE/plugins/com.st.stm32cube.ide.mcu.externaltools.gnu-tools-for-stm32.12.3.rel1.win32_1.1.0.202410251130/tools/bin/../lib/gcc/arm-none-eabi/12.3.1/../../../../arm-none-eabi/lib/thumb/v7e-m+fp/hard/crt0.o (exit)
D:/.xinstall/STM32CubeIDE_1.7.0/STM32CubeIDE/plugins/com.st.stm32cube.ide.mcu.externaltools.gnu-tools-for-stm32.12.3.rel1.win32_1.1.0.202410251130/tools/bin/../lib/gcc/arm-none-eabi/12.3.1/../../../../arm-none-eabi/lib/thumb/v7e-m+fp/hard\libc_nano.a(libc_a-findfp.o)
                              D:/.xinstall/STM32CubeIDE_1.7.0/STM32CubeIDE/plugins/com.st.stm32cube.ide.mcu.externaltools.gnu-tools-for-stm32.12.3.rel1.win32_1.1.0.202410251130/tools/bin/../lib/gcc/arm-none-eabi/12.3.1/../../../../arm-none-eabi/lib/thumb/v7e-m+fp/hard\libc_nano.a(libc_a-exit.o) (__stdio_exit_handler)
D:/.xinstall/STM32CubeIDE_1.7.0/STM32CubeIDE/plugins/com.st.stm32cube.ide.mcu.externaltools.gnu-tools-for-stm32.12.3.rel1.win32_1.1.0.202410251130/tools/bin/../lib/gcc/arm-none-eabi/12.3.1/../../../../arm-none-eabi/lib/thumb/v7e-m+fp/hard\libc_nano.a(libc_a-fwalk.o)
                              D:/.xinstall/STM32CubeIDE_1.7.0/STM32CubeIDE/plugins/com.st.stm32cube.ide.mcu.externaltools.gnu-tools-for-stm32.12.3.rel1.win32_1.1.0.202410251130/tools/bin/../lib/gcc/arm-none-eabi/12.3.1/../../../../arm-none-eabi/lib/thumb/v7e-m+fp/hard\libc_nano.a(libc_a-findfp.o) (_fwalk_sglue)
D:/.xinstall/STM32CubeIDE_1.7.0/STM32CubeIDE/plugins/com.st.stm32cube.ide.mcu.externaltools.gnu-tools-for-stm32.12.3.rel1.win32_1.1.0.202410251130/tools/bin/../lib/gcc/arm-none-eabi/12.3.1/../../../../arm-none-eabi/lib/thumb/v7e-m+fp/hard\libc_nano.a(libc_a-sprintf.o)
                              ./Core/Src/rs232_uart.o (sprintf)
D:/.xinstall/STM32CubeIDE_1.7.0/STM32CubeIDE/plugins/com.st.stm32cube.ide.mcu.externaltools.gnu-tools-for-stm32.12.3.rel1.win32_1.1.0.202410251130/tools/bin/../lib/gcc/arm-none-eabi/12.3.1/../../../../arm-none-eabi/lib/thumb/v7e-m+fp/hard\libc_nano.a(libc_a-stdio.o)
                              D:/.xinstall/STM32CubeIDE_1.7.0/STM32CubeIDE/plugins/com.st.stm32cube.ide.mcu.externaltools.gnu-tools-for-stm32.12.3.rel1.win32_1.1.0.202410251130/tools/bin/../lib/gcc/arm-none-eabi/12.3.1/../../../../arm-none-eabi/lib/thumb/v7e-m+fp/hard\libc_nano.a(libc_a-findfp.o) (__sread)
D:/.xinstall/STM32CubeIDE_1.7.0/STM32CubeIDE/plugins/com.st.stm32cube.ide.mcu.externaltools.gnu-tools-for-stm32.12.3.rel1.win32_1.1.0.202410251130/tools/bin/../lib/gcc/arm-none-eabi/12.3.1/../../../../arm-none-eabi/lib/thumb/v7e-m+fp/hard\libc_nano.a(libc_a-memset.o)
                              D:/.xinstall/STM32CubeIDE_1.7.0/STM32CubeIDE/plugins/com.st.stm32cube.ide.mcu.externaltools.gnu-tools-for-stm32.12.3.rel1.win32_1.1.0.202410251130/tools/bin/../lib/gcc/arm-none-eabi/12.3.1/../../../../arm-none-eabi/lib/thumb/v7e-m+fp/hard/crt0.o (memset)
D:/.xinstall/STM32CubeIDE_1.7.0/STM32CubeIDE/plugins/com.st.stm32cube.ide.mcu.externaltools.gnu-tools-for-stm32.12.3.rel1.win32_1.1.0.202410251130/tools/bin/../lib/gcc/arm-none-eabi/12.3.1/../../../../arm-none-eabi/lib/thumb/v7e-m+fp/hard\libc_nano.a(libc_a-closer.o)
                              D:/.xinstall/STM32CubeIDE_1.7.0/STM32CubeIDE/plugins/com.st.stm32cube.ide.mcu.externaltools.gnu-tools-for-stm32.12.3.rel1.win32_1.1.0.202410251130/tools/bin/../lib/gcc/arm-none-eabi/12.3.1/../../../../arm-none-eabi/lib/thumb/v7e-m+fp/hard\libc_nano.a(libc_a-stdio.o) (_close_r)
D:/.xinstall/STM32CubeIDE_1.7.0/STM32CubeIDE/plugins/com.st.stm32cube.ide.mcu.externaltools.gnu-tools-for-stm32.12.3.rel1.win32_1.1.0.202410251130/tools/bin/../lib/gcc/arm-none-eabi/12.3.1/../../../../arm-none-eabi/lib/thumb/v7e-m+fp/hard\libc_nano.a(libc_a-reent.o)
                              D:/.xinstall/STM32CubeIDE_1.7.0/STM32CubeIDE/plugins/com.st.stm32cube.ide.mcu.externaltools.gnu-tools-for-stm32.12.3.rel1.win32_1.1.0.202410251130/tools/bin/../lib/gcc/arm-none-eabi/12.3.1/../../../../arm-none-eabi/lib/thumb/v7e-m+fp/hard\libc_nano.a(libc_a-closer.o) (errno)
D:/.xinstall/STM32CubeIDE_1.7.0/STM32CubeIDE/plugins/com.st.stm32cube.ide.mcu.externaltools.gnu-tools-for-stm32.12.3.rel1.win32_1.1.0.202410251130/tools/bin/../lib/gcc/arm-none-eabi/12.3.1/../../../../arm-none-eabi/lib/thumb/v7e-m+fp/hard\libc_nano.a(libc_a-impure.o)
                              D:/.xinstall/STM32CubeIDE_1.7.0/STM32CubeIDE/plugins/com.st.stm32cube.ide.mcu.externaltools.gnu-tools-for-stm32.12.3.rel1.win32_1.1.0.202410251130/tools/bin/../lib/gcc/arm-none-eabi/12.3.1/../../../../arm-none-eabi/lib/thumb/v7e-m+fp/hard\libc_nano.a(libc_a-sprintf.o) (_impure_ptr)
[...]
Memory Configuration

Name             Origin             Length             Attributes
CCMRAM           0x10000000         0x00010000         xrw
RAM              0x20000000         0x00020000         xrw
FLASH            0x08000000         0x00100000         xr
*default*        0x00000000         0xffffffff

Linker script and memory map

LOAD D:/.xinstall/STM32CubeIDE_1.7.0/STM32CubeIDE/plugins/com.st.stm32cube.ide.mcu.externaltools.gnu-tools-for-stm32.12.3.rel1.win32_1.1.0.202410251130/tools/bin/../lib/gcc/arm-none-eabi/12.3.1/thumb/v7e-m+fp/hard/crti.o
LOAD D:/.xinstall/STM32CubeIDE_1.7.0/STM32CubeIDE/plugins/com.st.stm32cube.ide.mcu.externaltools.gnu-tools-for-stm32.12.3.rel1.win32_1.1.0.202410251130/tools/bin/../lib/gcc/arm-none-eabi/12.3.1/thumb/v7e-m+fp/hard/crtbegin.o
LOAD D:/.xinstall/STM32CubeIDE_1.7.0/STM32CubeIDE/plugins/com.st.stm32cube.ide.mcu.externaltools.gnu-tools-for-stm32.12.3.rel1.win32_1.1.0.202410251130/tools/bin/../lib/gcc/arm-none-eabi/12.3.1/../../../../arm-none-eabi/lib/thumb/v7e-m+fp/hard/crt0.o
LOAD ./Core/Src/button.o
LOAD ./Core/Src/dataStructure.o
LOAD ./Core/Src/ds3231.o
LOAD ./Core/Src/fsmc.o
LOAD ./Core/Src/gpio.o
LOAD ./Core/Src/i2c.o
LOAD ./Core/Src/lcd.o
LOAD ./Core/Src/led7Seg.o
LOAD ./Core/Src/main.o
LOAD ./Core/Src/rs232_uart.o
LOAD ./Core/Src/sTimer.o
LOAD ./Core/Src/spi.o
LOAD ./Core/Src/stm32f4xx_hal_msp.o
LOAD ./Core/Src/stm32f4xx_it.o
LOAD ./Core/Src/syscalls.o
LOAD ./Core/Src/sysmem.o
LOAD ./Core/Src/system_stm32f4xx.o
LOAD ./Core/Src/tim.o
LOAD ./Core/Src/usart.o
LOAD ./Core/Src/utils.o
LOAD ./Core/Startup/startup_stm32f407zgtx.o
LOAD ./Drivers/STM32F4xx_HAL_Driver/Src/stm32f4xx_hal.o
LOAD ./Drivers/STM32F4xx_HAL_Driver/Src/stm32f4xx_hal_cortex.o
LOAD ./Drivers/STM32F4xx_HAL_Driver/Src/stm32f4xx_hal_dma.o
LOAD ./Drivers/STM32F4xx_HAL_Driver/Src/stm32f4xx_hal_dma_ex.o
LOAD ./Drivers/STM32F4xx_HAL_Driver/Src/stm32f4xx_hal_exti.o
LOAD ./Drivers/STM32F4xx_HAL_Driver/Src/stm32f4xx_hal_flash.o
LOAD ./Drivers/STM32F4xx_HAL_Driver/Src/stm32f4xx_hal_flash_ex.o
LOAD ./Drivers/STM32F4xx_HAL_Driver/Src/stm32f4xx_hal_flash_ramfunc.o
LOAD ./Drivers/STM32F4xx_HAL_Driver/Src/stm32f4xx_hal_gpio.o
LOAD ./Drivers/STM32F4xx_HAL_Driver/Src/stm32f4xx_hal_i2c.o
LOAD ./Drivers/STM32F4xx_HAL_Driver/Src/stm32f4xx_hal_i2c_ex.o
LOAD ./Drivers/STM32F4xx_HAL_Driver/Src/stm32f4xx_hal_pwr.o
LOAD ./Drivers/STM32F4xx_HAL_Driver/Src/stm32f4xx_hal_pwr_ex.o
LOAD ./Drivers/STM32F4xx_HAL_Driver/Src/stm32f4xx_hal_rcc.o
LOAD ./Drivers/STM32F4xx_HAL_Driver/Src/stm32f4xx_hal_rcc_ex.o
LOAD ./Drivers/STM32F4xx_HAL_Driver/Src/stm32f4xx_hal_spi.o
LOAD ./Drivers/STM32F4xx_HAL_Driver/Src/stm32f4xx_hal_sram.o
LOAD ./Drivers/STM32F4xx_HAL_Driver/Src/stm32f4xx_hal_tim.o
LOAD ./Drivers/STM32F4xx_HAL_Driver/Src/stm32f4xx_hal_tim_ex.o
LOAD ./Drivers/STM32F4xx_HAL_Driver/Src/stm32f4xx_hal_uart.o
LOAD ./Drivers/STM32F4xx_HAL_Driver/Src/stm32f4xx_ll_fsmc.o
START GROUP
LOAD D:/.xinstall/STM32CubeIDE_1.7.0/STM32CubeIDE/plugins/com.st.stm32cube.ide.mcu.externaltools.gnu-tools-for-stm32.12.3.rel1.win32_1.1.0.202410251130/tools/bin/../lib/gcc/arm-none-eabi/12.3.1/../../../../arm-none-eabi/lib/thumb/v7e-m+fp/hard\libc_nano.a
LOAD D:/.xinstall/STM32CubeIDE_1.7.0/STM32CubeIDE/plugins/com.st.stm32cube.ide.mcu.externaltools.gnu-tools-for-stm32.12.3.rel1.win32_1.1.0.202410251130/tools/bin/../lib/gcc/arm-none-eabi/12.3.1/../../../../arm-none-eabi/lib/thumb/v7e-m+fp/hard\libm.a
END GROUP
START GROUP
LOAD D:/.xinstall/STM32CubeIDE_1.7.0/STM32CubeIDE/plugins/com.st.stm32cube.ide.mcu.externaltools.gnu-tools-for-stm32.12.3.rel1.win32_1.1.0.202410251130/tools/bin/../lib/gcc/arm-none-eabi/12.3.1/thumb/v7e-m+fp/hard\libgcc.a
LOAD D:/.xinstall/STM32CubeIDE_1.7.0/STM32CubeIDE/plugins/com.st.stm32cube.ide.mcu.externaltools.gnu-tools-for-stm32.12.3.rel1.win32_1.1.0.202410251130/tools/bin/../lib/gcc/arm-none-eabi/12.3.1/../../../../arm-none-eabi/lib/thumb/v7e-m+fp/hard\libc_nano.a
END GROUP
START GROUP
LOAD D:/.xinstall/STM32CubeIDE_1.7.0/STM32CubeIDE/plugins/com.st.stm32cube.ide.mcu.externaltools.gnu-tools-for-stm32.12.3.rel1.win32_1.1.0.202410251130/tools/bin/../lib/gcc/arm-none-eabi/12.3.1/thumb/v7e-m+fp/hard\libgcc.a
LOAD D:/.xinstall/STM32CubeIDE_1.7.0/STM32CubeIDE/plugins/com.st.stm32cube.ide.mcu.externaltools.gnu-tools-for-stm32.12.3.rel1.win32_1.1.0.202410251130/tools/bin/../lib/gcc/arm-none-eabi/12.3.1/../../../../arm-none-eabi/lib/thumb/v7e-m+fp/hard\libc_nano.a
LOAD D:/.xinstall/STM32CubeIDE_1.7.0/STM32CubeIDE/plugins/com.st.stm32cube.ide.mcu.externaltools.gnu-tools-for-stm32.12.3.rel1.win32_1.1.0.202410251130/tools/bin/../lib/gcc/arm-none-eabi/12.3.1/../../../../arm-none-eabi/lib/thumb/v7e-m+fp/hard\libnosys.a
END GROUP
START GROUP
LOAD D:/.xinstall/STM32CubeIDE_1.7.0/STM32CubeIDE/plugins/com.st.stm32cube.ide.mcu.externaltools.gnu-tools-for-stm32.12.3.rel1.win32_1.1.0.202410251130/tools/bin/../lib/gcc/arm-none-eabi/12.3.1/thumb/v7e-m+fp/hard\libgcc.a
LOAD D:/.xinstall/STM32CubeIDE_1.7.0/STM32CubeIDE/plugins/com.st.stm32cube.ide.mcu.externaltools.gnu-tools-for-stm32.12.3.rel1.win32_1.1.0.202410251130/tools/bin/../lib/gcc/arm-none-eabi/12.3.1/../../../../arm-none-eabi/lib/thumb/v7e-m+fp/hard\libc_nano.a
LOAD D:/.xinstall/STM32CubeIDE_1.7.0/STM32CubeIDE/plugins/com.st.stm32cube.ide.mcu.externaltools.gnu-tools-for-stm32.12.3.rel1.win32_1.1.0.202410251130/tools/bin/../lib/gcc/arm-none-eabi/12.3.1/../../../../arm-none-eabi/lib/thumb/v7e-m+fp/hard\libnosys.a
END GROUP
LOAD D:/.xinstall/STM32CubeIDE_1.7.0/STM32CubeIDE/plugins/com.st.stm32cube.ide.mcu.externaltools.gnu-tools-for-stm32.12.3.rel1.win32_1.1.0.202410251130/tools/bin/../lib/gcc/arm-none-eabi/12.3.1/thumb/v7e-m+fp/hard/crtend.o
LOAD D:/.xinstall/STM32CubeIDE_1.7.0/STM32CubeIDE/plugins/com.st.stm32cube.ide.mcu.externaltools.gnu-tools-for-stm32.12.3.rel1.win32_1.1.0.202410251130/tools/bin/../lib/gcc/arm-none-eabi/12.3.1/thumb/v7e-m+fp/hard/crtn.o
                0x20020000                        _estack = (ORIGIN (RAM) + LENGTH (RAM))
                0x00000200                        _Min_Heap_Size = 0x200
                0x00000400                        _Min_Stack_Size = 0x400

.isr_vector     0x08000000      0x188
                0x08000000                        . = ALIGN (0x4)
 *(.isr_vector)
 .isr_vector    0x08000000      0x188 ./Core/Startup/startup_stm32f407zgtx.o
                0x08000000                g_pfnVectors
                0x08000188                        . = ALIGN (0x4)

.text           0x08000188     0xaf80
                0x08000188                        . = ALIGN (0x4)
 *(.text)
 .text          0x08000188       0x40 D:/.xinstall/STM32CubeIDE_1.7.0/STM32CubeIDE/plugins/com.st.stm32cube.ide.mcu.externaltools.gnu-tools-for-stm32.12.3.rel1.win32_1.1.0.202410251130/tools/bin/../lib/gcc/arm-none-eabi/12.3.1/thumb/v7e-m+fp/hard/crtbegin.o
 .text          0x080001c8      0x378 D:/.xinstall/STM32CubeIDE_1.7.0/STM32CubeIDE/plugins/com.st.stm32cube.ide.mcu.externaltools.gnu-tools-for-stm32.12.3.rel1.win32_1.1.0.202410251130/tools/bin/../lib/gcc/arm-none-eabi/12.3.1/thumb/v7e-m+fp/hard\libgcc.a(_arm_addsubdf3.o)
                0x080001c8                __aeabi_drsub
                0x080001d0                __aeabi_dsub
                0x080001d0                __subdf3
                0x080001d4                __aeabi_dadd
                0x080001d4                __adddf3
                0x0800044c                __floatunsidf
                0x0800044c                __aeabi_ui2d
                0x0800046c                __floatsidf
                0x0800046c                __aeabi_i2d
                0x08000490                __aeabi_f2d
                0x08000490                __extendsfdf2
                0x080004d4                __floatundidf
                0x080004d4                __aeabi_ul2d
                0x080004e4                __floatdidf
                0x080004e4                __aeabi_l2d
 .text          0x08000540      0x424 D:/.xinstall/STM32CubeIDE_1.7.0/STM32CubeIDE/plugins/com.st.stm32cube.ide.mcu.externaltools.gnu-tools-for-stm32.12.3.rel1.win32_1.1.0.202410251130/tools/bin/../lib/gcc/arm-none-eabi/12.3.1/thumb/v7e-m+fp/hard\libgcc.a(_arm_muldivdf3.o)
                0x08000540                __aeabi_dmul
                0x08000540                __muldf3
                0x08000794                __divdf3
                0x08000794                __aeabi_ddiv
 .text          0x08000964      0x110 D:/.xinstall/STM32CubeIDE_1.7.0/STM32CubeIDE/plugins/com.st.stm32cube.ide.mcu.externaltools.gnu-tools-for-stm32.12.3.rel1.win32_1.1.0.202410251130/tools/bin/../lib/gcc/arm-none-eabi/12.3.1/thumb/v7e-m+fp/hard\libgcc.a(_arm_cmpdf2.o)
                0x08000964                __gtdf2
                0x08000964                __gedf2
                0x0800096c                __ltdf2
                0x0800096c                __ledf2
                0x08000974                __nedf2
                0x08000974                __eqdf2
                0x08000974                __cmpdf2
                0x080009f0                __aeabi_cdrcmple
                0x08000a00                __aeabi_cdcmpeq
                0x08000a00                __aeabi_cdcmple
                0x08000a10                __aeabi_dcmpeq
                0x08000a24                __aeabi_dcmplt
                0x08000a38                __aeabi_dcmple
                0x08000a4c                __aeabi_dcmpge
                0x08000a60                __aeabi_dcmpgt
 .text          0x08000a74       0x50 D:/.xinstall/STM32CubeIDE_1.7.0/STM32CubeIDE/plugins/com.st.stm32cube.ide.mcu.externaltools.gnu-tools-for-stm32.12.3.rel1.win32_1.1.0.202410251130/tools/bin/../lib/gcc/arm-none-eabi/12.3.1/thumb/v7e-m+fp/hard\libgcc.a(_arm_fixdfsi.o)
                0x08000a74                __aeabi_d2iz
                0x08000a74                __fixdfsi
 .text          0x08000ac4       0x40 D:/.xinstall/STM32CubeIDE_1.7.0/STM32CubeIDE/plugins/com.st.stm32cube.ide.mcu.externaltools.gnu-tools-for-stm32.12.3.rel1.win32_1.1.0.202410251130/tools/bin/../lib/gcc/arm-none-eabi/12.3.1/thumb/v7e-m+fp/hard\libgcc.a(_arm_fixunsdfsi.o)
                0x08000ac4                __aeabi_d2uiz
                0x08000ac4                __fixunsdfsi
 .text          0x08000b04       0xa0 D:/.xinstall/STM32CubeIDE_1.7.0/STM32CubeIDE/plugins/com.st.stm32cube.ide.mcu.externaltools.gnu-tools-for-stm32.12.3.rel1.win32_1.1.0.202410251130/tools/bin/../lib/gcc/arm-none-eabi/12.3.1/thumb/v7e-m+fp/hard\libgcc.a(_arm_truncdfsf2.o)
                0x08000b04                __truncdfsf2
                0x08000b04                __aeabi_d2f
 .text          0x08000ba4       0x30 D:/.xinstall/STM32CubeIDE_1.7.0/STM32CubeIDE/plugins/com.st.stm32cube.ide.mcu.externaltools.gnu-tools-for-stm32.12.3.rel1.win32_1.1.0.202410251130/tools/bin/../lib/gcc/arm-none-eabi/12.3.1/thumb/v7e-m+fp/hard\libgcc.a(_aeabi_uldivmod.o)
                0x08000ba4                __aeabi_uldivmod
 .text          0x08000bd4      0x2bc D:/.xinstall/STM32CubeIDE_1.7.0/STM32CubeIDE/plugins/com.st.stm32cube.ide.mcu.externaltools.gnu-tools-for-stm32.12.3.rel1.win32_1.1.0.202410251130/tools/bin/../lib/gcc/arm-none-eabi/12.3.1/thumb/v7e-m+fp/hard\libgcc.a(_udivmoddi4.o)
                0x08000bd4                __udivmoddi4
 .text          0x08000e90        0x4 D:/.xinstall/STM32CubeIDE_1.7.0/STM32CubeIDE/plugins/com.st.stm32cube.ide.mcu.externaltools.gnu-tools-for-stm32.12.3.rel1.win32_1.1.0.202410251130/tools/bin/../lib/gcc/arm-none-eabi/12.3.1/thumb/v7e-m+fp/hard\libgcc.a(_dvmd_tls.o)
                0x08000e90                __aeabi_idiv0
                0x08000e90                __aeabi_ldiv0
 *(.text*)
 .text.initButton
                0x08000e94       0x18 ./Core/Src/button.o
                0x08000e94                initButton
 .text.buttonScan
                0x08000eac       0xd8 ./Core/Src/button.o
                0x08000eac                buttonScan
 .text.RBufferIsFull
                0x08000f84       0x48 ./Core/Src/dataStructure.o
                0x08000f84                RBufferIsFull
 .text.RBufferInsert
                0x08000fcc       0x60 ./Core/Src/dataStructure.o
                0x08000fcc                RBufferInsert
 .text.initds3231
                0x0800102c       0x34 ./Core/Src/ds3231.o
                0x0800102c                initds3231
 .text.ds3231Write
                0x08001060       0x44 ./Core/Src/ds3231.o
                0x08001060                ds3231Write
 .text.ds3231ReadTime
                0x080010a4       0xe0 ./Core/Src/ds3231.o
                0x080010a4                ds3231ReadTime
 .text.ds3231SetSec
                0x08001184       0x1c ./Core/Src/ds3231.o
                0x08001184                ds3231SetSec
 .text.ds3231SetMin
                0x080011a0       0x1c ./Core/Src/ds3231.o
                0x080011a0                ds3231SetMin
 .text.ds3231SetHour
                0x080011bc       0x44 ./Core/Src/ds3231.o
                0x080011bc                ds3231SetHour
 .text.ds3231SetDay
                0x08001200       0x1c ./Core/Src/ds3231.o
                0x08001200                ds3231SetDay
 .text.ds3231SetDate
                0x0800121c       0x1c ./Core/Src/ds3231.o
                0x0800121c                ds3231SetDate
 .text.ds3231SetMonth
                0x08001238       0x74 ./Core/Src/ds3231.o
                0x08001238                ds3231SetMonth
 .text.ds3231SetYear
                0x080012ac       0xc8 ./Core/Src/ds3231.o
                0x080012ac                ds3231SetYear
 .text.ds3231EnableA1
                0x08001374       0x68 ./Core/Src/ds3231.o
                0x08001374                ds3231EnableA1
 .text.ds3231EnableA2
                0x080013dc       0x68 ./Core/Src/ds3231.o
                0x080013dc                ds3231EnableA2
 .text.ds3231ClearFlagA1
                0x08001444       0x4c ./Core/Src/ds3231.o
                0x08001444                ds3231ClearFlagA1
 .text.ds3231ClearFlagA2
                0x08001490       0x4c ./Core/Src/ds3231.o
                0x08001490                ds3231ClearFlagA2
 .text.MX_FSMC_Init
                0x080014dc       0xf4 ./Core/Src/fsmc.o
                0x080014dc                MX_FSMC_Init
 .text.HAL_FSMC_MspInit
                0x080015d0       0x98 ./Core/Src/fsmc.o
 .text.HAL_SRAM_MspInit
                0x08001668       0x14 ./Core/Src/fsmc.o
                0x08001668                HAL_SRAM_MspInit
 .text.MX_GPIO_Init
                0x0800167c      0x1f0 ./Core/Src/gpio.o
                0x0800167c                MX_GPIO_Init
 .text.MX_I2C1_Init
                0x0800186c       0x5c ./Core/Src/i2c.o
                0x0800186c                MX_I2C1_Init
 .text.HAL_I2C_MspInit
                0x080018c8       0x90 ./Core/Src/i2c.o
                0x080018c8                HAL_I2C_MspInit
 .text.LCD_WR_REG
                0x08001958       0x20 ./Core/Src/lcd.o
                0x08001958                LCD_WR_REG
 .text.LCD_WR_DATA
                0x08001978       0x20 ./Core/Src/lcd.o
 .text.LCD_RD_DATA
                0x08001998       0x24 ./Core/Src/lcd.o
 .text.lcdSetAddress
                0x080019bc       0x98 ./Core/Src/lcd.o
                0x080019bc                lcdSetAddress
 .text.lcdClear
                0x08001a54       0x64 ./Core/Src/lcd.o
                0x08001a54                lcdClear
 .text.lcdDrawPoint
                0x08001ab8       0x2e ./Core/Src/lcd.o
                0x08001ab8                lcdDrawPoint
 .text.lcdDrawLine
                0x08001ae6      0x108 ./Core/Src/lcd.o
                0x08001ae6                lcdDrawLine
 *fill*         0x08001bee        0x2 
 .text.lcdShowChar
                0x08001bf0      0x1a0 ./Core/Src/lcd.o
                0x08001bf0                lcdShowChar
 .text.mypow    0x08001d90       0x38 ./Core/Src/lcd.o
 .text.lcdShowIntNumCenter
                0x08001dc8      0x128 ./Core/Src/lcd.o
                0x08001dc8                lcdShowIntNumCenter
 .text.lcdSetDirection
                0x08001ef0       0x48 ./Core/Src/lcd.o
                0x08001ef0                lcdSetDirection
 .text.initLCD  0x08001f38      0x2c0 ./Core/Src/lcd.o
                0x08001f38                initLCD
 .text._draw_circle_8
                0x080021f8      0x116 ./Core/Src/lcd.o
 .text.lcdDrawCircle
                0x0800230e       0xd8 ./Core/Src/lcd.o
                0x0800230e                lcdDrawCircle
 *fill*         0x080023e6        0x2 
 .text.lcdShowString
                0x080023e8       0xc8 ./Core/Src/lcd.o
                0x080023e8                lcdShowString
 .text.lcdShowStringCenter
                0x080024b0       0xa0 ./Core/Src/lcd.o
                0x080024b0                lcdShowStringCenter
 .text.initLed7Seg
                0x08002550       0x18 ./Core/Src/led7Seg.o
                0x08002550                initLed7Seg
 .text.led7SegDisplay
                0x08002568      0x118 ./Core/Src/led7Seg.o
                0x08002568                led7SegDisplay
 .text.led7SegSetDigit
                0x08002680       0x40 ./Core/Src/led7Seg.o
                0x08002680                led7SegSetDigit
 .text.led7SegSetColon
                0x080026c0       0x40 ./Core/Src/led7Seg.o
                0x080026c0                led7SegSetColon
 .text.led7SegTurnOff
                0x08002700       0x24 ./Core/Src/led7Seg.o
                0x08002700                led7SegTurnOff
 .text.led7SegDebugTurnOn
                0x08002724       0x44 ./Core/Src/led7Seg.o
                0x08002724                led7SegDebugTurnOn
 .text.led7SegDebugTurnOff
                0x08002768       0x48 ./Core/Src/led7Seg.o
                0x08002768                led7SegDebugTurnOff
 .text.main     0x080027b0     0x13a4 ./Core/Src/main.o
                0x080027b0                main
 .text.SystemClock_Config
                0x08003b54       0xd4 ./Core/Src/main.o
                0x08003b54                SystemClock_Config
 .text.debugSystem
                0x08003c28       0x14 ./Core/Src/main.o
                0x08003c28                debugSystem
 .text.initSystem
                0x08003c3c       0x20 ./Core/Src/main.o
                0x08003c3c                initSystem
 .text.setTime  0x08003c5c       0x5c ./Core/Src/main.o
                0x08003c5c                setTime
 .text.displayClock
                0x08003cb8      0x170 ./Core/Src/main.o
                0x08003cb8                displayClock
 .text.displaySecClockwise
                0x08003e28      0x1f4 ./Core/Src/main.o
                0x08003e28                displaySecClockwise
 *fill*         0x0800401c        0x4 
 .text.displayMinClockwise
                0x08004020      0x234 ./Core/Src/main.o
                0x08004020                displayMinClockwise
 *fill*         0x08004254        0x4 
 .text.displayHourClockwise
                0x08004258      0x248 ./Core/Src/main.o
                0x08004258                displayHourClockwise
 .text.displayTime
                0x080044a0       0xfc ./Core/Src/main.o
                0x080044a0                displayTime
 .text.displayDate
                0x0800459c      0x148 ./Core/Src/main.o
                0x0800459c                displayDate
 .text.displayDay
                0x080046e4      0x150 ./Core/Src/main.o
                0x080046e4                displayDay
 .text.displayTimeLed7Seg
                0x08004834      0x100 ./Core/Src/main.o
                0x08004834                displayTimeLed7Seg
 .text.increaseSec
                0x08004934       0x68 ./Core/Src/main.o
                0x08004934                increaseSec
 .text.decreaseSec
                0x0800499c       0x68 ./Core/Src/main.o
                0x0800499c                decreaseSec
 .text.increaseMin
                0x08004a04       0x4c ./Core/Src/main.o
                0x08004a04                increaseMin
 .text.decreaseMin
                0x08004a50       0x4c ./Core/Src/main.o
                0x08004a50                decreaseMin
 .text.increaseHour
                0x08004a9c       0x30 ./Core/Src/main.o
                0x08004a9c                increaseHour
 .text.decreaseHour
                0x08004acc       0x30 ./Core/Src/main.o
                0x08004acc                decreaseHour
 .text.increaseDay
                0x08004afc       0x30 ./Core/Src/main.o
                0x08004afc                increaseDay
 .text.decreaseDay
                0x08004b2c       0x30 ./Core/Src/main.o
                0x08004b2c                decreaseDay
 .text.increaseDate
                0x08004b5c       0x70 ./Core/Src/main.o
                0x08004b5c                increaseDate
 .text.decreaseDate
                0x08004bcc       0x64 ./Core/Src/main.o
                0x08004bcc                decreaseDate
 .text.increaseMonth
                0x08004c30       0x6c ./Core/Src/main.o
                0x08004c30                increaseMonth
 .text.decreaseMonth
                0x08004c9c       0x6c ./Core/Src/main.o
                0x08004c9c                decreaseMonth
 .text.increaseYear
                0x08004d08       0x50 ./Core/Src/main.o
                0x08004d08                increaseYear
 .text.decreaseYear
                0x08004d58       0x58 ./Core/Src/main.o
                0x08004d58                decreaseYear
 .text.getDaysInMonth
                0x08004db0       0xbc ./Core/Src/main.o
                0x08004db0                getDaysInMonth
 .text.Error_Handler
                0x08004e6c        0xc ./Core/Src/main.o
                0x08004e6c                Error_Handler
 .text.HAL_UART_RxCpltCallback
                0x08004e78       0x50 ./Core/Src/rs232_uart.o
                0x08004e78                HAL_UART_RxCpltCallback
 .text.initTimer2
                0x08004ec8       0x14 ./Core/Src/sTimer.o
                0x08004ec8                initTimer2
 .text.initTimer4
                0x08004edc       0x14 ./Core/Src/sTimer.o
                0x08004edc                initTimer4
 .text.sTimer2Set
                0x08004ef0       0x3c ./Core/Src/sTimer.o
                0x08004ef0                sTimer2Set
 .text.sTimer4Set
                0x08004f2c       0x3c ./Core/Src/sTimer.o
                0x08004f2c                sTimer4Set
 .text.sTimer2GetFlag
                0x08004f68       0x38 ./Core/Src/sTimer.o
                0x08004f68                sTimer2GetFlag
 .text.sTimer4GetFlag
                0x08004fa0       0x38 ./Core/Src/sTimer.o
                0x08004fa0                sTimer4GetFlag
 .text.HAL_TIM_PeriodElapsedCallback
                0x08004fd8       0x80 ./Core/Src/sTimer.o
                0x08004fd8                HAL_TIM_PeriodElapsedCallback
 .text.MX_SPI1_Init
                0x08005058       0x6c ./Core/Src/spi.o
                0x08005058                MX_SPI1_Init
 .text.HAL_SPI_MspInit
                0x080050c4       0x90 ./Core/Src/spi.o
                0x080050c4                HAL_SPI_MspInit
 .text.HAL_MspInit
                0x08005154       0x50 ./Core/Src/stm32f4xx_hal_msp.o
                0x08005154                HAL_MspInit
 .text.NMI_Handler
                0x080051a4        0x8 ./Core/Src/stm32f4xx_it.o
                0x080051a4                NMI_Handler
 .text.HardFault_Handler
                0x080051ac        0x8 ./Core/Src/stm32f4xx_it.o
                0x080051ac                HardFault_Handler
 .text.MemManage_Handler
                0x080051b4        0x8 ./Core/Src/stm32f4xx_it.o
                0x080051b4                MemManage_Handler
 .text.BusFault_Handler
                0x080051bc        0x8 ./Core/Src/stm32f4xx_it.o
                0x080051bc                BusFault_Handler
 .text.UsageFault_Handler
                0x080051c4        0x8 ./Core/Src/stm32f4xx_it.o
                0x080051c4                UsageFault_Handler
 .text.SVC_Handler
                0x080051cc        0xe ./Core/Src/stm32f4xx_it.o
                0x080051cc                SVC_Handler
 .text.DebugMon_Handler
                0x080051da        0xe ./Core/Src/stm32f4xx_it.o
                0x080051da                DebugMon_Handler
 .text.PendSV_Handler
                0x080051e8        0xe ./Core/Src/stm32f4xx_it.o
                0x080051e8                PendSV_Handler
 .text.SysTick_Handler
                0x080051f6        0xc ./Core/Src/stm32f4xx_it.o
                0x080051f6                SysTick_Handler
 *fill*         0x08005202        0x2 
 .text.TIM2_IRQHandler
                0x08005204       0x14 ./Core/Src/stm32f4xx_it.o
                0x08005204                TIM2_IRQHandler
 .text.TIM4_IRQHandler
                0x08005218       0x14 ./Core/Src/stm32f4xx_it.o
                0x08005218                TIM4_IRQHandler
 .text.USART1_IRQHandler
                0x0800522c       0x14 ./Core/Src/stm32f4xx_it.o
                0x0800522c                USART1_IRQHandler
 .text.SystemInit
                0x08005240       0x24 ./Core/Src/system_stm32f4xx.o
                0x08005240                SystemInit
 .text.MX_TIM2_Init
                0x08005264       0x98 ./Core/Src/tim.o
                0x08005264                MX_TIM2_Init
 .text.MX_TIM4_Init
                0x080052fc       0x9c ./Core/Src/tim.o
                0x080052fc                MX_TIM4_Init
 .text.HAL_TIM_Base_MspInit
                0x08005398       0x88 ./Core/Src/tim.o
                0x08005398                HAL_TIM_Base_MspInit
 .text.MX_USART1_UART_Init
                0x08005420       0x54 ./Core/Src/usart.o
                0x08005420                MX_USART1_UART_Init
 .text.HAL_UART_MspInit
                0x08005474       0xa0 ./Core/Src/usart.o
                0x08005474                HAL_UART_MspInit
 .text.BCD2DEC  0x08005514       0x32 ./Core/Src/utils.o
                0x08005514                BCD2DEC
 *fill*         0x08005546        0x2 
 .text.DEC2BCD  0x08005548       0x48 ./Core/Src/utils.o
                0x08005548                DEC2BCD
 .text.Reset_Handler
                0x08005590       0x50 ./Core/Startup/startup_stm32f407zgtx.o
                0x08005590                Reset_Handler
 .text.Default_Handler
                0x080055e0        0x2 ./Core/Startup/startup_stm32f407zgtx.o
                0x080055e0                RTC_Alarm_IRQHandler
                0x080055e0                HASH_RNG_IRQHandler
                0x080055e0                EXTI2_IRQHandler
                0x080055e0                TIM8_CC_IRQHandler
                0x080055e0                TIM1_CC_IRQHandler
                0x080055e0                DMA2_Stream5_IRQHandler
                0x080055e0                DMA1_Stream5_IRQHandler
                0x080055e0                PVD_IRQHandler
                0x080055e0                SDIO_IRQHandler
                0x080055e0                TAMP_STAMP_IRQHandler
                0x080055e0                CAN2_RX1_IRQHandler
                0x080055e0                EXTI3_IRQHandler
                0x080055e0                TIM8_TRG_COM_TIM14_IRQHandler
                0x080055e0                TIM1_UP_TIM10_IRQHandler
                0x080055e0                TIM8_UP_TIM13_IRQHandler
                0x080055e0                I2C3_ER_IRQHandler
                0x080055e0                EXTI0_IRQHandler
                0x080055e0                I2C2_EV_IRQHandler
                0x080055e0                DMA1_Stream2_IRQHandler
                0x080055e0                CAN1_RX0_IRQHandler
                0x080055e0                FPU_IRQHandler
                0x080055e0                OTG_HS_WKUP_IRQHandler
                0x080055e0                CAN2_SCE_IRQHandler
                0x080055e0                DMA2_Stream2_IRQHandler
                0x080055e0                SPI1_IRQHandler
                0x080055e0                TIM6_DAC_IRQHandler
                0x080055e0                TIM1_BRK_TIM9_IRQHandler
                0x080055e0                DCMI_IRQHandler
                0x080055e0                CAN2_RX0_IRQHandler
                0x080055e0                DMA2_Stream3_IRQHandler
                0x080055e0                USART6_IRQHandler
                0x080055e0                USART3_IRQHandler
                0x080055e0                CAN1_RX1_IRQHandler
                0x080055e0                UART5_IRQHandler
                0x080055e0                DMA2_Stream0_IRQHandler
                0x080055e0                I2C1_EV_IRQHandler
                0x080055e0                DMA1_Stream6_IRQHandler
                0x080055e0                DMA1_Stream1_IRQHandler
                0x080055e0                UART4_IRQHandler
                0x080055e0                TIM3_IRQHandler
                0x080055e0                RCC_IRQHandler
                0x080055e0                TIM8_BRK_TIM12_IRQHandler
                0x080055e0                Default_Handler
                0x080055e0                EXTI15_10_IRQHandler
                0x080055e0                ADC_IRQHandler
                0x080055e0                DMA1_Stream7_IRQHandler
                0x080055e0                TIM7_IRQHandler
                0x080055e0                CAN2_TX_IRQHandler
                0x080055e0                TIM5_IRQHandler
                0x080055e0                DMA2_Stream7_IRQHandler
                0x080055e0                I2C3_EV_IRQHandler
                0x080055e0                EXTI9_5_IRQHandler
                0x080055e0                RTC_WKUP_IRQHandler
                0x080055e0                ETH_WKUP_IRQHandler
                0x080055e0                SPI2_IRQHandler
                0x080055e0                OTG_HS_EP1_IN_IRQHandler
                0x080055e0                DMA1_Stream0_IRQHandler
                0x080055e0                CAN1_TX_IRQHandler
                0x080055e0                EXTI4_IRQHandler
                0x080055e0                FSMC_IRQHandler
                0x080055e0                ETH_IRQHandler
                0x080055e0                OTG_HS_EP1_OUT_IRQHandler
                0x080055e0                WWDG_IRQHandler
                0x080055e0                OTG_FS_WKUP_IRQHandler
                0x080055e0                TIM1_TRG_COM_TIM11_IRQHandler
                0x080055e0                OTG_HS_IRQHandler
                0x080055e0                EXTI1_IRQHandler
                0x080055e0                USART2_IRQHandler
                0x080055e0                I2C2_ER_IRQHandler
                0x080055e0                DMA2_Stream1_IRQHandler
                0x080055e0                CAN1_SCE_IRQHandler
                0x080055e0                FLASH_IRQHandler
                0x080055e0                DMA2_Stream4_IRQHandler
                0x080055e0                OTG_FS_IRQHandler
                0x080055e0                SPI3_IRQHandler
                0x080055e0                DMA1_Stream4_IRQHandler
                0x080055e0                I2C1_ER_IRQHandler
                0x080055e0                DMA2_Stream6_IRQHandler
                0x080055e0                DMA1_Stream3_IRQHandler
 *fill*         0x080055e2        0x2 
 .text.HAL_Init
                0x080055e4       0x44 ./Drivers/STM32F4xx_HAL_Driver/Src/stm32f4xx_hal.o
                0x080055e4                HAL_Init
 .text.HAL_InitTick
                0x08005628       0x60 ./Drivers/STM32F4xx_HAL_Driver/Src/stm32f4xx_hal.o
                0x08005628                HAL_InitTick
 .text.HAL_IncTick
                0x08005688       0x28 ./Drivers/STM32F4xx_HAL_Driver/Src/stm32f4xx_hal.o
                0x08005688                HAL_IncTick
 .text.HAL_GetTick
                0x080056b0       0x18 ./Drivers/STM32F4xx_HAL_Driver/Src/stm32f4xx_hal.o
                0x080056b0                HAL_GetTick
 .text.HAL_Delay
                0x080056c8       0x48 ./Drivers/STM32F4xx_HAL_Driver/Src/stm32f4xx_hal.o
                0x080056c8                HAL_Delay
 .text.__NVIC_SetPriorityGrouping
                0x08005710       0x48 ./Drivers/STM32F4xx_HAL_Driver/Src/stm32f4xx_hal_cortex.o
 .text.__NVIC_GetPriorityGrouping
                0x08005758       0x1c ./Drivers/STM32F4xx_HAL_Driver/Src/stm32f4xx_hal_cortex.o
 .text.__NVIC_EnableIRQ
                0x08005774       0x3c ./Drivers/STM32F4xx_HAL_Driver/Src/stm32f4xx_hal_cortex.o
 .text.__NVIC_SetPriority
                0x080057b0       0x54 ./Drivers/STM32F4xx_HAL_Driver/Src/stm32f4xx_hal_cortex.o
 .text.NVIC_EncodePriority
                0x08005804       0x66 ./Drivers/STM32F4xx_HAL_Driver/Src/stm32f4xx_hal_cortex.o
 *fill*         0x0800586a        0x2 
 .text.SysTick_Config
                0x0800586c       0x44 ./Drivers/STM32F4xx_HAL_Driver/Src/stm32f4xx_hal_cortex.o
 .text.HAL_NVIC_SetPriorityGrouping
                0x080058b0       0x16 ./Drivers/STM32F4xx_HAL_Driver/Src/stm32f4xx_hal_cortex.o
                0x080058b0                HAL_NVIC_SetPriorityGrouping
 .text.HAL_NVIC_SetPriority
                0x080058c6       0x38 ./Drivers/STM32F4xx_HAL_Driver/Src/stm32f4xx_hal_cortex.o
                0x080058c6                HAL_NVIC_SetPriority
 .text.HAL_NVIC_EnableIRQ
                0x080058fe       0x1c ./Drivers/STM32F4xx_HAL_Driver/Src/stm32f4xx_hal_cortex.o
                0x080058fe                HAL_NVIC_EnableIRQ
 .text.HAL_SYSTICK_Config
                0x0800591a       0x18 ./Drivers/STM32F4xx_HAL_Driver/Src/stm32f4xx_hal_cortex.o
                0x0800591a                HAL_SYSTICK_Config
 .text.HAL_DMA_Abort
                0x08005932       0xe0 ./Drivers/STM32F4xx_HAL_Driver/Src/stm32f4xx_hal_dma.o
                0x08005932                HAL_DMA_Abort
 .text.HAL_DMA_Abort_IT
                0x08005a12       0x44 ./Drivers/STM32F4xx_HAL_Driver/Src/stm32f4xx_hal_dma.o
                0x08005a12                HAL_DMA_Abort_IT
 *fill*         0x08005a56        0x2 
 .text.HAL_GPIO_Init
                0x08005a58      0x338 ./Drivers/STM32F4xx_HAL_Driver/Src/stm32f4xx_hal_gpio.o
                0x08005a58                HAL_GPIO_Init
 .text.HAL_GPIO_WritePin
                0x08005d90       0x32 ./Drivers/STM32F4xx_HAL_Driver/Src/stm32f4xx_hal_gpio.o
                0x08005d90                HAL_GPIO_WritePin
 .text.HAL_GPIO_TogglePin
                0x08005dc2       0x34 ./Drivers/STM32F4xx_HAL_Driver/Src/stm32f4xx_hal_gpio.o
                0x08005dc2                HAL_GPIO_TogglePin
 *fill*         0x08005df6        0x2 
 .text.HAL_I2C_Init
                0x08005df8      0x288 ./Drivers/STM32F4xx_HAL_Driver/Src/stm32f4xx_hal_i2c.o
                0x08005df8                HAL_I2C_Init
 .text.HAL_I2C_Mem_Write
                0x08006080      0x1f4 ./Drivers/STM32F4xx_HAL_Driver/Src/stm32f4xx_hal_i2c.o
                0x08006080                HAL_I2C_Mem_Write
 .text.HAL_I2C_Mem_Read
                0x08006274      0x464 ./Drivers/STM32F4xx_HAL_Driver/Src/stm32f4xx_hal_i2c.o
                0x08006274                HAL_I2C_Mem_Read
 .text.HAL_I2C_IsDeviceReady
                0x080066d8      0x25c ./Drivers/STM32F4xx_HAL_Driver/Src/stm32f4xx_hal_i2c.o
                0x080066d8                HAL_I2C_IsDeviceReady
 .text.I2C_RequestMemoryWrite
                0x08006934      0x12c ./Drivers/STM32F4xx_HAL_Driver/Src/stm32f4xx_hal_i2c.o
 .text.I2C_RequestMemoryRead
                0x08006a60      0x1d0 ./Drivers/STM32F4xx_HAL_Driver/Src/stm32f4xx_hal_i2c.o
 .text.I2C_WaitOnFlagUntilTimeout
                0x08006c30       0xf4 ./Drivers/STM32F4xx_HAL_Driver/Src/stm32f4xx_hal_i2c.o
 .text.I2C_WaitOnMasterAddressFlagUntilTimeout
                0x08006d24      0x140 ./Drivers/STM32F4xx_HAL_Driver/Src/stm32f4xx_hal_i2c.o
 .text.I2C_WaitOnTXEFlagUntilTimeout
                0x08006e64       0x90 ./Drivers/STM32F4xx_HAL_Driver/Src/stm32f4xx_hal_i2c.o
 .text.I2C_WaitOnBTFFlagUntilTimeout
                0x08006ef4       0x90 ./Drivers/STM32F4xx_HAL_Driver/Src/stm32f4xx_hal_i2c.o
 .text.I2C_WaitOnRXNEFlagUntilTimeout
                0x08006f84       0xba ./Drivers/STM32F4xx_HAL_Driver/Src/stm32f4xx_hal_i2c.o
 .text.I2C_IsAcknowledgeFailed
                0x0800703e       0x5e ./Drivers/STM32F4xx_HAL_Driver/Src/stm32f4xx_hal_i2c.o
 .text.HAL_RCC_OscConfig
                0x0800709c      0x4f0 ./Drivers/STM32F4xx_HAL_Driver/Src/stm32f4xx_hal_rcc.o
                0x0800709c                HAL_RCC_OscConfig
 .text.HAL_RCC_ClockConfig
                0x0800758c      0x1cc ./Drivers/STM32F4xx_HAL_Driver/Src/stm32f4xx_hal_rcc.o
                0x0800758c                HAL_RCC_ClockConfig
 .text.HAL_RCC_GetSysClockFreq
                0x08007758      0x20c ./Drivers/STM32F4xx_HAL_Driver/Src/stm32f4xx_hal_rcc.o
                0x08007758                HAL_RCC_GetSysClockFreq
 .text.HAL_RCC_GetHCLKFreq
                0x08007964       0x18 ./Drivers/STM32F4xx_HAL_Driver/Src/stm32f4xx_hal_rcc.o
                0x08007964                HAL_RCC_GetHCLKFreq
 .text.HAL_RCC_GetPCLK1Freq
                0x0800797c       0x28 ./Drivers/STM32F4xx_HAL_Driver/Src/stm32f4xx_hal_rcc.o
                0x0800797c                HAL_RCC_GetPCLK1Freq
 .text.HAL_RCC_GetPCLK2Freq
                0x080079a4       0x28 ./Drivers/STM32F4xx_HAL_Driver/Src/stm32f4xx_hal_rcc.o
                0x080079a4                HAL_RCC_GetPCLK2Freq
 .text.HAL_SPI_Init
                0x080079cc      0x112 ./Drivers/STM32F4xx_HAL_Driver/Src/stm32f4xx_hal_spi.o
                0x080079cc                HAL_SPI_Init
 .text.HAL_SPI_Transmit
                0x08007ade      0x286 ./Drivers/STM32F4xx_HAL_Driver/Src/stm32f4xx_hal_spi.o
                0x08007ade                HAL_SPI_Transmit
 .text.HAL_SPI_Receive
                0x08007d64      0x230 ./Drivers/STM32F4xx_HAL_Driver/Src/stm32f4xx_hal_spi.o
                0x08007d64                HAL_SPI_Receive
 .text.HAL_SPI_TransmitReceive
                0x08007f94      0x360 ./Drivers/STM32F4xx_HAL_Driver/Src/stm32f4xx_hal_spi.o
                0x08007f94                HAL_SPI_TransmitReceive
 .text.SPI_WaitFlagStateUntilTimeout
                0x080082f4      0x110 ./Drivers/STM32F4xx_HAL_Driver/Src/stm32f4xx_hal_spi.o
 .text.SPI_EndRxTransaction
                0x08008404       0xca ./Drivers/STM32F4xx_HAL_Driver/Src/stm32f4xx_hal_spi.o
 *fill*         0x080084ce        0x2 
 .text.SPI_EndRxTxTransaction
                0x080084d0       0xa8 ./Drivers/STM32F4xx_HAL_Driver/Src/stm32f4xx_hal_spi.o
 .text.HAL_SRAM_Init
                0x08008578       0x90 ./Drivers/STM32F4xx_HAL_Driver/Src/stm32f4xx_hal_sram.o
                0x08008578                HAL_SRAM_Init
 .text.HAL_TIM_Base_Init
                0x08008608       0x9e ./Drivers/STM32F4xx_HAL_Driver/Src/stm32f4xx_hal_tim.o
                0x08008608                HAL_TIM_Base_Init
 *fill*         0x080086a6        0x2 
 .text.HAL_TIM_Base_Start_IT
                0x080086a8       0xe0 ./Drivers/STM32F4xx_HAL_Driver/Src/stm32f4xx_hal_tim.o
                0x080086a8                HAL_TIM_Base_Start_IT
 .text.HAL_TIM_IRQHandler
                0x08008788      0x1e0 ./Drivers/STM32F4xx_HAL_Driver/Src/stm32f4xx_hal_tim.o
                0x08008788                HAL_TIM_IRQHandler
 .text.HAL_TIM_ConfigClockSource
                0x08008968      0x18e ./Drivers/STM32F4xx_HAL_Driver/Src/stm32f4xx_hal_tim.o
                0x08008968                HAL_TIM_ConfigClockSource
 .text.HAL_TIM_OC_DelayElapsedCallback
                0x08008af6       0x14 ./Drivers/STM32F4xx_HAL_Driver/Src/stm32f4xx_hal_tim.o
                0x08008af6                HAL_TIM_OC_DelayElapsedCallback
 .text.HAL_TIM_IC_CaptureCallback
                0x08008b0a       0x14 ./Drivers/STM32F4xx_HAL_Driver/Src/stm32f4xx_hal_tim.o
                0x08008b0a                HAL_TIM_IC_CaptureCallback
 .text.HAL_TIM_PWM_PulseFinishedCallback
                0x08008b1e       0x14 ./Drivers/STM32F4xx_HAL_Driver/Src/stm32f4xx_hal_tim.o
                0x08008b1e                HAL_TIM_PWM_PulseFinishedCallback
 .text.HAL_TIM_TriggerCallback
                0x08008b32       0x14 ./Drivers/STM32F4xx_HAL_Driver/Src/stm32f4xx_hal_tim.o
                0x08008b32                HAL_TIM_TriggerCallback
 *fill*         0x08008b46        0x2 
 .text.TIM_Base_SetConfig
                0x08008b48      0x158 ./Drivers/STM32F4xx_HAL_Driver/Src/stm32f4xx_hal_tim.o
                0x08008b48                TIM_Base_SetConfig
 .text.TIM_TI1_ConfigInputStage
                0x08008ca0       0x5e ./Drivers/STM32F4xx_HAL_Driver/Src/stm32f4xx_hal_tim.o
 .text.TIM_TI2_ConfigInputStage
                0x08008cfe       0x60 ./Drivers/STM32F4xx_HAL_Driver/Src/stm32f4xx_hal_tim.o
 .text.TIM_ITRx_SetConfig
                0x08008d5e       0x36 ./Drivers/STM32F4xx_HAL_Driver/Src/stm32f4xx_hal_tim.o
 .text.TIM_ETR_SetConfig
                0x08008d94       0x40 ./Drivers/STM32F4xx_HAL_Driver/Src/stm32f4xx_hal_tim.o
                0x08008d94                TIM_ETR_SetConfig
 .text.HAL_TIMEx_MasterConfigSynchronization
                0x08008dd4       0xf8 ./Drivers/STM32F4xx_HAL_Driver/Src/stm32f4xx_hal_tim_ex.o
                0x08008dd4                HAL_TIMEx_MasterConfigSynchronization
 .text.HAL_TIMEx_CommutCallback
                0x08008ecc       0x14 ./Drivers/STM32F4xx_HAL_Driver/Src/stm32f4xx_hal_tim_ex.o
                0x08008ecc                HAL_TIMEx_CommutCallback
 .text.HAL_TIMEx_BreakCallback
                0x08008ee0       0x14 ./Drivers/STM32F4xx_HAL_Driver/Src/stm32f4xx_hal_tim_ex.o
                0x08008ee0                HAL_TIMEx_BreakCallback
 .text.HAL_UART_Init
                0x08008ef4       0xa0 ./Drivers/STM32F4xx_HAL_Driver/Src/stm32f4xx_hal_uart.o
                0x08008ef4                HAL_UART_Init
 .text.HAL_UART_Receive_IT
                0x08008f94       0x4a ./Drivers/STM32F4xx_HAL_Driver/Src/stm32f4xx_hal_uart.o
                0x08008f94                HAL_UART_Receive_IT
 *fill*         0x08008fde        0x2 
 .text.HAL_UART_IRQHandler
                0x08008fe0      0x524 ./Drivers/STM32F4xx_HAL_Driver/Src/stm32f4xx_hal_uart.o
                0x08008fe0                HAL_UART_IRQHandler
 .text.HAL_UART_TxCpltCallback
                0x08009504       0x14 ./Drivers/STM32F4xx_HAL_Driver/Src/stm32f4xx_hal_uart.o
                0x08009504                HAL_UART_TxCpltCallback
 .text.HAL_UART_ErrorCallback
                0x08009518       0x14 ./Drivers/STM32F4xx_HAL_Driver/Src/stm32f4xx_hal_uart.o
                0x08009518                HAL_UART_ErrorCallback
 .text.HAL_UARTEx_RxEventCallback
                0x0800952c       0x18 ./Drivers/STM32F4xx_HAL_Driver/Src/stm32f4xx_hal_uart.o
                0x0800952c                HAL_UARTEx_RxEventCallback
 .text.UART_Start_Receive_IT
                0x08009544       0x74 ./Drivers/STM32F4xx_HAL_Driver/Src/stm32f4xx_hal_uart.o
                0x08009544                UART_Start_Receive_IT
 .text.UART_EndRxTransfer
                0x080095b8       0xc6 ./Drivers/STM32F4xx_HAL_Driver/Src/stm32f4xx_hal_uart.o
 .text.UART_DMAAbortOnError
                0x0800967e       0x28 ./Drivers/STM32F4xx_HAL_Driver/Src/stm32f4xx_hal_uart.o
 .text.UART_Transmit_IT
                0x080096a6       0xa0 ./Drivers/STM32F4xx_HAL_Driver/Src/stm32f4xx_hal_uart.o
 .text.UART_EndTransmit_IT
                0x08009746       0x30 ./Drivers/STM32F4xx_HAL_Driver/Src/stm32f4xx_hal_uart.o
 .text.UART_Receive_IT
                0x08009776      0x17c ./Drivers/STM32F4xx_HAL_Driver/Src/stm32f4xx_hal_uart.o
 *fill*         0x080098f2        0x2 
 .text.UART_SetConfig
                0x080098f4      0x4e8 ./Drivers/STM32F4xx_HAL_Driver/Src/stm32f4xx_hal_uart.o
 .text.FSMC_NORSRAM_Init
                0x08009ddc       0xd4 ./Drivers/STM32F4xx_HAL_Driver/Src/stm32f4xx_ll_fsmc.o
                0x08009ddc                FSMC_NORSRAM_Init
 .text.FSMC_NORSRAM_Timing_Init
                0x08009eb0       0x6a ./Drivers/STM32F4xx_HAL_Driver/Src/stm32f4xx_ll_fsmc.o
                0x08009eb0                FSMC_NORSRAM_Timing_Init
 *fill*         0x08009f1a        0x2 
 .text.FSMC_NORSRAM_Extended_Timing_Init
                0x08009f1c       0x70 ./Drivers/STM32F4xx_HAL_Driver/Src/stm32f4xx_ll_fsmc.o
                0x08009f1c                FSMC_NORSRAM_Extended_Timing_Init
 .text.memset   0x08009f8c       0x10 D:/.xinstall/STM32CubeIDE_1.7.0/STM32CubeIDE/plugins/com.st.stm32cube.ide.mcu.externaltools.gnu-tools-for-stm32.12.3.rel1.win32_1.1.0.202410251130/tools/bin/../lib/gcc/arm-none-eabi/12.3.1/../../../../arm-none-eabi/lib/thumb/v7e-m+fp/hard\libc_nano.a(libc_a-memset.o)
                0x08009f8c                memset
 .text.__libc_init_array
                0x08009f9c       0x48 D:/.xinstall/STM32CubeIDE_1.7.0/STM32CubeIDE/plugins/com.st.stm32cube.ide.mcu.externaltools.gnu-tools-for-stm32.12.3.rel1.win32_1.1.0.202410251130/tools/bin/../lib/gcc/arm-none-eabi/12.3.1/../../../../arm-none-eabi/lib/thumb/v7e-m+fp/hard\libc_nano.a(libc_a-init.o)
                0x08009f9c                __libc_init_array
 *fill*         0x08009fe4        0x4 
 .text.cos      0x08009fe8       0xa8 D:/.xinstall/STM32CubeIDE_1.7.0/STM32CubeIDE/plugins/com.st.stm32cube.ide.mcu.externaltools.gnu-tools-for-stm32.12.3.rel1.win32_1.1.0.202410251130/tools/bin/../lib/gcc/arm-none-eabi/12.3.1/../../../../arm-none-eabi/lib/thumb/v7e-m+fp/hard\libm.a(libm_a-s_cos.o)
                0x08009fe8                cos
 .text.sin      0x0800a090       0xa8 D:/.xinstall/STM32CubeIDE_1.7.0/STM32CubeIDE/plugins/com.st.stm32cube.ide.mcu.externaltools.gnu-tools-for-stm32.12.3.rel1.win32_1.1.0.202410251130/tools/bin/../lib/gcc/arm-none-eabi/12.3.1/../../../../arm-none-eabi/lib/thumb/v7e-m+fp/hard\libm.a(libm_a-s_sin.o)
                0x0800a090                sin
 .text.__kernel_cos
                0x0800a138      0x18c D:/.xinstall/STM32CubeIDE_1.7.0/STM32CubeIDE/plugins/com.st.stm32cube.ide.mcu.externaltools.gnu-tools-for-stm32.12.3.rel1.win32_1.1.0.202410251130/tools/bin/../lib/gcc/arm-none-eabi/12.3.1/../../../../arm-none-eabi/lib/thumb/v7e-m+fp/hard\libm.a(libm_a-k_cos.o)
                0x0800a138                __kernel_cos
 *fill*         0x0800a2c4        0x4 
 .text.__kernel_sin
                0x0800a2c8      0x174 D:/.xinstall/STM32CubeIDE_1.7.0/STM32CubeIDE/plugins/com.st.stm32cube.ide.mcu.externaltools.gnu-tools-for-stm32.12.3.rel1.win32_1.1.0.202410251130/tools/bin/../lib/gcc/arm-none-eabi/12.3.1/../../../../arm-none-eabi/lib/thumb/v7e-m+fp/hard\libm.a(libm_a-k_sin.o)
                0x0800a2c8                __kernel_sin
 *fill*         0x0800a43c        0x4 
 .text.__ieee754_rem_pio2
                0x0800a440      0x3f8 D:/.xinstall/STM32CubeIDE_1.7.0/STM32CubeIDE/plugins/com.st.stm32cube.ide.mcu.externaltools.gnu-tools-for-stm32.12.3.rel1.win32_1.1.0.202410251130/tools/bin/../lib/gcc/arm-none-eabi/12.3.1/../../../../arm-none-eabi/lib/thumb/v7e-m+fp/hard\libm.a(libm_a-e_rem_pio2.o)
                0x0800a440                __ieee754_rem_pio2
 .text.fabs     0x0800a838       0x10 D:/.xinstall/STM32CubeIDE_1.7.0/STM32CubeIDE/plugins/com.st.stm32cube.ide.mcu.externaltools.gnu-tools-for-stm32.12.3.rel1.win32_1.1.0.202410251130/tools/bin/../lib/gcc/arm-none-eabi/12.3.1/../../../../arm-none-eabi/lib/thumb/v7e-m+fp/hard\libm.a(libm_a-s_fabs.o)
                0x0800a838                fabs
 .text.__kernel_rem_pio2
                0x0800a848      0x6b0 D:/.xinstall/STM32CubeIDE_1.7.0/STM32CubeIDE/plugins/com.st.stm32cube.ide.mcu.externaltools.gnu-tools-for-stm32.12.3.rel1.win32_1.1.0.202410251130/tools/bin/../lib/gcc/arm-none-eabi/12.3.1/../../../../arm-none-eabi/lib/thumb/v7e-m+fp/hard\libm.a(libm_a-k_rem_pio2.o)
                0x0800a848                __kernel_rem_pio2
 .text.scalbn   0x0800aef8       0xfc D:/.xinstall/STM32CubeIDE_1.7.0/STM32CubeIDE/plugins/com.st.stm32cube.ide.mcu.externaltools.gnu-tools-for-stm32.12.3.rel1.win32_1.1.0.202410251130/tools/bin/../lib/gcc/arm-none-eabi/12.3.1/../../../../arm-none-eabi/lib/thumb/v7e-m+fp/hard\libm.a(libm_a-s_scalbn.o)
                0x0800aef8                scalbn
 *fill*         0x0800aff4        0x4 
 .text.floor    0x0800aff8       0xf8 D:/.xinstall/STM32CubeIDE_1.7.0/STM32CubeIDE/plugins/com.st.stm32cube.ide.mcu.externaltools.gnu-tools-for-stm32.12.3.rel1.win32_1.1.0.202410251130/tools/bin/../lib/gcc/arm-none-eabi/12.3.1/../../../../arm-none-eabi/lib/thumb/v7e-m+fp/hard\libm.a(libm_a-s_floor.o)
                0x0800aff8                floor
 *(.glue_7)
 .glue_7        0x0800b0f0        0x0 linker stubs
 *(.glue_7t)
 .glue_7t       0x0800b0f0        0x0 linker stubs
 *(.eh_frame)
 .eh_frame      0x0800b0f0        0x0 D:/.xinstall/STM32CubeIDE_1.7.0/STM32CubeIDE/plugins/com.st.stm32cube.ide.mcu.externaltools.gnu-tools-for-stm32.12.3.rel1.win32_1.1.0.202410251130/tools/bin/../lib/gcc/arm-none-eabi/12.3.1/thumb/v7e-m+fp/hard/crtbegin.o
 *(.init)
 .init          0x0800b0f0        0x4 D:/.xinstall/STM32CubeIDE_1.7.0/STM32CubeIDE/plugins/com.st.stm32cube.ide.mcu.externaltools.gnu-tools-for-stm32.12.3.rel1.win32_1.1.0.202410251130/tools/bin/../lib/gcc/arm-none-eabi/12.3.1/thumb/v7e-m+fp/hard/crti.o
                0x0800b0f0                _init
 .init          0x0800b0f4        0x8 D:/.xinstall/STM32CubeIDE_1.7.0/STM32CubeIDE/plugins/com.st.stm32cube.ide.mcu.externaltools.gnu-tools-for-stm32.12.3.rel1.win32_1.1.0.202410251130/tools/bin/../lib/gcc/arm-none-eabi/12.3.1/thumb/v7e-m+fp/hard/crtn.o
 *(.fini)
 .fini          0x0800b0fc        0x4 D:/.xinstall/STM32CubeIDE_1.7.0/STM32CubeIDE/plugins/com.st.stm32cube.ide.mcu.externaltools.gnu-tools-for-stm32.12.3.rel1.win32_1.1.0.202410251130/tools/bin/../lib/gcc/arm-none-eabi/12.3.1/thumb/v7e-m+fp/hard/crti.o
                0x0800b0fc                _fini
 .fini          0x0800b100        0x8 D:/.xinstall/STM32CubeIDE_1.7.0/STM32CubeIDE/plugins/com.st.stm32cube.ide.mcu.externaltools.gnu-tools-for-stm32.12.3.rel1.win32_1.1.0.202410251130/tools/bin/../lib/gcc/arm-none-eabi/12.3.1/thumb/v7e-m+fp/hard/crtn.o
                0x0800b108                        . = ALIGN (0x4)
                0x0800b108                        _etext = .

.vfp11_veneer   0x0800b108        0x0
 .vfp11_veneer  0x0800b108        0x0 linker stubs

.v4_bx          0x0800b108        0x0
 .v4_bx         0x0800b108        0x0 linker stubs

.iplt           0x0800b108        0x0
 .iplt          0x0800b108        0x0 D:/.xinstall/STM32CubeIDE_1.7.0/STM32CubeIDE/plugins/com.st.stm32cube.ide.mcu.externaltools.gnu-tools-for-stm32.12.3.rel1.win32_1.1.0.202410251130/tools/bin/../lib/gcc/arm-none-eabi/12.3.1/thumb/v7e-m+fp/hard/crtbegin.o

.rodata         0x0800b108     0x31c8
                0x0800b108                        . = ALIGN (0x4)
 *(.rodata)
 .rodata        0x0800b108       0x55 ./Core/Src/main.o
 *(.rodata*)
 *fill*         0x0800b15d        0x3 
 .rodata.ascii_1608
                0x0800b160      0x5f0 ./Core/Src/lcd.o
                0x0800b160                ascii_1608
 .rodata.ascii_2412
                0x0800b750     0x11d0 ./Core/Src/lcd.o
                0x0800b750                ascii_2412
 .rodata.ascii_3216
                0x0800c920     0x17c0 ./Core/Src/lcd.o
                0x0800c920                ascii_3216
 .rodata.AHBPrescTable
                0x0800e0e0       0x10 ./Core/Src/system_stm32f4xx.o
                0x0800e0e0                AHBPrescTable
 .rodata.APBPrescTable
                0x0800e0f0        0x8 ./Core/Src/system_stm32f4xx.o
                0x0800e0f0                APBPrescTable
 .rodata.npio2_hw
                0x0800e0f8       0x80 D:/.xinstall/STM32CubeIDE_1.7.0/STM32CubeIDE/plugins/com.st.stm32cube.ide.mcu.externaltools.gnu-tools-for-stm32.12.3.rel1.win32_1.1.0.202410251130/tools/bin/../lib/gcc/arm-none-eabi/12.3.1/../../../../arm-none-eabi/lib/thumb/v7e-m+fp/hard\libm.a(libm_a-e_rem_pio2.o)
 .rodata.two_over_pi
                0x0800e178      0x108 D:/.xinstall/STM32CubeIDE_1.7.0/STM32CubeIDE/plugins/com.st.stm32cube.ide.mcu.externaltools.gnu-tools-for-stm32.12.3.rel1.win32_1.1.0.202410251130/tools/bin/../lib/gcc/arm-none-eabi/12.3.1/../../../../arm-none-eabi/lib/thumb/v7e-m+fp/hard\libm.a(libm_a-e_rem_pio2.o)
 .rodata.PIo2   0x0800e280       0x40 D:/.xinstall/STM32CubeIDE_1.7.0/STM32CubeIDE/plugins/com.st.stm32cube.ide.mcu.externaltools.gnu-tools-for-stm32.12.3.rel1.win32_1.1.0.202410251130/tools/bin/../lib/gcc/arm-none-eabi/12.3.1/../../../../arm-none-eabi/lib/thumb/v7e-m+fp/hard\libm.a(libm_a-k_rem_pio2.o)
 .rodata.init_jk
                0x0800e2c0       0x10 D:/.xinstall/STM32CubeIDE_1.7.0/STM32CubeIDE/plugins/com.st.stm32cube.ide.mcu.externaltools.gnu-tools-for-stm32.12.3.rel1.win32_1.1.0.202410251130/tools/bin/../lib/gcc/arm-none-eabi/12.3.1/../../../../arm-none-eabi/lib/thumb/v7e-m+fp/hard\libm.a(libm_a-k_rem_pio2.o)
                0x0800e2d0                        . = ALIGN (0x4)

.ARM.extab      0x0800e2d0        0x0
                0x0800e2d0                        . = ALIGN (0x4)
 *(.ARM.extab* .gnu.linkonce.armextab.*)
                0x0800e2d0                        . = ALIGN (0x4)

.ARM            0x0800e2d0        0x8
                0x0800e2d0                        . = ALIGN (0x4)
                0x0800e2d0                        __exidx_start = .
 *(.ARM.exidx*)
 .ARM.exidx     0x0800e2d0        0x8 D:/.xinstall/STM32CubeIDE_1.7.0/STM32CubeIDE/plugins/com.st.stm32cube.ide.mcu.externaltools.gnu-tools-for-stm32.12.3.rel1.win32_1.1.0.202410251130/tools/bin/../lib/gcc/arm-none-eabi/12.3.1/thumb/v7e-m+fp/hard\libgcc.a(_udivmoddi4.o)
                0x0800e2d8                        __exidx_end = .
                0x0800e2d8                        . = ALIGN (0x4)

.preinit_array  0x0800e2d8        0x0
                0x0800e2d8                        . = ALIGN (0x4)
                0x0800e2d8                        PROVIDE (__preinit_array_start = .)
 *(.preinit_array*)
                0x0800e2d8                        PROVIDE (__preinit_array_end = .)
                0x0800e2d8                        . = ALIGN (0x4)

.init_array     0x0800e2d8        0x4
                0x0800e2d8                        . = ALIGN (0x4)
                0x0800e2d8                        PROVIDE (__init_array_start = .)
 *(SORT_BY_NAME(.init_array.*))
 *(.init_array*)
 .init_array    0x0800e2d8        0x4 D:/.xinstall/STM32CubeIDE_1.7.0/STM32CubeIDE/plugins/com.st.stm32cube.ide.mcu.externaltools.gnu-tools-for-stm32.12.3.rel1.win32_1.1.0.202410251130/tools/bin/../lib/gcc/arm-none-eabi/12.3.1/thumb/v7e-m+fp/hard/crtbegin.o
                0x0800e2dc                        PROVIDE (__init_array_end = .)
                0x0800e2dc                        . = ALIGN (0x4)

.fini_array     0x0800e2dc        0x4
                0x0800e2dc                        . = ALIGN (0x4)
                [!provide]                        PROVIDE (__fini_array_start = .)
 *(SORT_BY_NAME(.fini_array.*))
 *(.fini_array*)
 .fini_array    0x0800e2dc        0x4 D:/.xinstall/STM32CubeIDE_1.7.0/STM32CubeIDE/plugins/com.st.stm32cube.ide.mcu.externaltools.gnu-tools-for-stm32.12.3.rel1.win32_1.1.0.202410251130/tools/bin/../lib/gcc/arm-none-eabi/12.3.1/thumb/v7e-m+fp/hard/crtbegin.o
                [!provide]                        PROVIDE (__fini_array_end = .)
                0x0800e2e0                        . = ALIGN (0x4)
                0x0800e2e0                        _sidata = LOADADDR (.data)

.rel.dyn        0x0800e2e0        0x0
 .rel.iplt      0x0800e2e0        0x0 D:/.xinstall/STM32CubeIDE_1.7.0/STM32CubeIDE/plugins/com.st.stm32cube.ide.mcu.externaltools.gnu-tools-for-stm32.12.3.rel1.win32_1.1.0.202410251130/tools/bin/../lib/gcc/arm-none-eabi/12.3.1/thumb/v7e-m+fp/hard/crtbegin.o

.data           0x20000000       0x2c load address 0x0800e2e0
                0x20000000                        . = ALIGN (0x4)
                0x20000000                        _sdata = .
 *(.data)
 *(.data*)
 .data.set_time
                0x20000000        0xa ./Core/Src/ds3231.o
                0x20000000                set_time
 *fill*         0x2000000a        0x2 
 .data.led_7seg
                0x2000000c        0x4 ./Core/Src/led7Seg.o
 .data.led_7seg_map_of_output
                0x20000010        0xa ./Core/Src/led7Seg.o
 .data.spi_buffer
                0x2000001a        0x2 ./Core/Src/led7Seg.o
 .data.previous_mode_config
                0x2000001c        0x1 ./Core/Src/main.o
                0x2000001c                previous_mode_config
 *fill*         0x2000001d        0x3 
 .data.SystemCoreClock
                0x20000020        0x4 ./Core/Src/system_stm32f4xx.o
                0x20000020                SystemCoreClock
 .data.uwTickPrio
                0x20000024        0x4 ./Drivers/STM32F4xx_HAL_Driver/Src/stm32f4xx_hal.o
                0x20000024                uwTickPrio
 .data.uwTickFreq
                0x20000028        0x1 ./Drivers/STM32F4xx_HAL_Driver/Src/stm32f4xx_hal.o
                0x20000028                uwTickFreq
 *(.RamFunc)
 *(.RamFunc*)
                0x2000002c                        . = ALIGN (0x4)
 *fill*         0x20000029        0x3 
                0x2000002c                        _edata = .
                0x0800e30c                        _siccmram = LOADADDR (.ccmram)

.igot.plt       0x2000002c        0x0 load address 0x0800e30c
 .igot.plt      0x2000002c        0x0 D:/.xinstall/STM32CubeIDE_1.7.0/STM32CubeIDE/plugins/com.st.stm32cube.ide.mcu.externaltools.gnu-tools-for-stm32.12.3.rel1.win32_1.1.0.202410251130/tools/bin/../lib/gcc/arm-none-eabi/12.3.1/thumb/v7e-m+fp/hard/crtbegin.o

.ccmram         0x10000000        0x0 load address 0x0800e30c
                0x10000000                        . = ALIGN (0x4)
                0x10000000                        _sccmram = .
 *(.ccmram)
 *(.ccmram*)
                0x10000000                        . = ALIGN (0x4)
                0x10000000                        _eccmram = .
                0x10000000                        . = ALIGN (0x4)

.bss            0x2000002c      0x2cc
                0x2000002c                        _sbss = .
                0x2000002c                        __bss_start__ = _sbss
 *(.bss)
 .bss           0x2000002c       0x1c D:/.xinstall/STM32CubeIDE_1.7.0/STM32CubeIDE/plugins/com.st.stm32cube.ide.mcu.externaltools.gnu-tools-for-stm32.12.3.rel1.win32_1.1.0.202410251130/tools/bin/../lib/gcc/arm-none-eabi/12.3.1/thumb/v7e-m+fp/hard/crtbegin.o
 *(.bss*)
 .bss.button_count
                0x20000048       0x20 ./Core/Src/button.o
                0x20000048                button_count
 .bss.button_spi_buffer
                0x20000068        0x2 ./Core/Src/button.o
 *fill*         0x2000006a        0x2 
 .bss.current_time
                0x2000006c        0xa ./Core/Src/ds3231.o
                0x2000006c                current_time
 *fill*         0x20000076        0x2 
 .bss.ds3231_buffer
                0x20000078        0x7 ./Core/Src/ds3231.o
                0x20000078                ds3231_buffer
 *fill*         0x2000007f        0x1 
 .bss.hsram1    0x20000080       0x50 ./Core/Src/fsmc.o
                0x20000080                hsram1
 .bss.FSMC_Initialized
                0x200000d0        0x4 ./Core/Src/fsmc.o
 .bss.hi2c1     0x200000d4       0x54 ./Core/Src/i2c.o
                0x200000d4                hi2c1
 .bss.lcddev    0x20000128        0x6 ./Core/Src/lcd.o
                0x20000128                lcddev
 .bss.led_7seg_index
                0x2000012e        0x2 ./Core/Src/led7Seg.o
 .bss.current_mode
                0x20000130        0x1 ./Core/Src/main.o
                0x20000130                current_mode
 .bss.previous_mode
                0x20000131        0x1 ./Core/Src/main.o
                0x20000131                previous_mode
 .bss.current_mode_config
                0x20000132        0x1 ./Core/Src/main.o
                0x20000132                current_mode_config
 *fill*         0x20000133        0x1 
 .bss.counter.5
                0x20000134        0x4 ./Core/Src/main.o
 .bss.counter.4
                0x20000138        0x4 ./Core/Src/main.o
 .bss.counter.3
                0x2000013c        0x4 ./Core/Src/main.o
 .bss.angle_sec.2
                0x20000140        0x4 ./Core/Src/main.o
 .bss.angle_min.1
                0x20000144        0x4 ./Core/Src/main.o
 .bss.angle_hour.0
                0x20000148        0x4 ./Core/Src/main.o
 .bss.receive_buffer1
                0x2000014c        0x1 ./Core/Src/rs232_uart.o
                0x2000014c                receive_buffer1
 *fill*         0x2000014d        0x3 
 .bss.rs232_rbuffer
                0x20000150       0x66 ./Core/Src/rs232_uart.o
                0x20000150                rs232_rbuffer
 .bss.rs232_flag
                0x200001b6        0x1 ./Core/Src/rs232_uart.o
                0x200001b6                rs232_flag
 .bss.timer_2_flag
                0x200001b7        0x1 ./Core/Src/sTimer.o
                0x200001b7                timer_2_flag
 .bss.timer_2_counter
                0x200001b8        0x2 ./Core/Src/sTimer.o
                0x200001b8                timer_2_counter
 .bss.timer_2_mul
                0x200001ba        0x2 ./Core/Src/sTimer.o
                0x200001ba                timer_2_mul
 .bss.timer_4_flag
                0x200001bc        0x1 ./Core/Src/sTimer.o
                0x200001bc                timer_4_flag
 *fill*         0x200001bd        0x1 
 .bss.timer_4_counter
                0x200001be        0x2 ./Core/Src/sTimer.o
                0x200001be                timer_4_counter
 .bss.timer_4_mul
                0x200001c0        0x2 ./Core/Src/sTimer.o
                0x200001c0                timer_4_mul
 *fill*         0x200001c2        0x2 
 .bss.hspi1     0x200001c4       0x58 ./Core/Src/spi.o
                0x200001c4                hspi1
 .bss.htim2     0x2000021c       0x48 ./Core/Src/tim.o
                0x2000021c                htim2
 .bss.htim4     0x20000264       0x48 ./Core/Src/tim.o
                0x20000264                htim4
 .bss.huart1    0x200002ac       0x48 ./Core/Src/usart.o
                0x200002ac                huart1
 .bss.uwTick    0x200002f4        0x4 ./Drivers/STM32F4xx_HAL_Driver/Src/stm32f4xx_hal.o
                0x200002f4                uwTick
 *(COMMON)
                0x200002f8                        . = ALIGN (0x4)
                0x200002f8                        _ebss = .
                0x200002f8                        __bss_end__ = _ebss

._user_heap_stack
                0x200002f8      0x600
                0x200002f8                        . = ALIGN (0x8)
                [!provide]                        PROVIDE (end = .)
                0x200002f8                        PROVIDE (_end = .)
                0x200004f8                        . = (. + _Min_Heap_Size)
 *fill*         0x200002f8      0x200 
                0x200008f8                        . = (. + _Min_Stack_Size)
 *fill*         0x200004f8      0x400 
                0x200008f8                        . = ALIGN (0x8)

/DISCARD/
 libc.a(*)
 libm.a(*)
 libgcc.a(*)

.ARM.attributes
                0x00000000       0x30
 *(.ARM.attributes)
 .ARM.attributes
                0x00000000       0x22 D:/.xinstall/STM32CubeIDE_1.7.0/STM32CubeIDE/plugins/com.st.stm32cube.ide.mcu.externaltools.gnu-tools-for-stm32.12.3.rel1.win32_1.1.0.202410251130/tools/bin/../lib/gcc/arm-none-eabi/12.3.1/thumb/v7e-m+fp/hard/crti.o
 .ARM.attributes
                0x00000022       0x34 D:/.xinstall/STM32CubeIDE_1.7.0/STM32CubeIDE/plugins/com.st.stm32cube.ide.mcu.externaltools.gnu-tools-for-stm32.12.3.rel1.win32_1.1.0.202410251130/tools/bin/../lib/gcc/arm-none-eabi/12.3.1/thumb/v7e-m+fp/hard/crtbegin.o
 .ARM.attributes
                0x00000056       0x34 ./Core/Src/button.o
 .ARM.attributes
                0x0000008a       0x34 ./Core/Src/dataStructure.o
 .ARM.attributes
                0x000000be       0x34 ./Core/Src/ds3231.o
 .ARM.attributes
                0x000000f2       0x34 ./Core/Src/fsmc.o
 .ARM.attributes
                0x00000126       0x34 ./Core/Src/gpio.o
 .ARM.attributes
                0x0000015a       0x34 ./Core/Src/i2c.o
 .ARM.attributes
                0x0000018e       0x34 ./Core/Src/lcd.o
 .ARM.attributes
                0x000001c2       0x34 ./Core/Src/led7Seg.o
 .ARM.attributes
                0x000001f6       0x34 ./Core/Src/main.o
 .ARM.attributes
                0x0000022a       0x34 ./Core/Src/rs232_uart.o
 .ARM.attributes
                0x0000025e       0x34 ./Core/Src/sTimer.o
 .ARM.attributes
                0x00000292       0x34 ./Core/Src/spi.o
 .ARM.attributes
                0x000002c6       0x34 ./Core/Src/stm32f4xx_hal_msp.o
 .ARM.attributes
                0x000002fa       0x34 ./Core/Src/stm32f4xx_it.o
 .ARM.attributes
                0x0000032e       0x34 ./Core/Src/system_stm32f4xx.o
 .ARM.attributes
                0x00000362       0x34 ./Core/Src/tim.o
 .ARM.attributes
                0x00000396       0x34 ./Core/Src/usart.o
 .ARM.attributes
                0x000003ca       0x34 ./Core/Src/utils.o
 .ARM.attributes
                0x000003fe       0x21 ./Core/Startup/startup_stm32f407zgtx.o
 .ARM.attributes
                0x0000041f       0x34 ./Drivers/STM32F4xx_HAL_Driver/Src/stm32f4xx_hal.o
 .ARM.attributes
                0x00000453       0x34 ./Drivers/STM32F4xx_HAL_Driver/Src/stm32f4xx_hal_cortex.o
 .ARM.attributes
                0x00000487       0x34 ./Drivers/STM32F4xx_HAL_Driver/Src/stm32f4xx_hal_dma.o
 .ARM.attributes
                0x000004bb       0x34 ./Drivers/STM32F4xx_HAL_Driver/Src/stm32f4xx_hal_gpio.o
 .ARM.attributes
                0x000004ef       0x34 ./Drivers/STM32F4xx_HAL_Driver/Src/stm32f4xx_hal_i2c.o
 .ARM.attributes
                0x00000523       0x34 ./Drivers/STM32F4xx_HAL_Driver/Src/stm32f4xx_hal_rcc.o
 .ARM.attributes
                0x00000557       0x34 ./Drivers/STM32F4xx_HAL_Driver/Src/stm32f4xx_hal_spi.o
 .ARM.attributes
                0x0000058b       0x34 ./Drivers/STM32F4xx_HAL_Driver/Src/stm32f4xx_hal_sram.o
 .ARM.attributes
                0x000005bf       0x34 ./Drivers/STM32F4xx_HAL_Driver/Src/stm32f4xx_hal_tim.o
 .ARM.attributes
                0x000005f3       0x34 ./Drivers/STM32F4xx_HAL_Driver/Src/stm32f4xx_hal_tim_ex.o
 .ARM.attributes
                0x00000627       0x34 ./Drivers/STM32F4xx_HAL_Driver/Src/stm32f4xx_hal_uart.o
 .ARM.attributes
                0x0000065b       0x34 ./Drivers/STM32F4xx_HAL_Driver/Src/stm32f4xx_ll_fsmc.o
 .ARM.attributes
                0x0000068f       0x34 D:/.xinstall/STM32CubeIDE_1.7.0/STM32CubeIDE/plugins/com.st.stm32cube.ide.mcu.externaltools.gnu-tools-for-stm32.12.3.rel1.win32_1.1.0.202410251130/tools/bin/../lib/gcc/arm-none-eabi/12.3.1/../../../../arm-none-eabi/lib/thumb/v7e-m+fp/hard\libc_nano.a(libc_a-memset.o)
 .ARM.attributes
                0x000006c3       0x34 D:/.xinstall/STM32CubeIDE_1.7.0/STM32CubeIDE/plugins/com.st.stm32cube.ide.mcu.externaltools.gnu-tools-for-stm32.12.3.rel1.win32_1.1.0.202410251130/tools/bin/../lib/gcc/arm-none-eabi/12.3.1/../../../../arm-none-eabi/lib/thumb/v7e-m+fp/hard\libc_nano.a(libc_a-init.o)
 .ARM.attributes
                0x000006f7       0x34 D:/.xinstall/STM32CubeIDE_1.7.0/STM32CubeIDE/plugins/com.st.stm32cube.ide.mcu.externaltools.gnu-tools-for-stm32.12.3.rel1.win32_1.1.0.202410251130/tools/bin/../lib/gcc/arm-none-eabi/12.3.1/../../../../arm-none-eabi/lib/thumb/v7e-m+fp/hard\libm.a(libm_a-s_cos.o)
 .ARM.attributes
                0x0000072b       0x34 D:/.xinstall/STM32CubeIDE_1.7.0/STM32CubeIDE/plugins/com.st.stm32cube.ide.mcu.externaltools.gnu-tools-for-stm32.12.3.rel1.win32_1.1.0.202410251130/tools/bin/../lib/gcc/arm-none-eabi/12.3.1/../../../../arm-none-eabi/lib/thumb/v7e-m+fp/hard\libm.a(libm_a-s_sin.o)
 .ARM.attributes
                0x0000075f       0x34 D:/.xinstall/STM32CubeIDE_1.7.0/STM32CubeIDE/plugins/com.st.stm32cube.ide.mcu.externaltools.gnu-tools-for-stm32.12.3.rel1.win32_1.1.0.202410251130/tools/bin/../lib/gcc/arm-none-eabi/12.3.1/../../../../arm-none-eabi/lib/thumb/v7e-m+fp/hard\libm.a(libm_a-k_cos.o)
 .ARM.attributes
                0x00000793       0x34 D:/.xinstall/STM32CubeIDE_1.7.0/STM32CubeIDE/plugins/com.st.stm32cube.ide.mcu.externaltools.gnu-tools-for-stm32.12.3.rel1.win32_1.1.0.202410251130/tools/bin/../lib/gcc/arm-none-eabi/12.3.1/../../../../arm-none-eabi/lib/thumb/v7e-m+fp/hard\libm.a(libm_a-k_sin.o)
 .ARM.attributes
                0x000007c7       0x34 D:/.xinstall/STM32CubeIDE_1.7.0/STM32CubeIDE/plugins/com.st.stm32cube.ide.mcu.externaltools.gnu-tools-for-stm32.12.3.rel1.win32_1.1.0.202410251130/tools/bin/../lib/gcc/arm-none-eabi/12.3.1/../../../../arm-none-eabi/lib/thumb/v7e-m+fp/hard\libm.a(libm_a-e_rem_pio2.o)
 .ARM.attributes
                0x000007fb       0x34 D:/.xinstall/STM32CubeIDE_1.7.0/STM32CubeIDE/plugins/com.st.stm32cube.ide.mcu.externaltools.gnu-tools-for-stm32.12.3.rel1.win32_1.1.0.202410251130/tools/bin/../lib/gcc/arm-none-eabi/12.3.1/../../../../arm-none-eabi/lib/thumb/v7e-m+fp/hard\libm.a(libm_a-s_fabs.o)
 .ARM.attributes
                0x0000082f       0x34 D:/.xinstall/STM32CubeIDE_1.7.0/STM32CubeIDE/plugins/com.st.stm32cube.ide.mcu.externaltools.gnu-tools-for-stm32.12.3.rel1.win32_1.1.0.202410251130/tools/bin/../lib/gcc/arm-none-eabi/12.3.1/../../../../arm-none-eabi/lib/thumb/v7e-m+fp/hard\libm.a(libm_a-k_rem_pio2.o)
 .ARM.attributes
                0x00000863       0x34 D:/.xinstall/STM32CubeIDE_1.7.0/STM32CubeIDE/plugins/com.st.stm32cube.ide.mcu.externaltools.gnu-tools-for-stm32.12.3.rel1.win32_1.1.0.202410251130/tools/bin/../lib/gcc/arm-none-eabi/12.3.1/../../../../arm-none-eabi/lib/thumb/v7e-m+fp/hard\libm.a(libm_a-s_scalbn.o)
 .ARM.attributes
                0x00000897       0x34 D:/.xinstall/STM32CubeIDE_1.7.0/STM32CubeIDE/plugins/com.st.stm32cube.ide.mcu.externaltools.gnu-tools-for-stm32.12.3.rel1.win32_1.1.0.202410251130/tools/bin/../lib/gcc/arm-none-eabi/12.3.1/../../../../arm-none-eabi/lib/thumb/v7e-m+fp/hard\libm.a(libm_a-s_floor.o)
 .ARM.attributes
                0x000008cb       0x22 D:/.xinstall/STM32CubeIDE_1.7.0/STM32CubeIDE/plugins/com.st.stm32cube.ide.mcu.externaltools.gnu-tools-for-stm32.12.3.rel1.win32_1.1.0.202410251130/tools/bin/../lib/gcc/arm-none-eabi/12.3.1/thumb/v7e-m+fp/hard\libgcc.a(_arm_addsubdf3.o)
 .ARM.attributes
                0x000008ed       0x22 D:/.xinstall/STM32CubeIDE_1.7.0/STM32CubeIDE/plugins/com.st.stm32cube.ide.mcu.externaltools.gnu-tools-for-stm32.12.3.rel1.win32_1.1.0.202410251130/tools/bin/../lib/gcc/arm-none-eabi/12.3.1/thumb/v7e-m+fp/hard\libgcc.a(_arm_muldivdf3.o)
 .ARM.attributes
                0x0000090f       0x22 D:/.xinstall/STM32CubeIDE_1.7.0/STM32CubeIDE/plugins/com.st.stm32cube.ide.mcu.externaltools.gnu-tools-for-stm32.12.3.rel1.win32_1.1.0.202410251130/tools/bin/../lib/gcc/arm-none-eabi/12.3.1/thumb/v7e-m+fp/hard\libgcc.a(_arm_cmpdf2.o)
 .ARM.attributes
                0x00000931       0x22 D:/.xinstall/STM32CubeIDE_1.7.0/STM32CubeIDE/plugins/com.st.stm32cube.ide.mcu.externaltools.gnu-tools-for-stm32.12.3.rel1.win32_1.1.0.202410251130/tools/bin/../lib/gcc/arm-none-eabi/12.3.1/thumb/v7e-m+fp/hard\libgcc.a(_arm_fixdfsi.o)
 .ARM.attributes
                0x00000953       0x22 D:/.xinstall/STM32CubeIDE_1.7.0/STM32CubeIDE/plugins/com.st.stm32cube.ide.mcu.externaltools.gnu-tools-for-stm32.12.3.rel1.win32_1.1.0.202410251130/tools/bin/../lib/gcc/arm-none-eabi/12.3.1/thumb/v7e-m+fp/hard\libgcc.a(_arm_fixunsdfsi.o)
 .ARM.attributes
                0x00000975       0x22 D:/.xinstall/STM32CubeIDE_1.7.0/STM32CubeIDE/plugins/com.st.stm32cube.ide.mcu.externaltools.gnu-tools-for-stm32.12.3.rel1.win32_1.1.0.202410251130/tools/bin/../lib/gcc/arm-none-eabi/12.3.1/thumb/v7e-m+fp/hard\libgcc.a(_arm_truncdfsf2.o)
 .ARM.attributes
                0x00000997       0x22 D:/.xinstall/STM32CubeIDE_1.7.0/STM32CubeIDE/plugins/com.st.stm32cube.ide.mcu.externaltools.gnu-tools-for-stm32.12.3.rel1.win32_1.1.0.202410251130/tools/bin/../lib/gcc/arm-none-eabi/12.3.1/thumb/v7e-m+fp/hard\libgcc.a(_aeabi_uldivmod.o)
 .ARM.attributes
                0x000009b9       0x34 D:/.xinstall/STM32CubeIDE_1.7.0/STM32CubeIDE/plugins/com.st.stm32cube.ide.mcu.externaltools.gnu-tools-for-stm32.12.3.rel1.win32_1.1.0.202410251130/tools/bin/../lib/gcc/arm-none-eabi/12.3.1/thumb/v7e-m+fp/hard\libgcc.a(_udivmoddi4.o)
 .ARM.attributes
                0x000009ed       0x22 D:/.xinstall/STM32CubeIDE_1.7.0/STM32CubeIDE/plugins/com.st.stm32cube.ide.mcu.externaltools.gnu-tools-for-stm32.12.3.rel1.win32_1.1.0.202410251130/tools/bin/../lib/gcc/arm-none-eabi/12.3.1/thumb/v7e-m+fp/hard\libgcc.a(_dvmd_tls.o)
 .ARM.attributes
                0x00000a0f       0x22 D:/.xinstall/STM32CubeIDE_1.7.0/STM32CubeIDE/plugins/com.st.stm32cube.ide.mcu.externaltools.gnu-tools-for-stm32.12.3.rel1.win32_1.1.0.202410251130/tools/bin/../lib/gcc/arm-none-eabi/12.3.1/thumb/v7e-m+fp/hard/crtn.o
OUTPUT(lab4.elf elf32-littlearm)
LOAD linker stubs
LOAD D:/.xinstall/STM32CubeIDE_1.7.0/STM32CubeIDE/plugins/com.st.stm32cube.ide.mcu.externaltools.gnu-tools-for-stm32.12.3.rel1.win32_1.1.0.202410251130/tools/bin/../lib/gcc/arm-none-eabi/12.3.1/../../../../arm-none-eabi/lib/thumb/v7e-m+fp/hard\libc.a
LOAD D:/.xinstall/STM32CubeIDE_1.7.0/STM32CubeIDE/plugins/com.st.stm32cube.ide.mcu.externaltools.gnu-tools-for-stm32.12.3.rel1.win32_1.1.0.202410251130/tools/bin/../lib/gcc/arm-none-eabi/12.3.1/../../../../arm-none-eabi/lib/thumb/v7e-m+fp/hard\libm.a
LOAD D:/.xinstall/STM32CubeIDE_1.7.0/STM32CubeIDE/plugins/com.st.stm32cube.ide.mcu.externaltools.gnu-tools-for-stm32.12.3.rel1.win32_1.1.0.202410251130/tools/bin/../lib/gcc/arm-none-eabi/12.3.1/thumb/v7e-m+fp/hard\libgcc.a

.debug_info     0x00000000    0x18621
 .debug_info    0x00000000      0x76c ./Core/Src/button.o
 .debug_info    0x0000076c      0x1c7 ./Core/Src/dataStructure.o
 .debug_info    0x00000933      0xda2 ./Core/Src/ds3231.o
 .debug_info    0x000016d5      0x9ee ./Core/Src/fsmc.o
 .debug_info    0x000020c3      0x45d ./Core/Src/gpio.o
 .debug_info    0x00002520      0x968 ./Core/Src/i2c.o
 .debug_info    0x00002e88      0xd5b ./Core/Src/lcd.o
 .debug_info    0x00003be3      0x82a ./Core/Src/led7Seg.o
 .debug_info    0x0000440d     0x1107 ./Core/Src/main.o
 .debug_info    0x00005514      0x82f ./Core/Src/rs232_uart.o
 .debug_info    0x00005d43      0x7e8 ./Core/Src/sTimer.o
 .debug_info    0x0000652b      0x943 ./Core/Src/spi.o
 .debug_info    0x00006e6e      0x269 ./Core/Src/stm32f4xx_hal_msp.o
 .debug_info    0x000070d7      0x9a6 ./Core/Src/stm32f4xx_it.o
 .debug_info    0x00007a7d      0x512 ./Core/Src/system_stm32f4xx.o
 .debug_info    0x00007f8f      0xc62 ./Core/Src/tim.o
 .debug_info    0x00008bf1      0xb8d ./Core/Src/usart.o
 .debug_info    0x0000977e       0xe3 ./Core/Src/utils.o
 .debug_info    0x00009861       0x30 ./Core/Startup/startup_stm32f407zgtx.o
 .debug_info    0x00009891      0x944 ./Drivers/STM32F4xx_HAL_Driver/Src/stm32f4xx_hal.o
 .debug_info    0x0000a1d5      0xd57 ./Drivers/STM32F4xx_HAL_Driver/Src/stm32f4xx_hal_cortex.o
 .debug_info    0x0000af2c      0x8e7 ./Drivers/STM32F4xx_HAL_Driver/Src/stm32f4xx_hal_dma.o
 .debug_info    0x0000b813      0x6c3 ./Drivers/STM32F4xx_HAL_Driver/Src/stm32f4xx_hal_gpio.o
 .debug_info    0x0000bed6     0x2415 ./Drivers/STM32F4xx_HAL_Driver/Src/stm32f4xx_hal_i2c.o
 .debug_info    0x0000e2eb      0x8b1 ./Drivers/STM32F4xx_HAL_Driver/Src/stm32f4xx_hal_rcc.o
 .debug_info    0x0000eb9c     0x15fb ./Drivers/STM32F4xx_HAL_Driver/Src/stm32f4xx_hal_spi.o
 .debug_info    0x00010197      0xd39 ./Drivers/STM32F4xx_HAL_Driver/Src/stm32f4xx_hal_sram.o
 .debug_info    0x00010ed0     0x299d ./Drivers/STM32F4xx_HAL_Driver/Src/stm32f4xx_hal_tim.o
 .debug_info    0x0001386d     0x14db ./Drivers/STM32F4xx_HAL_Driver/Src/stm32f4xx_hal_tim_ex.o
 .debug_info    0x00014d48     0x2f4f ./Drivers/STM32F4xx_HAL_Driver/Src/stm32f4xx_hal_uart.o
 .debug_info    0x00017c97      0x98a ./Drivers/STM32F4xx_HAL_Driver/Src/stm32f4xx_ll_fsmc.o

.debug_abbrev   0x00000000     0x3e73
 .debug_abbrev  0x00000000      0x1cc ./Core/Src/button.o
 .debug_abbrev  0x000001cc       0xe8 ./Core/Src/dataStructure.o
 .debug_abbrev  0x000002b4      0x2a0 ./Core/Src/ds3231.o
 .debug_abbrev  0x00000554      0x212 ./Core/Src/fsmc.o
 .debug_abbrev  0x00000766      0x152 ./Core/Src/gpio.o
 .debug_abbrev  0x000008b8      0x1f1 ./Core/Src/i2c.o
 .debug_abbrev  0x00000aa9      0x32a ./Core/Src/lcd.o
 .debug_abbrev  0x00000dd3      0x1e1 ./Core/Src/led7Seg.o
 .debug_abbrev  0x00000fb4      0x321 ./Core/Src/main.o
 .debug_abbrev  0x000012d5      0x247 ./Core/Src/rs232_uart.o
 .debug_abbrev  0x0000151c      0x1fb ./Core/Src/sTimer.o
 .debug_abbrev  0x00001717      0x1f3 ./Core/Src/spi.o
 .debug_abbrev  0x0000190a       0xd8 ./Core/Src/stm32f4xx_hal_msp.o
 .debug_abbrev  0x000019e2      0x19c ./Core/Src/stm32f4xx_it.o
 .debug_abbrev  0x00001b7e      0x11a ./Core/Src/system_stm32f4xx.o
 .debug_abbrev  0x00001c98      0x206 ./Core/Src/tim.o
 .debug_abbrev  0x00001e9e      0x218 ./Core/Src/usart.o
 .debug_abbrev  0x000020b6       0x86 ./Core/Src/utils.o
 .debug_abbrev  0x0000213c       0x24 ./Core/Startup/startup_stm32f407zgtx.o
 .debug_abbrev  0x00002160      0x214 ./Drivers/STM32F4xx_HAL_Driver/Src/stm32f4xx_hal.o
 .debug_abbrev  0x00002374      0x328 ./Drivers/STM32F4xx_HAL_Driver/Src/stm32f4xx_hal_cortex.o
 .debug_abbrev  0x0000269c      0x264 ./Drivers/STM32F4xx_HAL_Driver/Src/stm32f4xx_hal_dma.o
 .debug_abbrev  0x00002900      0x1d4 ./Drivers/STM32F4xx_HAL_Driver/Src/stm32f4xx_hal_gpio.o
 .debug_abbrev  0x00002ad4      0x2ad ./Drivers/STM32F4xx_HAL_Driver/Src/stm32f4xx_hal_i2c.o
 .debug_abbrev  0x00002d81      0x2b6 ./Drivers/STM32F4xx_HAL_Driver/Src/stm32f4xx_hal_rcc.o
 .debug_abbrev  0x00003037      0x284 ./Drivers/STM32F4xx_HAL_Driver/Src/stm32f4xx_hal_spi.o
 .debug_abbrev  0x000032bb      0x20c ./Drivers/STM32F4xx_HAL_Driver/Src/stm32f4xx_hal_sram.o
 .debug_abbrev  0x000034c7      0x278 ./Drivers/STM32F4xx_HAL_Driver/Src/stm32f4xx_hal_tim.o
 .debug_abbrev  0x0000373f      0x283 ./Drivers/STM32F4xx_HAL_Driver/Src/stm32f4xx_hal_tim_ex.o
 .debug_abbrev  0x000039c2      0x30e ./Drivers/STM32F4xx_HAL_Driver/Src/stm32f4xx_hal_uart.o
 .debug_abbrev  0x00003cd0      0x1a3 ./Drivers/STM32F4xx_HAL_Driver/Src/stm32f4xx_ll_fsmc.o

.debug_aranges  0x00000000     0x1718
 .debug_aranges
                0x00000000       0x28 ./Core/Src/button.o
 .debug_aranges
                0x00000028       0x40 ./Core/Src/dataStructure.o
 .debug_aranges
                0x00000068      0x100 ./Core/Src/ds3231.o
 .debug_aranges
                0x00000168       0x40 ./Core/Src/fsmc.o
 .debug_aranges
                0x000001a8       0x20 ./Core/Src/gpio.o
 .debug_aranges
                0x000001c8       0x30 ./Core/Src/i2c.o
 .debug_aranges
                0x000001f8       0xe0 ./Core/Src/lcd.o
 .debug_aranges
                0x000002d8       0x50 ./Core/Src/led7Seg.o
 .debug_aranges
                0x00000328      0x108 ./Core/Src/main.o
 .debug_aranges
                0x00000430       0x58 ./Core/Src/rs232_uart.o
 .debug_aranges
                0x00000488       0x50 ./Core/Src/sTimer.o
 .debug_aranges
                0x000004d8       0x30 ./Core/Src/spi.o
 .debug_aranges
                0x00000508       0x20 ./Core/Src/stm32f4xx_hal_msp.o
 .debug_aranges
                0x00000528       0x78 ./Core/Src/stm32f4xx_it.o
 .debug_aranges
                0x000005a0       0x28 ./Core/Src/system_stm32f4xx.o
 .debug_aranges
                0x000005c8       0x38 ./Core/Src/tim.o
 .debug_aranges
                0x00000600       0x30 ./Core/Src/usart.o
 .debug_aranges
                0x00000630       0x28 ./Core/Src/utils.o
 .debug_aranges
                0x00000658       0x28 ./Core/Startup/startup_stm32f407zgtx.o
 .debug_aranges
                0x00000680       0xf0 ./Drivers/STM32F4xx_HAL_Driver/Src/stm32f4xx_hal.o
 .debug_aranges
                0x00000770      0x120 ./Drivers/STM32F4xx_HAL_Driver/Src/stm32f4xx_hal_cortex.o
 .debug_aranges
                0x00000890       0x90 ./Drivers/STM32F4xx_HAL_Driver/Src/stm32f4xx_hal_dma.o
 .debug_aranges
                0x00000920       0x58 ./Drivers/STM32F4xx_HAL_Driver/Src/stm32f4xx_hal_gpio.o
 .debug_aranges
                0x00000978      0x2a8 ./Drivers/STM32F4xx_HAL_Driver/Src/stm32f4xx_hal_i2c.o
 .debug_aranges
                0x00000c20       0x88 ./Drivers/STM32F4xx_HAL_Driver/Src/stm32f4xx_hal_rcc.o
 .debug_aranges
                0x00000ca8      0x1d0 ./Drivers/STM32F4xx_HAL_Driver/Src/stm32f4xx_hal_spi.o
 .debug_aranges
                0x00000e78       0xb8 ./Drivers/STM32F4xx_HAL_Driver/Src/stm32f4xx_hal_sram.o
 .debug_aranges
                0x00000f30      0x3d0 ./Drivers/STM32F4xx_HAL_Driver/Src/stm32f4xx_hal_tim.o
 .debug_aranges
                0x00001300      0x168 ./Drivers/STM32F4xx_HAL_Driver/Src/stm32f4xx_hal_tim_ex.o
 .debug_aranges
                0x00001468      0x208 ./Drivers/STM32F4xx_HAL_Driver/Src/stm32f4xx_hal_uart.o
 .debug_aranges
                0x00001670       0xa8 ./Drivers/STM32F4xx_HAL_Driver/Src/stm32f4xx_ll_fsmc.o

.debug_rnglists
                0x00000000     0x11f3
 .debug_rnglists
                0x00000000       0x1a ./Core/Src/button.o
 .debug_rnglists
                0x0000001a       0x2b ./Core/Src/dataStructure.o
 .debug_rnglists
                0x00000045       0xc0 ./Core/Src/ds3231.o
 .debug_rnglists
                0x00000105       0x2d ./Core/Src/fsmc.o
 .debug_rnglists
                0x00000132       0x14 ./Core/Src/gpio.o
 .debug_rnglists
                0x00000146       0x20 ./Core/Src/i2c.o
 .debug_rnglists
                0x00000166       0xb0 ./Core/Src/lcd.o
 .debug_rnglists
                0x00000216       0x38 ./Core/Src/led7Seg.o
 .debug_rnglists
                0x0000024e       0xcc ./Core/Src/main.o
 .debug_rnglists
                0x0000031a       0x3e ./Core/Src/rs232_uart.o
 .debug_rnglists
                0x00000358       0x38 ./Core/Src/sTimer.o
 .debug_rnglists
                0x00000390       0x20 ./Core/Src/spi.o
 .debug_rnglists
                0x000003b0       0x13 ./Core/Src/stm32f4xx_hal_msp.o
 .debug_rnglists
                0x000003c3       0x55 ./Core/Src/stm32f4xx_it.o
 .debug_rnglists
                0x00000418       0x1a ./Core/Src/system_stm32f4xx.o
 .debug_rnglists
                0x00000432       0x28 ./Core/Src/tim.o
 .debug_rnglists
                0x0000045a       0x20 ./Core/Src/usart.o
 .debug_rnglists
                0x0000047a       0x19 ./Core/Src/utils.o
 .debug_rnglists
                0x00000493       0x19 ./Core/Startup/startup_stm32f407zgtx.o
 .debug_rnglists
                0x000004ac       0xaf ./Drivers/STM32F4xx_HAL_Driver/Src/stm32f4xx_hal.o
 .debug_rnglists
                0x0000055b       0xd4 ./Drivers/STM32F4xx_HAL_Driver/Src/stm32f4xx_hal_cortex.o
 .debug_rnglists
                0x0000062f       0x70 ./Drivers/STM32F4xx_HAL_Driver/Src/stm32f4xx_hal_dma.o
 .debug_rnglists
                0x0000069f       0x3f ./Drivers/STM32F4xx_HAL_Driver/Src/stm32f4xx_hal_gpio.o
 .debug_rnglists
                0x000006de      0x23c ./Drivers/STM32F4xx_HAL_Driver/Src/stm32f4xx_hal_i2c.o
 .debug_rnglists
                0x0000091a       0x66 ./Drivers/STM32F4xx_HAL_Driver/Src/stm32f4xx_hal_rcc.o
 .debug_rnglists
                0x00000980      0x16f ./Drivers/STM32F4xx_HAL_Driver/Src/stm32f4xx_hal_spi.o
 .debug_rnglists
                0x00000aef       0x8d ./Drivers/STM32F4xx_HAL_Driver/Src/stm32f4xx_hal_sram.o
 .debug_rnglists
                0x00000b7c      0x31a ./Drivers/STM32F4xx_HAL_Driver/Src/stm32f4xx_hal_tim.o
 .debug_rnglists
                0x00000e96      0x125 ./Drivers/STM32F4xx_HAL_Driver/Src/stm32f4xx_hal_tim_ex.o
 .debug_rnglists
                0x00000fbb      0x1bc ./Drivers/STM32F4xx_HAL_Driver/Src/stm32f4xx_hal_uart.o
 .debug_rnglists
                0x00001177       0x7c ./Drivers/STM32F4xx_HAL_Driver/Src/stm32f4xx_ll_fsmc.o

.debug_macro    0x00000000    0x2467e
 .debug_macro   0x00000000      0x23a ./Core/Src/button.o
 .debug_macro   0x0000023a      0xab4 ./Core/Src/button.o
 .debug_macro   0x00000cee       0x22 ./Core/Src/button.o
 .debug_macro   0x00000d10       0x8e ./Core/Src/button.o
 .debug_macro   0x00000d9e       0x51 ./Core/Src/button.o
 .debug_macro   0x00000def      0x103 ./Core/Src/button.o
 .debug_macro   0x00000ef2       0x6a ./Core/Src/button.o
 .debug_macro   0x00000f5c      0x1df ./Core/Src/button.o
 .debug_macro   0x0000113b      0x2ad ./Core/Src/button.o
 .debug_macro   0x000013e8       0x2e ./Core/Src/button.o
 .debug_macro   0x00001416       0x2f ./Core/Src/button.o
 .debug_macro   0x00001445       0x1c ./Core/Src/button.o
 .debug_macro   0x00001461       0x22 ./Core/Src/button.o
 .debug_macro   0x00001483       0xfb ./Core/Src/button.o
 .debug_macro   0x0000157e     0x1011 ./Core/Src/button.o
 .debug_macro   0x0000258f      0x11f ./Core/Src/button.o
 .debug_macro   0x000026ae    0x15e97 ./Core/Src/button.o
 .debug_macro   0x00018545       0x6d ./Core/Src/button.o
 .debug_macro   0x000185b2     0x368c ./Core/Src/button.o
 .debug_macro   0x0001bc3e      0x189 ./Core/Src/button.o
 .debug_macro   0x0001bdc7       0x5c ./Core/Src/button.o
 .debug_macro   0x0001be23      0x980 ./Core/Src/button.o
 .debug_macro   0x0001c7a3      0x9e9 ./Core/Src/button.o
 .debug_macro   0x0001d18c      0x115 ./Core/Src/button.o
 .debug_macro   0x0001d2a1      0x13e ./Core/Src/button.o
 .debug_macro   0x0001d3df       0xa5 ./Core/Src/button.o
 .debug_macro   0x0001d484      0x174 ./Core/Src/button.o
 .debug_macro   0x0001d5f8      0x287 ./Core/Src/button.o
 .debug_macro   0x0001d87f       0x5f ./Core/Src/button.o
 .debug_macro   0x0001d8de      0x236 ./Core/Src/button.o
 .debug_macro   0x0001db14      0x12c ./Core/Src/button.o
 .debug_macro   0x0001dc40      0x21e ./Core/Src/button.o
 .debug_macro   0x0001de5e       0x2e ./Core/Src/button.o
 .debug_macro   0x0001de8c      0x516 ./Core/Src/button.o
 .debug_macro   0x0001e3a2      0x1b5 ./Core/Src/button.o
 .debug_macro   0x0001e557       0xd6 ./Core/Src/button.o
 .debug_macro   0x0001e62d      0x127 ./Core/Src/button.o
 .debug_macro   0x0001e754       0x7e ./Core/Src/button.o
 .debug_macro   0x0001e7d2       0x89 ./Core/Src/button.o
 .debug_macro   0x0001e85b      0x225 ./Core/Src/button.o
 .debug_macro   0x0001ea80      0x8ed ./Core/Src/button.o
 .debug_macro   0x0001f36d       0x4d ./Core/Src/button.o
 .debug_macro   0x0001f3ba      0x2aa ./Core/Src/button.o
 .debug_macro   0x0001f664      0x12d ./Core/Src/button.o
 .debug_macro   0x0001f791       0x88 ./Core/Src/button.o
 .debug_macro   0x0001f819       0x72 ./Core/Src/dataStructure.o
 .debug_macro   0x0001f88b       0x16 ./Core/Src/dataStructure.o
 .debug_macro   0x0001f8a1      0x24e ./Core/Src/ds3231.o
 .debug_macro   0x0001faef       0x1c ./Core/Src/ds3231.o
 .debug_macro   0x0001fb0b       0xc4 ./Core/Src/ds3231.o
 .debug_macro   0x0001fbcf      0x226 ./Core/Src/fsmc.o
 .debug_macro   0x0001fdf5      0x226 ./Core/Src/gpio.o
 .debug_macro   0x0002001b      0x226 ./Core/Src/i2c.o
 .debug_macro   0x00020241      0x345 ./Core/Src/lcd.o
 .debug_macro   0x00020586       0xd6 ./Core/Src/lcd.o
 .debug_macro   0x0002065c       0x2a ./Core/Src/lcd.o
 .debug_macro   0x00020686       0x61 ./Core/Src/lcd.o
 .debug_macro   0x000206e7       0x43 ./Core/Src/lcd.o
 .debug_macro   0x0002072a       0x34 ./Core/Src/lcd.o
 .debug_macro   0x0002075e       0x16 ./Core/Src/lcd.o
 .debug_macro   0x00020774       0x35 ./Core/Src/lcd.o
 .debug_macro   0x000207a9       0x16 ./Core/Src/lcd.o
 .debug_macro   0x000207bf       0x43 ./Core/Src/lcd.o
 .debug_macro   0x00020802       0x34 ./Core/Src/lcd.o
 .debug_macro   0x00020836       0x10 ./Core/Src/lcd.o
 .debug_macro   0x00020846       0x58 ./Core/Src/lcd.o
 .debug_macro   0x0002089e       0x8e ./Core/Src/lcd.o
 .debug_macro   0x0002092c       0x1c ./Core/Src/lcd.o
 .debug_macro   0x00020948      0x177 ./Core/Src/lcd.o
 .debug_macro   0x00020abf      0x369 ./Core/Src/lcd.o
 .debug_macro   0x00020e28       0x16 ./Core/Src/lcd.o
 .debug_macro   0x00020e3e       0x29 ./Core/Src/lcd.o
 .debug_macro   0x00020e67       0x16 ./Core/Src/lcd.o
 .debug_macro   0x00020e7d       0x20 ./Core/Src/lcd.o
 .debug_macro   0x00020e9d      0x230 ./Core/Src/led7Seg.o
 .debug_macro   0x000210cd      0x389 ./Core/Src/main.o
 .debug_macro   0x00021456       0x16 ./Core/Src/main.o
 .debug_macro   0x0002146c      0x19b ./Core/Src/main.o
 .debug_macro   0x00021607      0x31b ./Core/Src/rs232_uart.o
 .debug_macro   0x00021922       0x16 ./Core/Src/rs232_uart.o
 .debug_macro   0x00021938       0x10 ./Core/Src/rs232_uart.o
 .debug_macro   0x00021948       0x16 ./Core/Src/rs232_uart.o
 .debug_macro   0x0002195e       0x16 ./Core/Src/rs232_uart.o
 .debug_macro   0x00021974      0x146 ./Core/Src/rs232_uart.o
 .debug_macro   0x00021aba      0x23f ./Core/Src/sTimer.o
 .debug_macro   0x00021cf9       0x10 ./Core/Src/sTimer.o
 .debug_macro   0x00021d09      0x226 ./Core/Src/spi.o
 .debug_macro   0x00021f2f      0x21c ./Core/Src/stm32f4xx_hal_msp.o
 .debug_macro   0x0002214b      0x226 ./Core/Src/stm32f4xx_it.o
 .debug_macro   0x00022371      0x20d ./Core/Src/system_stm32f4xx.o
 .debug_macro   0x0002257e      0x226 ./Core/Src/tim.o
 .debug_macro   0x000227a4      0x226 ./Core/Src/usart.o
 .debug_macro   0x000229ca      0x13e ./Core/Src/utils.o
 .debug_macro   0x00022b08      0x11c ./Core/Src/utils.o
 .debug_macro   0x00022c24       0x94 ./Core/Src/utils.o
 .debug_macro   0x00022cb8      0x26d ./Drivers/STM32F4xx_HAL_Driver/Src/stm32f4xx_hal.o
 .debug_macro   0x00022f25      0x20d ./Drivers/STM32F4xx_HAL_Driver/Src/stm32f4xx_hal_cortex.o
 .debug_macro   0x00023132      0x213 ./Drivers/STM32F4xx_HAL_Driver/Src/stm32f4xx_hal_dma.o
 .debug_macro   0x00023345      0x213 ./Drivers/STM32F4xx_HAL_Driver/Src/stm32f4xx_hal_gpio.o
 .debug_macro   0x00023558      0x25b ./Drivers/STM32F4xx_HAL_Driver/Src/stm32f4xx_hal_i2c.o
 .debug_macro   0x000237b3      0x231 ./Drivers/STM32F4xx_HAL_Driver/Src/stm32f4xx_hal_rcc.o
 .debug_macro   0x000239e4      0x21c ./Drivers/STM32F4xx_HAL_Driver/Src/stm32f4xx_hal_spi.o
 .debug_macro   0x00023c00      0x20d ./Drivers/STM32F4xx_HAL_Driver/Src/stm32f4xx_hal_sram.o
 .debug_macro   0x00023e0d      0x20e ./Drivers/STM32F4xx_HAL_Driver/Src/stm32f4xx_hal_tim.o
 .debug_macro   0x0002401b      0x20d ./Drivers/STM32F4xx_HAL_Driver/Src/stm32f4xx_hal_tim_ex.o
 .debug_macro   0x00024228      0x20e ./Drivers/STM32F4xx_HAL_Driver/Src/stm32f4xx_hal_uart.o
 .debug_macro   0x00024436      0x248 ./Drivers/STM32F4xx_HAL_Driver/Src/stm32f4xx_ll_fsmc.o

.debug_line     0x00000000    0x1e185
 .debug_line    0x00000000      0x85b ./Core/Src/button.o
 .debug_line    0x0000085b      0x4f1 ./Core/Src/dataStructure.o
 .debug_line    0x00000d4c      0xcd7 ./Core/Src/ds3231.o
 .debug_line    0x00001a23      0x8d6 ./Core/Src/fsmc.o
 .debug_line    0x000022f9      0x834 ./Core/Src/gpio.o
 .debug_line    0x00002b2d      0x83f ./Core/Src/i2c.o
 .debug_line    0x0000336c     0x10df ./Core/Src/lcd.o
 .debug_line    0x0000444b      0x8de ./Core/Src/led7Seg.o
 .debug_line    0x00004d29     0x1640 ./Core/Src/main.o
 .debug_line    0x00006369      0xa85 ./Core/Src/rs232_uart.o
 .debug_line    0x00006dee      0x8d2 ./Core/Src/sTimer.o
 .debug_line    0x000076c0      0x847 ./Core/Src/spi.o
 .debug_line    0x00007f07      0x7d5 ./Core/Src/stm32f4xx_hal_msp.o
 .debug_line    0x000086dc      0x8e0 ./Core/Src/stm32f4xx_it.o
 .debug_line    0x00008fbc      0x85a ./Core/Src/system_stm32f4xx.o
 .debug_line    0x00009816      0x8b7 ./Core/Src/tim.o
 .debug_line    0x0000a0cd      0x842 ./Core/Src/usart.o
 .debug_line    0x0000a90f      0x5c1 ./Core/Src/utils.o
 .debug_line    0x0000aed0       0x7a ./Core/Startup/startup_stm32f407zgtx.o
 .debug_line    0x0000af4a      0xac3 ./Drivers/STM32F4xx_HAL_Driver/Src/stm32f4xx_hal.o
 .debug_line    0x0000ba0d      0xd8b ./Drivers/STM32F4xx_HAL_Driver/Src/stm32f4xx_hal_cortex.o
 .debug_line    0x0000c798     0x1033 ./Drivers/STM32F4xx_HAL_Driver/Src/stm32f4xx_hal_dma.o
 .debug_line    0x0000d7cb      0xc4f ./Drivers/STM32F4xx_HAL_Driver/Src/stm32f4xx_hal_gpio.o
 .debug_line    0x0000e41a     0x3c09 ./Drivers/STM32F4xx_HAL_Driver/Src/stm32f4xx_hal_i2c.o
 .debug_line    0x00012023      0xe36 ./Drivers/STM32F4xx_HAL_Driver/Src/stm32f4xx_hal_rcc.o
 .debug_line    0x00012e59     0x1dbe ./Drivers/STM32F4xx_HAL_Driver/Src/stm32f4xx_hal_spi.o
 .debug_line    0x00014c17      0xdd8 ./Drivers/STM32F4xx_HAL_Driver/Src/stm32f4xx_hal_sram.o
 .debug_line    0x000159ef     0x3867 ./Drivers/STM32F4xx_HAL_Driver/Src/stm32f4xx_hal_tim.o
 .debug_line    0x00019256     0x1ab9 ./Drivers/STM32F4xx_HAL_Driver/Src/stm32f4xx_hal_tim_ex.o
 .debug_line    0x0001ad0f     0x2995 ./Drivers/STM32F4xx_HAL_Driver/Src/stm32f4xx_hal_uart.o
 .debug_line    0x0001d6a4      0xae1 ./Drivers/STM32F4xx_HAL_Driver/Src/stm32f4xx_ll_fsmc.o

.debug_str      0x00000000    0xd46b6
 .debug_str     0x00000000    0xc9e7d ./Core/Src/button.o
                              0xca18a (size before relaxing)
 .debug_str     0x000c9e7d       0xca ./Core/Src/dataStructure.o
                               0x3e01 (size before relaxing)
 .debug_str     0x000c9f47      0x92b ./Core/Src/ds3231.o
                              0xca884 (size before relaxing)
 .debug_str     0x000ca872      0x3ef ./Core/Src/fsmc.o
                              0xca34a (size before relaxing)
 .debug_str     0x000cac61       0x20 ./Core/Src/gpio.o
                              0xc9df8 (size before relaxing)
 .debug_str     0x000cac81       0x58 ./Core/Src/i2c.o
                              0xca327 (size before relaxing)
 .debug_str     0x000cacd9     0x36dc ./Core/Src/lcd.o
                              0xcd3b8 (size before relaxing)
 .debug_str     0x000ce3b5       0xe0 ./Core/Src/led7Seg.o
                              0xca204 (size before relaxing)
 .debug_str     0x000ce495      0xdc9 ./Core/Src/main.o
                              0xce3c1 (size before relaxing)
 .debug_str     0x000cf25e      0x8c7 ./Core/Src/rs232_uart.o
                              0xcd95b (size before relaxing)
 .debug_str     0x000cfb25      0x31d ./Core/Src/sTimer.o
                              0xca2db (size before relaxing)
 .debug_str     0x000cfe42       0x4b ./Core/Src/spi.o
                              0xca284 (size before relaxing)
 .debug_str     0x000cfe8d       0x2c ./Core/Src/stm32f4xx_hal_msp.o
                              0xc9d2d (size before relaxing)
 .debug_str     0x000cfeb9      0x122 ./Core/Src/stm32f4xx_it.o
                              0xca477 (size before relaxing)
 .debug_str     0x000cffdb       0xdb ./Core/Src/system_stm32f4xx.o
                              0xc9bc7 (size before relaxing)
 .debug_str     0x000d00b6      0x653 ./Core/Src/tim.o
                              0xca915 (size before relaxing)
 .debug_str     0x000d0709       0x51 ./Core/Src/usart.o
                              0xca7e9 (size before relaxing)
 .debug_str     0x000d075a       0x14 ./Core/Src/utils.o