Archive member included to satisfy reference by file (symbol)

d:/programs/stm32cubeide_1.12.0/stm32cubeide/plugins/com.st.stm32cube.ide.mcu.externaltools.gnu-tools-for-stm32.10.3-2021.10.win32_1.0.200.202301161003/tools/bin/../lib/gcc/arm-none-eabi/10.3.1/../../../../arm-none-eabi/lib/thumb/v7e-m+fp/hard\libc_nano.a(lib_a-errno.o)
                              ./Core/Src/syscalls.o (__errno)
d:/programs/stm32cubeide_1.12.0/stm32cubeide/plugins/com.st.stm32cube.ide.mcu.externaltools.gnu-tools-for-stm32.10.3-2021.10.win32_1.0.200.202301161003/tools/bin/../lib/gcc/arm-none-eabi/10.3.1/../../../../arm-none-eabi/lib/thumb/v7e-m+fp/hard\libc_nano.a(lib_a-exit.o)
                              d:/programs/stm32cubeide_1.12.0/stm32cubeide/plugins/com.st.stm32cube.ide.mcu.externaltools.gnu-tools-for-stm32.10.3-2021.10.win32_1.0.200.202301161003/tools/bin/../lib/gcc/arm-none-eabi/10.3.1/../../../../arm-none-eabi/lib/thumb/v7e-m+fp/hard/crt0.o (exit)
d:/programs/stm32cubeide_1.12.0/stm32cubeide/plugins/com.st.stm32cube.ide.mcu.externaltools.gnu-tools-for-stm32.10.3-2021.10.win32_1.0.200.202301161003/tools/bin/../lib/gcc/arm-none-eabi/10.3.1/../../../../arm-none-eabi/lib/thumb/v7e-m+fp/hard\libc_nano.a(lib_a-impure.o)
                              d:/programs/stm32cubeide_1.12.0/stm32cubeide/plugins/com.st.stm32cube.ide.mcu.externaltools.gnu-tools-for-stm32.10.3-2021.10.win32_1.0.200.202301161003/tools/bin/../lib/gcc/arm-none-eabi/10.3.1/../../../../arm-none-eabi/lib/thumb/v7e-m+fp/hard\libc_nano.a(lib_a-exit.o) (_global_impure_ptr)
d:/programs/stm32cubeide_1.12.0/stm32cubeide/plugins/com.st.stm32cube.ide.mcu.externaltools.gnu-tools-for-stm32.10.3-2021.10.win32_1.0.200.202301161003/tools/bin/../lib/gcc/arm-none-eabi/10.3.1/../../../../arm-none-eabi/lib/thumb/v7e-m+fp/hard\libc_nano.a(lib_a-init.o)
                              d:/programs/stm32cubeide_1.12.0/stm32cubeide/plugins/com.st.stm32cube.ide.mcu.externaltools.gnu-tools-for-stm32.10.3-2021.10.win32_1.0.200.202301161003/tools/bin/../lib/gcc/arm-none-eabi/10.3.1/../../../../arm-none-eabi/lib/thumb/v7e-m+fp/hard/crt0.o (__libc_init_array)
d:/programs/stm32cubeide_1.12.0/stm32cubeide/plugins/com.st.stm32cube.ide.mcu.externaltools.gnu-tools-for-stm32.10.3-2021.10.win32_1.0.200.202301161003/tools/bin/../lib/gcc/arm-none-eabi/10.3.1/../../../../arm-none-eabi/lib/thumb/v7e-m+fp/hard\libc_nano.a(lib_a-memset.o)
                              d:/programs/stm32cubeide_1.12.0/stm32cubeide/plugins/com.st.stm32cube.ide.mcu.externaltools.gnu-tools-for-stm32.10.3-2021.10.win32_1.0.200.202301161003/tools/bin/../lib/gcc/arm-none-eabi/10.3.1/../../../../arm-none-eabi/lib/thumb/v7e-m+fp/hard/crt0.o (memset)
d:/programs/stm32cubeide_1.12.0/stm32cubeide/plugins/com.st.stm32cube.ide.mcu.externaltools.gnu-tools-for-stm32.10.3-2021.10.win32_1.0.200.202301161003/tools/bin/../lib/gcc/arm-none-eabi/10.3.1/../../../../arm-none-eabi/lib/thumb/v7e-m+fp/hard\libc_nano.a(lib_a-sprintf.o)
                              ./Core/Src/uart.o (sprintf)
d:/programs/stm32cubeide_1.12.0/stm32cubeide/plugins/com.st.stm32cube.ide.mcu.externaltools.gnu-tools-for-stm32.10.3-2021.10.win32_1.0.200.202301161003/tools/bin/../lib/gcc/arm-none-eabi/10.3.1/../../../../arm-none-eabi/lib/thumb/v7e-m+fp/hard\libc_nano.a(lib_a-strlen.o)
                              ./Core/Src/lcd.o (strlen)
d:/programs/stm32cubeide_1.12.0/stm32cubeide/plugins/com.st.stm32cube.ide.mcu.externaltools.gnu-tools-for-stm32.10.3-2021.10.win32_1.0.200.202301161003/tools/bin/../lib/gcc/arm-none-eabi/10.3.1/../../../../arm-none-eabi/lib/thumb/v7e-m+fp/hard\libc_nano.a(lib_a-nano-svfprintf.o)
                              d:/programs/stm32cubeide_1.12.0/stm32cubeide/plugins/com.st.stm32cube.ide.mcu.externaltools.gnu-tools-for-stm32.10.3-2021.10.win32_1.0.200.202301161003/tools/bin/../lib/gcc/arm-none-eabi/10.3.1/../../../../arm-none-eabi/lib/thumb/v7e-m+fp/hard\libc_nano.a(lib_a-sprintf.o) (_svfprintf_r)
d:/programs/stm32cubeide_1.12.0/stm32cubeide/plugins/com.st.stm32cube.ide.mcu.externaltools.gnu-tools-for-stm32.10.3-2021.10.win32_1.0.200.202301161003/tools/bin/../lib/gcc/arm-none-eabi/10.3.1/../../../../arm-none-eabi/lib/thumb/v7e-m+fp/hard\libc_nano.a(lib_a-nano-vfprintf_i.o)
                              d:/programs/stm32cubeide_1.12.0/stm32cubeide/plugins/com.st.stm32cube.ide.mcu.externaltools.gnu-tools-for-stm32.10.3-2021.10.win32_1.0.200.202301161003/tools/bin/../lib/gcc/arm-none-eabi/10.3.1/../../../../arm-none-eabi/lib/thumb/v7e-m+fp/hard\libc_nano.a(lib_a-nano-svfprintf.o) (_printf_i)
d:/programs/stm32cubeide_1.12.0/stm32cubeide/plugins/com.st.stm32cube.ide.mcu.externaltools.gnu-tools-for-stm32.10.3-2021.10.win32_1.0.200.202301161003/tools/bin/../lib/gcc/arm-none-eabi/10.3.1/../../../../arm-none-eabi/lib/thumb/v7e-m+fp/hard\libc_nano.a(lib_a-memchr.o)
[...]
Memory Configuration

Name             Origin             Length             Attributes
CCMRAM           0x0000000010000000 0x0000000000010000 xrw
RAM              0x0000000020000000 0x0000000000020000 xrw
FLASH            0x0000000008000000 0x0000000000100000 xr
*default*        0x0000000000000000 0xffffffffffffffff

Linker script and memory map

LOAD d:/programs/stm32cubeide_1.12.0/stm32cubeide/plugins/com.st.stm32cube.ide.mcu.externaltools.gnu-tools-for-stm32.10.3-2021.10.win32_1.0.200.202301161003/tools/bin/../lib/gcc/arm-none-eabi/10.3.1/thumb/v7e-m+fp/hard/crti.o
LOAD d:/programs/stm32cubeide_1.12.0/stm32cubeide/plugins/com.st.stm32cube.ide.mcu.externaltools.gnu-tools-for-stm32.10.3-2021.10.win32_1.0.200.202301161003/tools/bin/../lib/gcc/arm-none-eabi/10.3.1/thumb/v7e-m+fp/hard/crtbegin.o
LOAD d:/programs/stm32cubeide_1.12.0/stm32cubeide/plugins/com.st.stm32cube.ide.mcu.externaltools.gnu-tools-for-stm32.10.3-2021.10.win32_1.0.200.202301161003/tools/bin/../lib/gcc/arm-none-eabi/10.3.1/../../../../arm-none-eabi/lib/thumb/v7e-m+fp/hard/crt0.o
LOAD ./Core/Src/adc.o
LOAD ./Core/Src/at24c.o
LOAD ./Core/Src/button.o
LOAD ./Core/Src/buzzer.o
LOAD ./Core/Src/dma.o
LOAD ./Core/Src/ds3231.o
LOAD ./Core/Src/fsmc.o
LOAD ./Core/Src/gpio.o
LOAD ./Core/Src/i2c.o
LOAD ./Core/Src/lcd.o
LOAD ./Core/Src/led_7seg.o
LOAD ./Core/Src/light_control.o
LOAD ./Core/Src/main.o
LOAD ./Core/Src/picture.o
LOAD ./Core/Src/sensor.o
LOAD ./Core/Src/software_timer.o
LOAD ./Core/Src/spi.o
LOAD ./Core/Src/stm32f4xx_hal_msp.o
LOAD ./Core/Src/stm32f4xx_it.o
LOAD ./Core/Src/syscalls.o
LOAD ./Core/Src/sysmem.o
LOAD ./Core/Src/system_stm32f4xx.o
LOAD ./Core/Src/tim.o
LOAD ./Core/Src/touch.o
LOAD ./Core/Src/uart.o
LOAD ./Core/Src/usart.o
LOAD ./Core/Src/utils.o
LOAD ./Core/Startup/startup_stm32f407zetx.o
LOAD ./Drivers/STM32F4xx_HAL_Driver/Src/stm32f4xx_hal.o
LOAD ./Drivers/STM32F4xx_HAL_Driver/Src/stm32f4xx_hal_adc.o
LOAD ./Drivers/STM32F4xx_HAL_Driver/Src/stm32f4xx_hal_adc_ex.o
LOAD ./Drivers/STM32F4xx_HAL_Driver/Src/stm32f4xx_hal_cortex.o
LOAD ./Drivers/STM32F4xx_HAL_Driver/Src/stm32f4xx_hal_dma.o
LOAD ./Drivers/STM32F4xx_HAL_Driver/Src/stm32f4xx_hal_dma_ex.o
LOAD ./Drivers/STM32F4xx_HAL_Driver/Src/stm32f4xx_hal_exti.o
LOAD ./Drivers/STM32F4xx_HAL_Driver/Src/stm32f4xx_hal_flash.o
LOAD ./Drivers/STM32F4xx_HAL_Driver/Src/stm32f4xx_hal_flash_ex.o
LOAD ./Drivers/STM32F4xx_HAL_Driver/Src/stm32f4xx_hal_flash_ramfunc.o
LOAD ./Drivers/STM32F4xx_HAL_Driver/Src/stm32f4xx_hal_gpio.o
LOAD ./Drivers/STM32F4xx_HAL_Driver/Src/stm32f4xx_hal_i2c.o
LOAD ./Drivers/STM32F4xx_HAL_Driver/Src/stm32f4xx_hal_i2c_ex.o
LOAD ./Drivers/STM32F4xx_HAL_Driver/Src/stm32f4xx_hal_pwr.o
LOAD ./Drivers/STM32F4xx_HAL_Driver/Src/stm32f4xx_hal_pwr_ex.o
LOAD ./Drivers/STM32F4xx_HAL_Driver/Src/stm32f4xx_hal_rcc.o
LOAD ./Drivers/STM32F4xx_HAL_Driver/Src/stm32f4xx_hal_rcc_ex.o
LOAD ./Drivers/STM32F4xx_HAL_Driver/Src/stm32f4xx_hal_spi.o
LOAD ./Drivers/STM32F4xx_HAL_Driver/Src/stm32f4xx_hal_sram.o
LOAD ./Drivers/STM32F4xx_HAL_Driver/Src/stm32f4xx_hal_tim.o
LOAD ./Drivers/STM32F4xx_HAL_Driver/Src/stm32f4xx_hal_tim_ex.o
LOAD ./Drivers/STM32F4xx_HAL_Driver/Src/stm32f4xx_hal_uart.o
LOAD ./Drivers/STM32F4xx_HAL_Driver/Src/stm32f4xx_ll_adc.o
LOAD ./Drivers/STM32F4xx_HAL_Driver/Src/stm32f4xx_ll_fsmc.o
START GROUP
LOAD d:/programs/stm32cubeide_1.12.0/stm32cubeide/plugins/com.st.stm32cube.ide.mcu.externaltools.gnu-tools-for-stm32.10.3-2021.10.win32_1.0.200.202301161003/tools/bin/../lib/gcc/arm-none-eabi/10.3.1/../../../../arm-none-eabi/lib/thumb/v7e-m+fp/hard\libc_nano.a
LOAD d:/programs/stm32cubeide_1.12.0/stm32cubeide/plugins/com.st.stm32cube.ide.mcu.externaltools.gnu-tools-for-stm32.10.3-2021.10.win32_1.0.200.202301161003/tools/bin/../lib/gcc/arm-none-eabi/10.3.1/../../../../arm-none-eabi/lib/thumb/v7e-m+fp/hard\libm.a
END GROUP
START GROUP
LOAD d:/programs/stm32cubeide_1.12.0/stm32cubeide/plugins/com.st.stm32cube.ide.mcu.externaltools.gnu-tools-for-stm32.10.3-2021.10.win32_1.0.200.202301161003/tools/bin/../lib/gcc/arm-none-eabi/10.3.1/thumb/v7e-m+fp/hard\libgcc.a
LOAD d:/programs/stm32cubeide_1.12.0/stm32cubeide/plugins/com.st.stm32cube.ide.mcu.externaltools.gnu-tools-for-stm32.10.3-2021.10.win32_1.0.200.202301161003/tools/bin/../lib/gcc/arm-none-eabi/10.3.1/../../../../arm-none-eabi/lib/thumb/v7e-m+fp/hard\libc_nano.a
END GROUP
START GROUP
LOAD d:/programs/stm32cubeide_1.12.0/stm32cubeide/plugins/com.st.stm32cube.ide.mcu.externaltools.gnu-tools-for-stm32.10.3-2021.10.win32_1.0.200.202301161003/tools/bin/../lib/gcc/arm-none-eabi/10.3.1/thumb/v7e-m+fp/hard\libgcc.a
LOAD d:/programs/stm32cubeide_1.12.0/stm32cubeide/plugins/com.st.stm32cube.ide.mcu.externaltools.gnu-tools-for-stm32.10.3-2021.10.win32_1.0.200.202301161003/tools/bin/../lib/gcc/arm-none-eabi/10.3.1/../../../../arm-none-eabi/lib/thumb/v7e-m+fp/hard\libc_nano.a
LOAD d:/programs/stm32cubeide_1.12.0/stm32cubeide/plugins/com.st.stm32cube.ide.mcu.externaltools.gnu-tools-for-stm32.10.3-2021.10.win32_1.0.200.202301161003/tools/bin/../lib/gcc/arm-none-eabi/10.3.1/../../../../arm-none-eabi/lib/thumb/v7e-m+fp/hard\libnosys.a
END GROUP
START GROUP
LOAD d:/programs/stm32cubeide_1.12.0/stm32cubeide/plugins/com.st.stm32cube.ide.mcu.externaltools.gnu-tools-for-stm32.10.3-2021.10.win32_1.0.200.202301161003/tools/bin/../lib/gcc/arm-none-eabi/10.3.1/thumb/v7e-m+fp/hard\libgcc.a
LOAD d:/programs/stm32cubeide_1.12.0/stm32cubeide/plugins/com.st.stm32cube.ide.mcu.externaltools.gnu-tools-for-stm32.10.3-2021.10.win32_1.0.200.202301161003/tools/bin/../lib/gcc/arm-none-eabi/10.3.1/../../../../arm-none-eabi/lib/thumb/v7e-m+fp/hard\libc_nano.a
LOAD d:/programs/stm32cubeide_1.12.0/stm32cubeide/plugins/com.st.stm32cube.ide.mcu.externaltools.gnu-tools-for-stm32.10.3-2021.10.win32_1.0.200.202301161003/tools/bin/../lib/gcc/arm-none-eabi/10.3.1/../../../../arm-none-eabi/lib/thumb/v7e-m+fp/hard\libnosys.a
END GROUP
LOAD d:/programs/stm32cubeide_1.12.0/stm32cubeide/plugins/com.st.stm32cube.ide.mcu.externaltools.gnu-tools-for-stm32.10.3-2021.10.win32_1.0.200.202301161003/tools/bin/../lib/gcc/arm-none-eabi/10.3.1/thumb/v7e-m+fp/hard/crtend.o
LOAD d:/programs/stm32cubeide_1.12.0/stm32cubeide/plugins/com.st.stm32cube.ide.mcu.externaltools.gnu-tools-for-stm32.10.3-2021.10.win32_1.0.200.202301161003/tools/bin/../lib/gcc/arm-none-eabi/10.3.1/thumb/v7e-m+fp/hard/crtn.o
                0x0000000020020000                _estack = (ORIGIN (RAM) + LENGTH (RAM))
                0x0000000000000200                _Min_Heap_Size = 0x200
                0x0000000000000400                _Min_Stack_Size = 0x400

.isr_vector     0x0000000008000000      0x188
                0x0000000008000000                . = ALIGN (0x4)
 *(.isr_vector)
 .isr_vector    0x0000000008000000      0x188 ./Core/Startup/startup_stm32f407zetx.o
                0x0000000008000000                g_pfnVectors
                0x0000000008000188                . = ALIGN (0x4)

.text           0x0000000008000188     0x6af8
                0x0000000008000188                . = ALIGN (0x4)
 *(.text)
 .text          0x0000000008000188       0x40 d:/programs/stm32cubeide_1.12.0/stm32cubeide/plugins/com.st.stm32cube.ide.mcu.externaltools.gnu-tools-for-stm32.10.3-2021.10.win32_1.0.200.202301161003/tools/bin/../lib/gcc/arm-none-eabi/10.3.1/thumb/v7e-m+fp/hard/crtbegin.o
 .text          0x00000000080001c8       0x30 d:/programs/stm32cubeide_1.12.0/stm32cubeide/plugins/com.st.stm32cube.ide.mcu.externaltools.gnu-tools-for-stm32.10.3-2021.10.win32_1.0.200.202301161003/tools/bin/../lib/gcc/arm-none-eabi/10.3.1/thumb/v7e-m+fp/hard\libgcc.a(_aeabi_uldivmod.o)
                0x00000000080001c8                __aeabi_uldivmod
 .text          0x00000000080001f8      0x2d0 d:/programs/stm32cubeide_1.12.0/stm32cubeide/plugins/com.st.stm32cube.ide.mcu.externaltools.gnu-tools-for-stm32.10.3-2021.10.win32_1.0.200.202301161003/tools/bin/../lib/gcc/arm-none-eabi/10.3.1/thumb/v7e-m+fp/hard\libgcc.a(_udivmoddi4.o)
                0x00000000080001f8                __udivmoddi4
 .text          0x00000000080004c8        0x4 d:/programs/stm32cubeide_1.12.0/stm32cubeide/plugins/com.st.stm32cube.ide.mcu.externaltools.gnu-tools-for-stm32.10.3-2021.10.win32_1.0.200.202301161003/tools/bin/../lib/gcc/arm-none-eabi/10.3.1/thumb/v7e-m+fp/hard\libgcc.a(_dvmd_tls.o)
                0x00000000080004c8                __aeabi_idiv0
                0x00000000080004c8                __aeabi_ldiv0
 *(.text*)
 .text.MX_ADC1_Init
                0x00000000080004cc      0x114 ./Core/Src/adc.o
                0x00000000080004cc                MX_ADC1_Init
 .text.HAL_ADC_MspInit
                0x00000000080005e0      0x128 ./Core/Src/adc.o
                0x00000000080005e0                HAL_ADC_MspInit
 .text.button_init
                0x0000000008000708       0x18 ./Core/Src/button.o
                0x0000000008000708                button_init
 .text.MX_DMA_Init
                0x0000000008000720       0x40 ./Core/Src/dma.o
                0x0000000008000720                MX_DMA_Init
 .text.MX_FSMC_Init
                0x0000000008000760       0xf4 ./Core/Src/fsmc.o
                0x0000000008000760                MX_FSMC_Init
 .text.HAL_FSMC_MspInit
                0x0000000008000854       0x98 ./Core/Src/fsmc.o
 .text.HAL_SRAM_MspInit
                0x00000000080008ec       0x14 ./Core/Src/fsmc.o
                0x00000000080008ec                HAL_SRAM_MspInit
 .text.MX_GPIO_Init
                0x0000000008000900      0x274 ./Core/Src/gpio.o
                0x0000000008000900                MX_GPIO_Init
 .text.MX_I2C1_Init
                0x0000000008000b74       0x5c ./Core/Src/i2c.o
                0x0000000008000b74                MX_I2C1_Init
 .text.HAL_I2C_MspInit
                0x0000000008000bd0       0x90 ./Core/Src/i2c.o
                0x0000000008000bd0                HAL_I2C_MspInit
 .text.LCD_WR_REG
                0x0000000008000c60       0x20 ./Core/Src/lcd.o
                0x0000000008000c60                LCD_WR_REG
 .text.LCD_WR_DATA
                0x0000000008000c80       0x20 ./Core/Src/lcd.o
 .text.LCD_RD_DATA
                0x0000000008000ca0       0x24 ./Core/Src/lcd.o
 .text.lcd_AddressSet
                0x0000000008000cc4       0x98 ./Core/Src/lcd.o
                0x0000000008000cc4                lcd_AddressSet
 .text.lcd_Clear
                0x0000000008000d5c       0x64 ./Core/Src/lcd.o
                0x0000000008000d5c                lcd_Clear
 .text.lcd_DrawPoint
                0x0000000008000dc0       0x2e ./Core/Src/lcd.o
                0x0000000008000dc0                lcd_DrawPoint
 *fill*         0x0000000008000dee        0x2 
 .text.lcd_ShowChar
                0x0000000008000df0      0x1a0 ./Core/Src/lcd.o
                0x0000000008000df0                lcd_ShowChar
 .text.mypow    0x0000000008000f90       0x38 ./Core/Src/lcd.o
                0x0000000008000f90                mypow
 .text.lcd_ShowFloatNum
                0x0000000008000fc8      0x110 ./Core/Src/lcd.o
                0x0000000008000fc8                lcd_ShowFloatNum
 .text.lcd_SetDir
                0x00000000080010d8       0x48 ./Core/Src/lcd.o
                0x00000000080010d8                lcd_SetDir
 .text.lcd_init
                0x0000000008001120      0x2c0 ./Core/Src/lcd.o
                0x0000000008001120                lcd_init
 .text.lcd_ShowStr
                0x00000000080013e0       0xc8 ./Core/Src/lcd.o
                0x00000000080013e0                lcd_ShowStr
 .text.led7_Scan
                0x00000000080014a8      0x118 ./Core/Src/led_7seg.o
                0x00000000080014a8                led7_Scan
 .text.lightProcess
                0x00000000080015c0       0x6c ./Core/Src/light_control.o
                0x00000000080015c0                lightProcess
 .text.test_Esp
                0x000000000800162c       0x6c ./Core/Src/light_control.o
                0x000000000800162c                test_Esp
 .text.main     0x0000000008001698       0x64 ./Core/Src/main.o
                0x0000000008001698                main
 .text.SystemClock_Config
                0x00000000080016fc       0xd4 ./Core/Src/main.o
                0x00000000080016fc                SystemClock_Config
 .text.system_init
                0x00000000080017d0       0x22 ./Core/Src/main.o
                0x00000000080017d0                system_init
 *fill*         0x00000000080017f2        0x2 
 .text.test_Adc
                0x00000000080017f4       0x84 ./Core/Src/main.o
                0x00000000080017f4                test_Adc
 .text.Error_Handler
                0x0000000008001878        0xa ./Core/Src/main.o
                0x0000000008001878                Error_Handler
 *fill*         0x0000000008001882        0x2 
 .text.sensor_init
                0x0000000008001884       0x1c ./Core/Src/sensor.o
                0x0000000008001884                sensor_init
 .text.sensor_Read
                0x00000000080018a0       0x1c ./Core/Src/sensor.o
                0x00000000080018a0                sensor_Read
 .text.sensor_GetTemperature
                0x00000000080018bc       0x3c ./Core/Src/sensor.o
                0x00000000080018bc                sensor_GetTemperature
 .text.timer_init
                0x00000000080018f8       0x1c ./Core/Src/software_timer.o
                0x00000000080018f8                timer_init
 .text.setTimer2
                0x0000000008001914       0x38 ./Core/Src/software_timer.o
                0x0000000008001914                setTimer2
 .text.HAL_TIM_PeriodElapsedCallback
                0x000000000800194c       0x54 ./Core/Src/software_timer.o
                0x000000000800194c                HAL_TIM_PeriodElapsedCallback
 .text.MX_SPI1_Init
                0x00000000080019a0       0x6c ./Core/Src/spi.o
                0x00000000080019a0                MX_SPI1_Init
 .text.HAL_SPI_MspInit
                0x0000000008001a0c       0x90 ./Core/Src/spi.o
                0x0000000008001a0c                HAL_SPI_MspInit
 .text.HAL_MspInit
                0x0000000008001a9c       0x50 ./Core/Src/stm32f4xx_hal_msp.o
                0x0000000008001a9c                HAL_MspInit
 .text.NMI_Handler
                0x0000000008001aec        0x6 ./Core/Src/stm32f4xx_it.o
                0x0000000008001aec                NMI_Handler
 .text.HardFault_Handler
                0x0000000008001af2        0x6 ./Core/Src/stm32f4xx_it.o
                0x0000000008001af2                HardFault_Handler
 .text.MemManage_Handler
                0x0000000008001af8        0x6 ./Core/Src/stm32f4xx_it.o
                0x0000000008001af8                MemManage_Handler
 .text.BusFault_Handler
                0x0000000008001afe        0x6 ./Core/Src/stm32f4xx_it.o
                0x0000000008001afe                BusFault_Handler
 .text.UsageFault_Handler
                0x0000000008001b04        0x6 ./Core/Src/stm32f4xx_it.o
                0x0000000008001b04                UsageFault_Handler
 .text.SVC_Handler
                0x0000000008001b0a        0xe ./Core/Src/stm32f4xx_it.o
                0x0000000008001b0a                SVC_Handler
 .text.DebugMon_Handler
                0x0000000008001b18        0xe ./Core/Src/stm32f4xx_it.o
                0x0000000008001b18                DebugMon_Handler
 .text.PendSV_Handler
                0x0000000008001b26        0xe ./Core/Src/stm32f4xx_it.o
                0x0000000008001b26                PendSV_Handler
 .text.SysTick_Handler
                0x0000000008001b34        0xc ./Core/Src/stm32f4xx_it.o
                0x0000000008001b34                SysTick_Handler
 .text.TIM2_IRQHandler
                0x0000000008001b40       0x14 ./Core/Src/stm32f4xx_it.o
                0x0000000008001b40                TIM2_IRQHandler
 .text.USART1_IRQHandler
                0x0000000008001b54       0x14 ./Core/Src/stm32f4xx_it.o
                0x0000000008001b54                USART1_IRQHandler
 .text.USART2_IRQHandler
                0x0000000008001b68       0x14 ./Core/Src/stm32f4xx_it.o
                0x0000000008001b68                USART2_IRQHandler
 .text.DMA2_Stream0_IRQHandler
                0x0000000008001b7c       0x14 ./Core/Src/stm32f4xx_it.o
                0x0000000008001b7c                DMA2_Stream0_IRQHandler
 .text.SystemInit
                0x0000000008001b90       0x24 ./Core/Src/system_stm32f4xx.o
                0x0000000008001b90                SystemInit
 .text.MX_TIM1_Init
                0x0000000008001bb4       0xa0 ./Core/Src/tim.o
                0x0000000008001bb4                MX_TIM1_Init
 .text.MX_TIM2_Init
                0x0000000008001c54       0x98 ./Core/Src/tim.o
                0x0000000008001c54                MX_TIM2_Init
 .text.MX_TIM13_Init
                0x0000000008001cec       0x9c ./Core/Src/tim.o
                0x0000000008001cec                MX_TIM13_Init
 .text.HAL_TIM_Base_MspInit
                0x0000000008001d88       0xa4 ./Core/Src/tim.o
                0x0000000008001d88                HAL_TIM_Base_MspInit
 .text.HAL_TIM_MspPostInit
                0x0000000008001e2c       0x74 ./Core/Src/tim.o
                0x0000000008001e2c                HAL_TIM_MspPostInit
 .text.uart_init_esp
                0x0000000008001ea0       0x2c ./Core/Src/uart.o
                0x0000000008001ea0                uart_init_esp
 .text.uart_EspSendBytes
                0x0000000008001ecc       0x24 ./Core/Src/uart.o
                0x0000000008001ecc                uart_EspSendBytes
 .text.HAL_UART_RxCpltCallback
                0x0000000008001ef0       0x94 ./Core/Src/uart.o
                0x0000000008001ef0                HAL_UART_RxCpltCallback
 .text.uart_EspCheck
                0x0000000008001f84       0x20 ./Core/Src/uart.o
                0x0000000008001f84                uart_EspCheck
 .text.MX_USART1_UART_Init
                0x0000000008001fa4       0x54 ./Core/Src/usart.o
                0x0000000008001fa4                MX_USART1_UART_Init
 .text.MX_USART2_UART_Init
                0x0000000008001ff8       0x54 ./Core/Src/usart.o
                0x0000000008001ff8                MX_USART2_UART_Init
 .text.HAL_UART_MspInit
                0x000000000800204c      0x118 ./Core/Src/usart.o
                0x000000000800204c                HAL_UART_MspInit
 .text.Reset_Handler
                0x0000000008002164       0x50 ./Core/Startup/startup_stm32f407zetx.o
                0x0000000008002164                Reset_Handler
 .text.Default_Handler
                0x00000000080021b4        0x2 ./Core/Startup/startup_stm32f407zetx.o
                0x00000000080021b4                RTC_Alarm_IRQHandler
                0x00000000080021b4                HASH_RNG_IRQHandler
                0x00000000080021b4                EXTI2_IRQHandler
                0x00000000080021b4                TIM8_CC_IRQHandler
                0x00000000080021b4                TIM1_CC_IRQHandler
                0x00000000080021b4                DMA2_Stream5_IRQHandler
                0x00000000080021b4                DMA1_Stream5_IRQHandler
                0x00000000080021b4                PVD_IRQHandler
                0x00000000080021b4                SDIO_IRQHandler
                0x00000000080021b4                TAMP_STAMP_IRQHandler
                0x00000000080021b4                CAN2_RX1_IRQHandler
                0x00000000080021b4                EXTI3_IRQHandler
                0x00000000080021b4                TIM8_TRG_COM_TIM14_IRQHandler
                0x00000000080021b4                TIM1_UP_TIM10_IRQHandler
                0x00000000080021b4                TIM8_UP_TIM13_IRQHandler
                0x00000000080021b4                I2C3_ER_IRQHandler
                0x00000000080021b4                EXTI0_IRQHandler
                0x00000000080021b4                I2C2_EV_IRQHandler
                0x00000000080021b4                DMA1_Stream2_IRQHandler
                0x00000000080021b4                CAN1_RX0_IRQHandler
                0x00000000080021b4                FPU_IRQHandler
                0x00000000080021b4                OTG_HS_WKUP_IRQHandler
                0x00000000080021b4                CAN2_SCE_IRQHandler
                0x00000000080021b4                DMA2_Stream2_IRQHandler
                0x00000000080021b4                SPI1_IRQHandler
                0x00000000080021b4                TIM6_DAC_IRQHandler
                0x00000000080021b4                TIM1_BRK_TIM9_IRQHandler
                0x00000000080021b4                DCMI_IRQHandler
                0x00000000080021b4                CAN2_RX0_IRQHandler
                0x00000000080021b4                DMA2_Stream3_IRQHandler
                0x00000000080021b4                USART6_IRQHandler
                0x00000000080021b4                USART3_IRQHandler
                0x00000000080021b4                CAN1_RX1_IRQHandler
                0x00000000080021b4                UART5_IRQHandler
                0x00000000080021b4                TIM4_IRQHandler
                0x00000000080021b4                I2C1_EV_IRQHandler
                0x00000000080021b4                DMA1_Stream6_IRQHandler
                0x00000000080021b4                DMA1_Stream1_IRQHandler
                0x00000000080021b4                UART4_IRQHandler
                0x00000000080021b4                TIM3_IRQHandler
                0x00000000080021b4                RCC_IRQHandler
                0x00000000080021b4                TIM8_BRK_TIM12_IRQHandler
                0x00000000080021b4                Default_Handler
                0x00000000080021b4                EXTI15_10_IRQHandler
                0x00000000080021b4                ADC_IRQHandler
                0x00000000080021b4                DMA1_Stream7_IRQHandler
                0x00000000080021b4                TIM7_IRQHandler
                0x00000000080021b4                CAN2_TX_IRQHandler
                0x00000000080021b4                TIM5_IRQHandler
                0x00000000080021b4                DMA2_Stream7_IRQHandler
                0x00000000080021b4                I2C3_EV_IRQHandler
                0x00000000080021b4                EXTI9_5_IRQHandler
                0x00000000080021b4                RTC_WKUP_IRQHandler
                0x00000000080021b4                ETH_WKUP_IRQHandler
                0x00000000080021b4                SPI2_IRQHandler
                0x00000000080021b4                OTG_HS_EP1_IN_IRQHandler
                0x00000000080021b4                DMA1_Stream0_IRQHandler
                0x00000000080021b4                CAN1_TX_IRQHandler
                0x00000000080021b4                EXTI4_IRQHandler
                0x00000000080021b4                FSMC_IRQHandler
                0x00000000080021b4                ETH_IRQHandler
                0x00000000080021b4                OTG_HS_EP1_OUT_IRQHandler
                0x00000000080021b4                WWDG_IRQHandler
                0x00000000080021b4                OTG_FS_WKUP_IRQHandler
                0x00000000080021b4                TIM1_TRG_COM_TIM11_IRQHandler
                0x00000000080021b4                OTG_HS_IRQHandler
                0x00000000080021b4                EXTI1_IRQHandler
                0x00000000080021b4                I2C2_ER_IRQHandler
                0x00000000080021b4                DMA2_Stream1_IRQHandler
                0x00000000080021b4                CAN1_SCE_IRQHandler
                0x00000000080021b4                FLASH_IRQHandler
                0x00000000080021b4                DMA2_Stream4_IRQHandler
                0x00000000080021b4                OTG_FS_IRQHandler
                0x00000000080021b4                SPI3_IRQHandler
                0x00000000080021b4                DMA1_Stream4_IRQHandler
                0x00000000080021b4                I2C1_ER_IRQHandler
                0x00000000080021b4                DMA2_Stream6_IRQHandler
                0x00000000080021b4                DMA1_Stream3_IRQHandler
 *fill*         0x00000000080021b6        0x2 
 .text.HAL_Init
                0x00000000080021b8       0x44 ./Drivers/STM32F4xx_HAL_Driver/Src/stm32f4xx_hal.o
                0x00000000080021b8                HAL_Init
 .text.HAL_InitTick
                0x00000000080021fc       0x60 ./Drivers/STM32F4xx_HAL_Driver/Src/stm32f4xx_hal.o
                0x00000000080021fc                HAL_InitTick
 .text.HAL_IncTick
                0x000000000800225c       0x28 ./Drivers/STM32F4xx_HAL_Driver/Src/stm32f4xx_hal.o
                0x000000000800225c                HAL_IncTick
 .text.HAL_GetTick
                0x0000000008002284       0x18 ./Drivers/STM32F4xx_HAL_Driver/Src/stm32f4xx_hal.o
                0x0000000008002284                HAL_GetTick
 .text.HAL_Delay
                0x000000000800229c       0x48 ./Drivers/STM32F4xx_HAL_Driver/Src/stm32f4xx_hal.o
                0x000000000800229c                HAL_Delay
 .text.HAL_ADC_Init
                0x00000000080022e4       0x86 ./Drivers/STM32F4xx_HAL_Driver/Src/stm32f4xx_hal_adc.o
                0x00000000080022e4                HAL_ADC_Init
 *fill*         0x000000000800236a        0x2 
 .text.HAL_ADC_Start_DMA
                0x000000000800236c      0x220 ./Drivers/STM32F4xx_HAL_Driver/Src/stm32f4xx_hal_adc.o
                0x000000000800236c                HAL_ADC_Start_DMA
 .text.HAL_ADC_ConvCpltCallback
                0x000000000800258c       0x14 ./Drivers/STM32F4xx_HAL_Driver/Src/stm32f4xx_hal_adc.o
                0x000000000800258c                HAL_ADC_ConvCpltCallback
 .text.HAL_ADC_ConvHalfCpltCallback
                0x00000000080025a0       0x14 ./Drivers/STM32F4xx_HAL_Driver/Src/stm32f4xx_hal_adc.o
                0x00000000080025a0                HAL_ADC_ConvHalfCpltCallback
 .text.HAL_ADC_ErrorCallback
                0x00000000080025b4       0x14 ./Drivers/STM32F4xx_HAL_Driver/Src/stm32f4xx_hal_adc.o
                0x00000000080025b4                HAL_ADC_ErrorCallback
 .text.HAL_ADC_ConfigChannel
                0x00000000080025c8      0x244 ./Drivers/STM32F4xx_HAL_Driver/Src/stm32f4xx_hal_adc.o
                0x00000000080025c8                HAL_ADC_ConfigChannel
 .text.ADC_Init
                0x000000000800280c      0x1f8 ./Drivers/STM32F4xx_HAL_Driver/Src/stm32f4xx_hal_adc.o
 .text.ADC_DMAConvCplt
                0x0000000008002a04       0xba ./Drivers/STM32F4xx_HAL_Driver/Src/stm32f4xx_hal_adc.o
 .text.ADC_DMAHalfConvCplt
                0x0000000008002abe       0x1c ./Drivers/STM32F4xx_HAL_Driver/Src/stm32f4xx_hal_adc.o
 .text.ADC_DMAError
                0x0000000008002ada       0x2e ./Drivers/STM32F4xx_HAL_Driver/Src/stm32f4xx_hal_adc.o
 .text.__NVIC_SetPriorityGrouping
                0x0000000008002b08       0x48 ./Drivers/STM32F4xx_HAL_Driver/Src/stm32f4xx_hal_cortex.o
 .text.__NVIC_GetPriorityGrouping
                0x0000000008002b50       0x1c ./Drivers/STM32F4xx_HAL_Driver/Src/stm32f4xx_hal_cortex.o
 .text.__NVIC_EnableIRQ
                0x0000000008002b6c       0x3c ./Drivers/STM32F4xx_HAL_Driver/Src/stm32f4xx_hal_cortex.o
 .text.__NVIC_SetPriority
                0x0000000008002ba8       0x54 ./Drivers/STM32F4xx_HAL_Driver/Src/stm32f4xx_hal_cortex.o
 .text.NVIC_EncodePriority
                0x0000000008002bfc       0x66 ./Drivers/STM32F4xx_HAL_Driver/Src/stm32f4xx_hal_cortex.o
 *fill*         0x0000000008002c62        0x2 
 .text.SysTick_Config
                0x0000000008002c64       0x44 ./Drivers/STM32F4xx_HAL_Driver/Src/stm32f4xx_hal_cortex.o
 .text.HAL_NVIC_SetPriorityGrouping
                0x0000000008002ca8       0x16 ./Drivers/STM32F4xx_HAL_Driver/Src/stm32f4xx_hal_cortex.o
                0x0000000008002ca8                HAL_NVIC_SetPriorityGrouping
 .text.HAL_NVIC_SetPriority
                0x0000000008002cbe       0x38 ./Drivers/STM32F4xx_HAL_Driver/Src/stm32f4xx_hal_cortex.o
                0x0000000008002cbe                HAL_NVIC_SetPriority
 .text.HAL_NVIC_EnableIRQ
                0x0000000008002cf6       0x1c ./Drivers/STM32F4xx_HAL_Driver/Src/stm32f4xx_hal_cortex.o
                0x0000000008002cf6                HAL_NVIC_EnableIRQ
 .text.HAL_SYSTICK_Config
                0x0000000008002d12       0x18 ./Drivers/STM32F4xx_HAL_Driver/Src/stm32f4xx_hal_cortex.o
                0x0000000008002d12                HAL_SYSTICK_Config
 *fill*         0x0000000008002d2a        0x2 
 .text.HAL_DMA_Init
                0x0000000008002d2c      0x15c ./Drivers/STM32F4xx_HAL_Driver/Src/stm32f4xx_hal_dma.o
                0x0000000008002d2c                HAL_DMA_Init
 .text.HAL_DMA_Start_IT
                0x0000000008002e88       0xb0 ./Drivers/STM32F4xx_HAL_Driver/Src/stm32f4xx_hal_dma.o
                0x0000000008002e88                HAL_DMA_Start_IT
 .text.HAL_DMA_Abort
                0x0000000008002f38       0xe0 ./Drivers/STM32F4xx_HAL_Driver/Src/stm32f4xx_hal_dma.o
                0x0000000008002f38                HAL_DMA_Abort
 .text.HAL_DMA_Abort_IT
                0x0000000008003018       0x44 ./Drivers/STM32F4xx_HAL_Driver/Src/stm32f4xx_hal_dma.o
                0x0000000008003018                HAL_DMA_Abort_IT
 .text.HAL_DMA_IRQHandler
                0x000000000800305c      0x314 ./Drivers/STM32F4xx_HAL_Driver/Src/stm32f4xx_hal_dma.o
                0x000000000800305c                HAL_DMA_IRQHandler
 .text.DMA_SetConfig
                0x0000000008003370       0x5c ./Drivers/STM32F4xx_HAL_Driver/Src/stm32f4xx_hal_dma.o
 .text.DMA_CalcBaseAndBitshift
                0x00000000080033cc       0x6c ./Drivers/STM32F4xx_HAL_Driver/Src/stm32f4xx_hal_dma.o
 .text.DMA_CheckFifoParam
                0x0000000008003438       0xf8 ./Drivers/STM32F4xx_HAL_Driver/Src/stm32f4xx_hal_dma.o
 .text.HAL_GPIO_Init
                0x0000000008003530      0x338 ./Drivers/STM32F4xx_HAL_Driver/Src/stm32f4xx_hal_gpio.o
                0x0000000008003530                HAL_GPIO_Init
 .text.HAL_GPIO_WritePin
                0x0000000008003868       0x32 ./Drivers/STM32F4xx_HAL_Driver/Src/stm32f4xx_hal_gpio.o
                0x0000000008003868                HAL_GPIO_WritePin
 *fill*         0x000000000800389a        0x2 
 .text.HAL_I2C_Init
                0x000000000800389c      0x288 ./Drivers/STM32F4xx_HAL_Driver/Src/stm32f4xx_hal_i2c.o
                0x000000000800389c                HAL_I2C_Init
 .text.HAL_RCC_OscConfig
                0x0000000008003b24      0x4f0 ./Drivers/STM32F4xx_HAL_Driver/Src/stm32f4xx_hal_rcc.o
                0x0000000008003b24                HAL_RCC_OscConfig
 .text.HAL_RCC_ClockConfig
                0x0000000008004014      0x1cc ./Drivers/STM32F4xx_HAL_Driver/Src/stm32f4xx_hal_rcc.o
                0x0000000008004014                HAL_RCC_ClockConfig
 .text.HAL_RCC_GetSysClockFreq
                0x00000000080041e0      0x20c ./Drivers/STM32F4xx_HAL_Driver/Src/stm32f4xx_hal_rcc.o
                0x00000000080041e0                HAL_RCC_GetSysClockFreq
 .text.HAL_RCC_GetHCLKFreq
                0x00000000080043ec       0x18 ./Drivers/STM32F4xx_HAL_Driver/Src/stm32f4xx_hal_rcc.o
                0x00000000080043ec                HAL_RCC_GetHCLKFreq
 .text.HAL_RCC_GetPCLK1Freq
                0x0000000008004404       0x28 ./Drivers/STM32F4xx_HAL_Driver/Src/stm32f4xx_hal_rcc.o
                0x0000000008004404                HAL_RCC_GetPCLK1Freq
 .text.HAL_RCC_GetPCLK2Freq
                0x000000000800442c       0x28 ./Drivers/STM32F4xx_HAL_Driver/Src/stm32f4xx_hal_rcc.o
                0x000000000800442c                HAL_RCC_GetPCLK2Freq
 .text.HAL_SPI_Init
                0x0000000008004454      0x112 ./Drivers/STM32F4xx_HAL_Driver/Src/stm32f4xx_hal_spi.o
                0x0000000008004454                HAL_SPI_Init
 .text.HAL_SPI_Transmit
                0x0000000008004566      0x278 ./Drivers/STM32F4xx_HAL_Driver/Src/stm32f4xx_hal_spi.o
                0x0000000008004566                HAL_SPI_Transmit
 *fill*         0x00000000080047de        0x2 
 .text.SPI_WaitFlagStateUntilTimeout
                0x00000000080047e0      0x110 ./Drivers/STM32F4xx_HAL_Driver/Src/stm32f4xx_hal_spi.o
 .text.SPI_EndRxTxTransaction
                0x00000000080048f0       0x84 ./Drivers/STM32F4xx_HAL_Driver/Src/stm32f4xx_hal_spi.o
 .text.HAL_SRAM_Init
                0x0000000008004974       0x90 ./Drivers/STM32F4xx_HAL_Driver/Src/stm32f4xx_hal_sram.o
                0x0000000008004974                HAL_SRAM_Init
 .text.HAL_TIM_Base_Init
                0x0000000008004a04       0x9e ./Drivers/STM32F4xx_HAL_Driver/Src/stm32f4xx_hal_tim.o
                0x0000000008004a04                HAL_TIM_Base_Init
 *fill*         0x0000000008004aa2        0x2 
 .text.HAL_TIM_Base_Start
                0x0000000008004aa4       0xd0 ./Drivers/STM32F4xx_HAL_Driver/Src/stm32f4xx_hal_tim.o
                0x0000000008004aa4                HAL_TIM_Base_Start
 .text.HAL_TIM_Base_Start_IT
                0x0000000008004b74       0xe0 ./Drivers/STM32F4xx_HAL_Driver/Src/stm32f4xx_hal_tim.o
                0x0000000008004b74                HAL_TIM_Base_Start_IT
 .text.HAL_TIM_PWM_Init
                0x0000000008004c54       0x9e ./Drivers/STM32F4xx_HAL_Driver/Src/stm32f4xx_hal_tim.o
                0x0000000008004c54                HAL_TIM_PWM_Init
 .text.HAL_TIM_PWM_MspInit
                0x0000000008004cf2       0x14 ./Drivers/STM32F4xx_HAL_Driver/Src/stm32f4xx_hal_tim.o
                0x0000000008004cf2                HAL_TIM_PWM_MspInit
 .text.HAL_TIM_IRQHandler
                0x0000000008004d06      0x210 ./Drivers/STM32F4xx_HAL_Driver/Src/stm32f4xx_hal_tim.o
                0x0000000008004d06                HAL_TIM_IRQHandler
 *fill*         0x0000000008004f16        0x2 
 .text.HAL_TIM_PWM_ConfigChannel
                0x0000000008004f18      0x184 ./Drivers/STM32F4xx_HAL_Driver/Src/stm32f4xx_hal_tim.o
                0x0000000008004f18                HAL_TIM_PWM_ConfigChannel
 .text.HAL_TIM_ConfigClockSource
                0x000000000800509c      0x18e ./Drivers/STM32F4xx_HAL_Driver/Src/stm32f4xx_hal_tim.o
                0x000000000800509c                HAL_TIM_ConfigClockSource
 .text.HAL_TIM_OC_DelayElapsedCallback
                0x000000000800522a       0x14 ./Drivers/STM32F4xx_HAL_Driver/Src/stm32f4xx_hal_tim.o
                0x000000000800522a                HAL_TIM_OC_DelayElapsedCallback
 .text.HAL_TIM_IC_CaptureCallback
                0x000000000800523e       0x14 ./Drivers/STM32F4xx_HAL_Driver/Src/stm32f4xx_hal_tim.o
                0x000000000800523e                HAL_TIM_IC_CaptureCallback
 .text.HAL_TIM_PWM_PulseFinishedCallback
                0x0000000008005252       0x14 ./Drivers/STM32F4xx_HAL_Driver/Src/stm32f4xx_hal_tim.o
                0x0000000008005252                HAL_TIM_PWM_PulseFinishedCallback
 .text.HAL_TIM_TriggerCallback
                0x0000000008005266       0x14 ./Drivers/STM32F4xx_HAL_Driver/Src/stm32f4xx_hal_tim.o
                0x0000000008005266                HAL_TIM_TriggerCallback
 *fill*         0x000000000800527a        0x2 
 .text.TIM_Base_SetConfig
                0x000000000800527c      0x140 ./Drivers/STM32F4xx_HAL_Driver/Src/stm32f4xx_hal_tim.o
                0x000000000800527c                TIM_Base_SetConfig
 .text.TIM_OC1_SetConfig
                0x00000000080053bc       0xe0 ./Drivers/STM32F4xx_HAL_Driver/Src/stm32f4xx_hal_tim.o
 .text.TIM_OC2_SetConfig
                0x000000000800549c       0xec ./Drivers/STM32F4xx_HAL_Driver/Src/stm32f4xx_hal_tim.o
                0x000000000800549c                TIM_OC2_SetConfig
 .text.TIM_OC3_SetConfig
                0x0000000008005588       0xe8 ./Drivers/STM32F4xx_HAL_Driver/Src/stm32f4xx_hal_tim.o
 .text.TIM_OC4_SetConfig
                0x0000000008005670       0xac ./Drivers/STM32F4xx_HAL_Driver/Src/stm32f4xx_hal_tim.o
 .text.TIM_TI1_ConfigInputStage
                0x000000000800571c       0x5e ./Drivers/STM32F4xx_HAL_Driver/Src/stm32f4xx_hal_tim.o
 .text.TIM_TI2_ConfigInputStage
                0x000000000800577a       0x60 ./Drivers/STM32F4xx_HAL_Driver/Src/stm32f4xx_hal_tim.o
 .text.TIM_ITRx_SetConfig
                0x00000000080057da       0x36 ./Drivers/STM32F4xx_HAL_Driver/Src/stm32f4xx_hal_tim.o
 .text.TIM_ETR_SetConfig
                0x0000000008005810       0x40 ./Drivers/STM32F4xx_HAL_Driver/Src/stm32f4xx_hal_tim.o
                0x0000000008005810                TIM_ETR_SetConfig
 .text.HAL_TIMEx_MasterConfigSynchronization
                0x0000000008005850       0xf8 ./Drivers/STM32F4xx_HAL_Driver/Src/stm32f4xx_hal_tim_ex.o
                0x0000000008005850                HAL_TIMEx_MasterConfigSynchronization
 .text.HAL_TIMEx_CommutCallback
                0x0000000008005948       0x14 ./Drivers/STM32F4xx_HAL_Driver/Src/stm32f4xx_hal_tim_ex.o
                0x0000000008005948                HAL_TIMEx_CommutCallback
 .text.HAL_TIMEx_BreakCallback
                0x000000000800595c       0x14 ./Drivers/STM32F4xx_HAL_Driver/Src/stm32f4xx_hal_tim_ex.o
                0x000000000800595c                HAL_TIMEx_BreakCallback
 .text.HAL_UART_Init
                0x0000000008005970       0x9a ./Drivers/STM32F4xx_HAL_Driver/Src/stm32f4xx_hal_uart.o
                0x0000000008005970                HAL_UART_Init
 .text.HAL_UART_Transmit
                0x0000000008005a0a      0x124 ./Drivers/STM32F4xx_HAL_Driver/Src/stm32f4xx_hal_uart.o
                0x0000000008005a0a                HAL_UART_Transmit
 .text.HAL_UART_Receive_IT
                0x0000000008005b2e       0x60 ./Drivers/STM32F4xx_HAL_Driver/Src/stm32f4xx_hal_uart.o
                0x0000000008005b2e                HAL_UART_Receive_IT
 *fill*         0x0000000008005b8e        0x2 
 .text.HAL_UART_IRQHandler
                0x0000000008005b90      0x51c ./Drivers/STM32F4xx_HAL_Driver/Src/stm32f4xx_hal_uart.o
                0x0000000008005b90                HAL_UART_IRQHandler
 .text.HAL_UART_TxCpltCallback
                0x00000000080060ac       0x14 ./Drivers/STM32F4xx_HAL_Driver/Src/stm32f4xx_hal_uart.o
                0x00000000080060ac                HAL_UART_TxCpltCallback
 .text.HAL_UART_ErrorCallback
                0x00000000080060c0       0x14 ./Drivers/STM32F4xx_HAL_Driver/Src/stm32f4xx_hal_uart.o
                0x00000000080060c0                HAL_UART_ErrorCallback
 .text.HAL_UARTEx_RxEventCallback
                0x00000000080060d4       0x18 ./Drivers/STM32F4xx_HAL_Driver/Src/stm32f4xx_hal_uart.o
                0x00000000080060d4                HAL_UARTEx_RxEventCallback
 .text.UART_WaitOnFlagUntilTimeout
                0x00000000080060ec       0xdc ./Drivers/STM32F4xx_HAL_Driver/Src/stm32f4xx_hal_uart.o
 .text.UART_Start_Receive_IT
                0x00000000080061c8       0x7c ./Drivers/STM32F4xx_HAL_Driver/Src/stm32f4xx_hal_uart.o
                0x00000000080061c8                UART_Start_Receive_IT
 .text.UART_EndRxTransfer
                0x0000000008006244       0xc6 ./Drivers/STM32F4xx_HAL_Driver/Src/stm32f4xx_hal_uart.o
 .text.UART_DMAAbortOnError
                0x000000000800630a       0x28 ./Drivers/STM32F4xx_HAL_Driver/Src/stm32f4xx_hal_uart.o
 .text.UART_Transmit_IT
                0x0000000008006332       0xa0 ./Drivers/STM32F4xx_HAL_Driver/Src/stm32f4xx_hal_uart.o
 .text.UART_EndTransmit_IT
                0x00000000080063d2       0x30 ./Drivers/STM32F4xx_HAL_Driver/Src/stm32f4xx_hal_uart.o
 .text.UART_Receive_IT
                0x0000000008006402      0x176 ./Drivers/STM32F4xx_HAL_Driver/Src/stm32f4xx_hal_uart.o
 .text.UART_SetConfig
                0x0000000008006578      0x4e8 ./Drivers/STM32F4xx_HAL_Driver/Src/stm32f4xx_hal_uart.o
 .text.FSMC_NORSRAM_Init
                0x0000000008006a60       0xd4 ./Drivers/STM32F4xx_HAL_Driver/Src/stm32f4xx_ll_fsmc.o
                0x0000000008006a60                FSMC_NORSRAM_Init
 .text.FSMC_NORSRAM_Timing_Init
                0x0000000008006b34       0x6a ./Drivers/STM32F4xx_HAL_Driver/Src/stm32f4xx_ll_fsmc.o
                0x0000000008006b34                FSMC_NORSRAM_Timing_Init
 *fill*         0x0000000008006b9e        0x2 
 .text.FSMC_NORSRAM_Extended_Timing_Init
                0x0000000008006ba0       0x70 ./Drivers/STM32F4xx_HAL_Driver/Src/stm32f4xx_ll_fsmc.o
                0x0000000008006ba0                FSMC_NORSRAM_Extended_Timing_Init
 .text.__libc_init_array
                0x0000000008006c10       0x48 d:/programs/stm32cubeide_1.12.0/stm32cubeide/plugins/com.st.stm32cube.ide.mcu.externaltools.gnu-tools-for-stm32.10.3-2021.10.win32_1.0.200.202301161003/tools/bin/../lib/gcc/arm-none-eabi/10.3.1/../../../../arm-none-eabi/lib/thumb/v7e-m+fp/hard\libc_nano.a(lib_a-init.o)
                0x0000000008006c10                __libc_init_array
 .text.memset   0x0000000008006c58       0x10 d:/programs/stm32cubeide_1.12.0/stm32cubeide/plugins/com.st.stm32cube.ide.mcu.externaltools.gnu-tools-for-stm32.10.3-2021.10.win32_1.0.200.202301161003/tools/bin/../lib/gcc/arm-none-eabi/10.3.1/../../../../arm-none-eabi/lib/thumb/v7e-m+fp/hard\libc_nano.a(lib_a-memset.o)
                0x0000000008006c58                memset
 *(.glue_7)
 .glue_7        0x0000000008006c68        0x0 linker stubs
 *(.glue_7t)
 .glue_7t       0x0000000008006c68        0x0 linker stubs
 *(.eh_frame)
 .eh_frame      0x0000000008006c68        0x0 d:/programs/stm32cubeide_1.12.0/stm32cubeide/plugins/com.st.stm32cube.ide.mcu.externaltools.gnu-tools-for-stm32.10.3-2021.10.win32_1.0.200.202301161003/tools/bin/../lib/gcc/arm-none-eabi/10.3.1/thumb/v7e-m+fp/hard/crtbegin.o
 *(.init)
 .init          0x0000000008006c68        0x4 d:/programs/stm32cubeide_1.12.0/stm32cubeide/plugins/com.st.stm32cube.ide.mcu.externaltools.gnu-tools-for-stm32.10.3-2021.10.win32_1.0.200.202301161003/tools/bin/../lib/gcc/arm-none-eabi/10.3.1/thumb/v7e-m+fp/hard/crti.o
                0x0000000008006c68                _init
 .init          0x0000000008006c6c        0x8 d:/programs/stm32cubeide_1.12.0/stm32cubeide/plugins/com.st.stm32cube.ide.mcu.externaltools.gnu-tools-for-stm32.10.3-2021.10.win32_1.0.200.202301161003/tools/bin/../lib/gcc/arm-none-eabi/10.3.1/thumb/v7e-m+fp/hard/crtn.o
 *(.fini)
 .fini          0x0000000008006c74        0x4 d:/programs/stm32cubeide_1.12.0/stm32cubeide/plugins/com.st.stm32cube.ide.mcu.externaltools.gnu-tools-for-stm32.10.3-2021.10.win32_1.0.200.202301161003/tools/bin/../lib/gcc/arm-none-eabi/10.3.1/thumb/v7e-m+fp/hard/crti.o
                0x0000000008006c74                _fini
 .fini          0x0000000008006c78        0x8 d:/programs/stm32cubeide_1.12.0/stm32cubeide/plugins/com.st.stm32cube.ide.mcu.externaltools.gnu-tools-for-stm32.10.3-2021.10.win32_1.0.200.202301161003/tools/bin/../lib/gcc/arm-none-eabi/10.3.1/thumb/v7e-m+fp/hard/crtn.o
                0x0000000008006c80                . = ALIGN (0x4)
                0x0000000008006c80                _etext = .

.vfp11_veneer   0x0000000008006c80        0x0
 .vfp11_veneer  0x0000000008006c80        0x0 linker stubs

.v4_bx          0x0000000008006c80        0x0
 .v4_bx         0x0000000008006c80        0x0 linker stubs

.iplt           0x0000000008006c80        0x0
 .iplt          0x0000000008006c80        0x0 d:/programs/stm32cubeide_1.12.0/stm32cubeide/plugins/com.st.stm32cube.ide.mcu.externaltools.gnu-tools-for-stm32.10.3-2021.10.win32_1.0.200.202301161003/tools/bin/../lib/gcc/arm-none-eabi/10.3.1/thumb/v7e-m+fp/hard/crtbegin.o

.rodata         0x0000000008006c80     0x2fe0
                0x0000000008006c80                . = ALIGN (0x4)
 *(.rodata)
 .rodata        0x0000000008006c80       0x2e ./Core/Src/light_control.o
 *fill*         0x0000000008006cae        0x2 
 .rodata        0x0000000008006cb0        0xd ./Core/Src/main.o
 *(.rodata*)
 *fill*         0x0000000008006cbd        0x3 
 .rodata.ascii_1608
                0x0000000008006cc0      0x5f0 ./Core/Src/lcd.o
                0x0000000008006cc0                ascii_1608
 .rodata.ascii_2412
                0x00000000080072b0     0x11d0 ./Core/Src/lcd.o
                0x00000000080072b0                ascii_2412
 .rodata.ascii_3216
                0x0000000008008480     0x17c0 ./Core/Src/lcd.o
                0x0000000008008480                ascii_3216
 .rodata.AHBPrescTable
                0x0000000008009c40       0x10 ./Core/Src/system_stm32f4xx.o
                0x0000000008009c40                AHBPrescTable
 .rodata.APBPrescTable
                0x0000000008009c50        0x8 ./Core/Src/system_stm32f4xx.o
                0x0000000008009c50                APBPrescTable
 .rodata.flagBitshiftOffset.0
                0x0000000008009c58        0x8 ./Drivers/STM32F4xx_HAL_Driver/Src/stm32f4xx_hal_dma.o
                0x0000000008009c60                . = ALIGN (0x4)

.ARM.extab      0x0000000008009c60        0x0
                0x0000000008009c60                . = ALIGN (0x4)
 *(.ARM.extab* .gnu.linkonce.armextab.*)
                0x0000000008009c60                . = ALIGN (0x4)

.ARM            0x0000000008009c60        0x8
                0x0000000008009c60                . = ALIGN (0x4)
                0x0000000008009c60                __exidx_start = .
 *(.ARM.exidx*)
 .ARM.exidx     0x0000000008009c60        0x8 d:/programs/stm32cubeide_1.12.0/stm32cubeide/plugins/com.st.stm32cube.ide.mcu.externaltools.gnu-tools-for-stm32.10.3-2021.10.win32_1.0.200.202301161003/tools/bin/../lib/gcc/arm-none-eabi/10.3.1/thumb/v7e-m+fp/hard\libgcc.a(_udivmoddi4.o)
                0x0000000008009c68                __exidx_end = .
                0x0000000008009c68                . = ALIGN (0x4)

.rel.dyn        0x0000000008009c68        0x0
 .rel.iplt      0x0000000008009c68        0x0 d:/programs/stm32cubeide_1.12.0/stm32cubeide/plugins/com.st.stm32cube.ide.mcu.externaltools.gnu-tools-for-stm32.10.3-2021.10.win32_1.0.200.202301161003/tools/bin/../lib/gcc/arm-none-eabi/10.3.1/thumb/v7e-m+fp/hard/crtbegin.o

.preinit_array  0x0000000008009c68        0x0
                0x0000000008009c68                . = ALIGN (0x4)
                0x0000000008009c68                PROVIDE (__preinit_array_start = .)
 *(.preinit_array*)
                0x0000000008009c68                PROVIDE (__preinit_array_end = .)
                0x0000000008009c68                . = ALIGN (0x4)

.init_array     0x0000000008009c68        0x4
                0x0000000008009c68                . = ALIGN (0x4)
                0x0000000008009c68                PROVIDE (__init_array_start = .)
 *(SORT_BY_NAME(.init_array.*))
 *(.init_array*)
 .init_array    0x0000000008009c68        0x4 d:/programs/stm32cubeide_1.12.0/stm32cubeide/plugins/com.st.stm32cube.ide.mcu.externaltools.gnu-tools-for-stm32.10.3-2021.10.win32_1.0.200.202301161003/tools/bin/../lib/gcc/arm-none-eabi/10.3.1/thumb/v7e-m+fp/hard/crtbegin.o
                0x0000000008009c6c                PROVIDE (__init_array_end = .)
                0x0000000008009c6c                . = ALIGN (0x4)

.fini_array     0x0000000008009c6c        0x4
                0x0000000008009c6c                . = ALIGN (0x4)
                [!provide]                        PROVIDE (__fini_array_start = .)
 *(SORT_BY_NAME(.fini_array.*))
 *(.fini_array*)
 .fini_array    0x0000000008009c6c        0x4 d:/programs/stm32cubeide_1.12.0/stm32cubeide/plugins/com.st.stm32cube.ide.mcu.externaltools.gnu-tools-for-stm32.10.3-2021.10.win32_1.0.200.202301161003/tools/bin/../lib/gcc/arm-none-eabi/10.3.1/thumb/v7e-m+fp/hard/crtbegin.o
                [!provide]                        PROVIDE (__fini_array_end = .)
                0x0000000008009c70                . = ALIGN (0x4)
                0x0000000008009c70                _sidata = LOADADDR (.data)

.data           0x0000000020000000       0x14 load address 0x0000000008009c70
                0x0000000020000000                . = ALIGN (0x4)
                0x0000000020000000                _sdata = .
 *(.data)
 *(.data*)
 .data.led7seg  0x0000000020000000        0x4 ./Core/Src/led_7seg.o
                0x0000000020000000                led7seg
 .data.spi_buffer
                0x0000000020000004        0x2 ./Core/Src/led_7seg.o
                0x0000000020000004                spi_buffer
 *fill*         0x0000000020000006        0x2 
 .data.SystemCoreClock
                0x0000000020000008        0x4 ./Core/Src/system_stm32f4xx.o
                0x0000000020000008                SystemCoreClock
 .data.uwTickPrio
                0x000000002000000c        0x4 ./Drivers/STM32F4xx_HAL_Driver/Src/stm32f4xx_hal.o
                0x000000002000000c                uwTickPrio
 .data.uwTickFreq
                0x0000000020000010        0x1 ./Drivers/STM32F4xx_HAL_Driver/Src/stm32f4xx_hal.o
                0x0000000020000010                uwTickFreq
 *(.RamFunc)
 *(.RamFunc*)
                0x0000000020000014                . = ALIGN (0x4)
 *fill*         0x0000000020000011        0x3 
                0x0000000020000014                _edata = .
                0x0000000008009c84                _siccmram = LOADADDR (.ccmram)

.igot.plt       0x0000000020000014        0x0 load address 0x0000000008009c84
 .igot.plt      0x0000000020000014        0x0 d:/programs/stm32cubeide_1.12.0/stm32cubeide/plugins/com.st.stm32cube.ide.mcu.externaltools.gnu-tools-for-stm32.10.3-2021.10.win32_1.0.200.202301161003/tools/bin/../lib/gcc/arm-none-eabi/10.3.1/thumb/v7e-m+fp/hard/crtbegin.o

.ccmram         0x0000000010000000        0x0 load address 0x0000000008009c84
                0x0000000010000000                . = ALIGN (0x4)
                0x0000000010000000                _sccmram = .
 *(.ccmram)
 *(.ccmram*)
                0x0000000010000000                . = ALIGN (0x4)
                0x0000000010000000                _eccmram = .
                0x0000000010000000                . = ALIGN (0x4)

.bss            0x0000000020000014      0x36c
                0x0000000020000014                _sbss = .
                0x0000000020000014                __bss_start__ = _sbss
 *(.bss)
 .bss           0x0000000020000014       0x1c d:/programs/stm32cubeide_1.12.0/stm32cubeide/plugins/com.st.stm32cube.ide.mcu.externaltools.gnu-tools-for-stm32.10.3-2021.10.win32_1.0.200.202301161003/tools/bin/../lib/gcc/arm-none-eabi/10.3.1/thumb/v7e-m+fp/hard/crtbegin.o
 *(.bss*)
 .bss.hadc1     0x0000000020000030       0x48 ./Core/Src/adc.o
                0x0000000020000030                hadc1
 .bss.hdma_adc1
                0x0000000020000078       0x60 ./Core/Src/adc.o
                0x0000000020000078                hdma_adc1
 .bss.button_count
                0x00000000200000d8       0x20 ./Core/Src/button.o
                0x00000000200000d8                button_count
 .bss.hsram1    0x00000000200000f8       0x50 ./Core/Src/fsmc.o
                0x00000000200000f8                hsram1
 .bss.FSMC_Initialized
                0x0000000020000148        0x4 ./Core/Src/fsmc.o
 .bss.hi2c1     0x000000002000014c       0x54 ./Core/Src/i2c.o
                0x000000002000014c                hi2c1
 .bss.lcddev    0x00000000200001a0        0x6 ./Core/Src/lcd.o
                0x00000000200001a0                lcddev
 *fill*         0x00000000200001a6        0x2 
 .bss.led7_index
                0x00000000200001a8        0x4 ./Core/Src/led_7seg.o
                0x00000000200001a8                led7_index
 .bss.light_status
                0x00000000200001ac        0x1 ./Core/Src/light_control.o
                0x00000000200001ac                light_status
 .bss.count_adc
                0x00000000200001ad        0x1 ./Core/Src/main.o
                0x00000000200001ad                count_adc
 *fill*         0x00000000200001ae        0x2 
 .bss.adc_receive
                0x00000000200001b0        0xa ./Core/Src/sensor.o
                0x00000000200001b0                adc_receive
 .bss.flag_timer2
                0x00000000200001ba        0x2 ./Core/Src/software_timer.o
                0x00000000200001ba                flag_timer2
 .bss.timer2_counter
                0x00000000200001bc        0x2 ./Core/Src/software_timer.o
                0x00000000200001bc                timer2_counter
 .bss.timer2_MUL
                0x00000000200001be        0x2 ./Core/Src/software_timer.o
                0x00000000200001be                timer2_MUL
 .bss.hspi1     0x00000000200001c0       0x58 ./Core/Src/spi.o
                0x00000000200001c0                hspi1
 .bss.htim1     0x0000000020000218       0x48 ./Core/Src/tim.o
                0x0000000020000218                htim1
 .bss.htim2     0x0000000020000260       0x48 ./Core/Src/tim.o
                0x0000000020000260                htim2
 .bss.htim13    0x00000000200002a8       0x48 ./Core/Src/tim.o
                0x00000000200002a8                htim13
 .bss.receive_buffer1
                0x00000000200002f0        0x1 ./Core/Src/uart.o
                0x00000000200002f0                receive_buffer1
 .bss.receive_buffer2
                0x00000000200002f1        0x1 ./Core/Src/uart.o
                0x00000000200002f1                receive_buffer2
 .bss.check_esp
                0x00000000200002f2        0x1 ./Core/Src/uart.o
                0x00000000200002f2                check_esp
 *fill*         0x00000000200002f3        0x1 
 .bss.huart1    0x00000000200002f4       0x44 ./Core/Src/usart.o
                0x00000000200002f4                huart1
 .bss.huart2    0x0000000020000338       0x44 ./Core/Src/usart.o
                0x0000000020000338                huart2
 .bss.uwTick    0x000000002000037c        0x4 ./Drivers/STM32F4xx_HAL_Driver/Src/stm32f4xx_hal.o
                0x000000002000037c                uwTick
 *(COMMON)
                0x0000000020000380                . = ALIGN (0x4)
                0x0000000020000380                _ebss = .
                0x0000000020000380                __bss_end__ = _ebss

._user_heap_stack
                0x0000000020000380      0x600
                0x0000000020000380                . = ALIGN (0x8)
                [!provide]                        PROVIDE (end = .)
                0x0000000020000380                PROVIDE (_end = .)
                0x0000000020000580                . = (. + _Min_Heap_Size)
 *fill*         0x0000000020000380      0x200 
                0x0000000020000980                . = (. + _Min_Stack_Size)
 *fill*         0x0000000020000580      0x400 
                0x0000000020000980                . = ALIGN (0x8)

/DISCARD/
 libc.a(*)
 libm.a(*)
 libgcc.a(*)

.ARM.attributes
                0x0000000000000000       0x30
 *(.ARM.attributes)
 .ARM.attributes
                0x0000000000000000       0x1e d:/programs/stm32cubeide_1.12.0/stm32cubeide/plugins/com.st.stm32cube.ide.mcu.externaltools.gnu-tools-for-stm32.10.3-2021.10.win32_1.0.200.202301161003/tools/bin/../lib/gcc/arm-none-eabi/10.3.1/thumb/v7e-m+fp/hard/crti.o
 .ARM.attributes
                0x000000000000001e       0x34 d:/programs/stm32cubeide_1.12.0/stm32cubeide/plugins/com.st.stm32cube.ide.mcu.externaltools.gnu-tools-for-stm32.10.3-2021.10.win32_1.0.200.202301161003/tools/bin/../lib/gcc/arm-none-eabi/10.3.1/thumb/v7e-m+fp/hard/crtbegin.o
 .ARM.attributes
                0x0000000000000052       0x34 ./Core/Src/adc.o
 .ARM.attributes
                0x0000000000000086       0x34 ./Core/Src/button.o
 .ARM.attributes
                0x00000000000000ba       0x34 ./Core/Src/dma.o
 .ARM.attributes
                0x00000000000000ee       0x34 ./Core/Src/fsmc.o
 .ARM.attributes
                0x0000000000000122       0x34 ./Core/Src/gpio.o
 .ARM.attributes
                0x0000000000000156       0x34 ./Core/Src/i2c.o
 .ARM.attributes
                0x000000000000018a       0x34 ./Core/Src/lcd.o
 .ARM.attributes
                0x00000000000001be       0x34 ./Core/Src/led_7seg.o
 .ARM.attributes
                0x00000000000001f2       0x34 ./Core/Src/light_control.o
 .ARM.attributes
                0x0000000000000226       0x34 ./Core/Src/main.o
 .ARM.attributes
                0x000000000000025a       0x34 ./Core/Src/sensor.o
 .ARM.attributes
                0x000000000000028e       0x34 ./Core/Src/software_timer.o
 .ARM.attributes
                0x00000000000002c2       0x34 ./Core/Src/spi.o
 .ARM.attributes
                0x00000000000002f6       0x34 ./Core/Src/stm32f4xx_hal_msp.o
 .ARM.attributes
                0x000000000000032a       0x34 ./Core/Src/stm32f4xx_it.o
 .ARM.attributes
                0x000000000000035e       0x34 ./Core/Src/system_stm32f4xx.o
 .ARM.attributes
                0x0000000000000392       0x34 ./Core/Src/tim.o
 .ARM.attributes
                0x00000000000003c6       0x34 ./Core/Src/uart.o
 .ARM.attributes
                0x00000000000003fa       0x34 ./Core/Src/usart.o
 .ARM.attributes
                0x000000000000042e       0x21 ./Core/Startup/startup_stm32f407zetx.o
 .ARM.attributes
                0x000000000000044f       0x34 ./Drivers/STM32F4xx_HAL_Driver/Src/stm32f4xx_hal.o
 .ARM.attributes
                0x0000000000000483       0x34 ./Drivers/STM32F4xx_HAL_Driver/Src/stm32f4xx_hal_adc.o
 .ARM.attributes
                0x00000000000004b7       0x34 ./Drivers/STM32F4xx_HAL_Driver/Src/stm32f4xx_hal_cortex.o
 .ARM.attributes
                0x00000000000004eb       0x34 ./Drivers/STM32F4xx_HAL_Driver/Src/stm32f4xx_hal_dma.o
 .ARM.attributes
                0x000000000000051f       0x34 ./Drivers/STM32F4xx_HAL_Driver/Src/stm32f4xx_hal_gpio.o
 .ARM.attributes
                0x0000000000000553       0x34 ./Drivers/STM32F4xx_HAL_Driver/Src/stm32f4xx_hal_i2c.o
 .ARM.attributes
                0x0000000000000587       0x34 ./Drivers/STM32F4xx_HAL_Driver/Src/stm32f4xx_hal_rcc.o
 .ARM.attributes
                0x00000000000005bb       0x34 ./Drivers/STM32F4xx_HAL_Driver/Src/stm32f4xx_hal_spi.o
 .ARM.attributes
                0x00000000000005ef       0x34 ./Drivers/STM32F4xx_HAL_Driver/Src/stm32f4xx_hal_sram.o
 .ARM.attributes
                0x0000000000000623       0x34 ./Drivers/STM32F4xx_HAL_Driver/Src/stm32f4xx_hal_tim.o
 .ARM.attributes
                0x0000000000000657       0x34 ./Drivers/STM32F4xx_HAL_Driver/Src/stm32f4xx_hal_tim_ex.o
 .ARM.attributes
                0x000000000000068b       0x34 ./Drivers/STM32F4xx_HAL_Driver/Src/stm32f4xx_hal_uart.o
 .ARM.attributes
                0x00000000000006bf       0x34 ./Drivers/STM32F4xx_HAL_Driver/Src/stm32f4xx_ll_fsmc.o
 .ARM.attributes
                0x00000000000006f3       0x34 d:/programs/stm32cubeide_1.12.0/stm32cubeide/plugins/com.st.stm32cube.ide.mcu.externaltools.gnu-tools-for-stm32.10.3-2021.10.win32_1.0.200.202301161003/tools/bin/../lib/gcc/arm-none-eabi/10.3.1/../../../../arm-none-eabi/lib/thumb/v7e-m+fp/hard\libc_nano.a(lib_a-init.o)
 .ARM.attributes
                0x0000000000000727       0x34 d:/programs/stm32cubeide_1.12.0/stm32cubeide/plugins/com.st.stm32cube.ide.mcu.externaltools.gnu-tools-for-stm32.10.3-2021.10.win32_1.0.200.202301161003/tools/bin/../lib/gcc/arm-none-eabi/10.3.1/../../../../arm-none-eabi/lib/thumb/v7e-m+fp/hard\libc_nano.a(lib_a-memset.o)
 .ARM.attributes
                0x000000000000075b       0x1e d:/programs/stm32cubeide_1.12.0/stm32cubeide/plugins/com.st.stm32cube.ide.mcu.externaltools.gnu-tools-for-stm32.10.3-2021.10.win32_1.0.200.202301161003/tools/bin/../lib/gcc/arm-none-eabi/10.3.1/thumb/v7e-m+fp/hard\libgcc.a(_aeabi_uldivmod.o)
 .ARM.attributes
                0x0000000000000779       0x34 d:/programs/stm32cubeide_1.12.0/stm32cubeide/plugins/com.st.stm32cube.ide.mcu.externaltools.gnu-tools-for-stm32.10.3-2021.10.win32_1.0.200.202301161003/tools/bin/../lib/gcc/arm-none-eabi/10.3.1/thumb/v7e-m+fp/hard\libgcc.a(_udivmoddi4.o)
 .ARM.attributes
                0x00000000000007ad       0x1e d:/programs/stm32cubeide_1.12.0/stm32cubeide/plugins/com.st.stm32cube.ide.mcu.externaltools.gnu-tools-for-stm32.10.3-2021.10.win32_1.0.200.202301161003/tools/bin/../lib/gcc/arm-none-eabi/10.3.1/thumb/v7e-m+fp/hard\libgcc.a(_dvmd_tls.o)
 .ARM.attributes
                0x00000000000007cb       0x1e d:/programs/stm32cubeide_1.12.0/stm32cubeide/plugins/com.st.stm32cube.ide.mcu.externaltools.gnu-tools-for-stm32.10.3-2021.10.win32_1.0.200.202301161003/tools/bin/../lib/gcc/arm-none-eabi/10.3.1/thumb/v7e-m+fp/hard/crtn.o
OUTPUT(Bai8_ESP_Wifi.elf elf32-littlearm)
LOAD linker stubs
LOAD d:/programs/stm32cubeide_1.12.0/stm32cubeide/plugins/com.st.stm32cube.ide.mcu.externaltools.gnu-tools-for-stm32.10.3-2021.10.win32_1.0.200.202301161003/tools/bin/../lib/gcc/arm-none-eabi/10.3.1/../../../../arm-none-eabi/lib/thumb/v7e-m+fp/hard\libc.a
LOAD d:/programs/stm32cubeide_1.12.0/stm32cubeide/plugins/com.st.stm32cube.ide.mcu.externaltools.gnu-tools-for-stm32.10.3-2021.10.win32_1.0.200.202301161003/tools/bin/../lib/gcc/arm-none-eabi/10.3.1/../../../../arm-none-eabi/lib/thumb/v7e-m+fp/hard\libm.a
LOAD d:/programs/stm32cubeide_1.12.0/stm32cubeide/plugins/com.st.stm32cube.ide.mcu.externaltools.gnu-tools-for-stm32.10.3-2021.10.win32_1.0.200.202301161003/tools/bin/../lib/gcc/arm-none-eabi/10.3.1/thumb/v7e-m+fp/hard\libgcc.a

.debug_info     0x0000000000000000    0x1a83d
 .debug_info    0x0000000000000000      0xa86 ./Core/Src/adc.o
 .debug_info    0x0000000000000a86      0x7c8 ./Core/Src/button.o
 .debug_info    0x000000000000124e      0x4ec ./Core/Src/dma.o
 .debug_info    0x000000000000173a      0xa3a ./Core/Src/fsmc.o
 .debug_info    0x0000000000002174      0x4e5 ./Core/Src/gpio.o
 .debug_info    0x0000000000002659      0xa0e ./Core/Src/i2c.o
 .debug_info    0x0000000000003067      0xe56 ./Core/Src/lcd.o
 .debug_info    0x0000000000003ebd      0x870 ./Core/Src/led_7seg.o
 .debug_info    0x000000000000472d      0x297 ./Core/Src/light_control.o
 .debug_info    0x00000000000049c4      0x70b ./Core/Src/main.o
 .debug_info    0x00000000000050cf      0x6b8 ./Core/Src/sensor.o
 .debug_info    0x0000000000005787      0x7cd ./Core/Src/software_timer.o
 .debug_info    0x0000000000005f54      0x9eb ./Core/Src/spi.o
 .debug_info    0x000000000000693f      0x2a8 ./Core/Src/stm32f4xx_hal_msp.o
 .debug_info    0x0000000000006be7      0xa2f ./Core/Src/stm32f4xx_it.o
 .debug_info    0x0000000000007616      0x523 ./Core/Src/system_stm32f4xx.o
 .debug_info    0x0000000000007b39      0xf75 ./Core/Src/tim.o
 .debug_info    0x0000000000008aae      0x92b ./Core/Src/uart.o
 .debug_info    0x00000000000093d9      0xc7a ./Core/Src/usart.o
 .debug_info    0x000000000000a053       0x22 ./Core/Startup/startup_stm32f407zetx.o
 .debug_info    0x000000000000a075      0x97c ./Drivers/STM32F4xx_HAL_Driver/Src/stm32f4xx_hal.o
 .debug_info    0x000000000000a9f1      0xd70 ./Drivers/STM32F4xx_HAL_Driver/Src/stm32f4xx_hal_adc.o
 .debug_info    0x000000000000b761      0xe1b ./Drivers/STM32F4xx_HAL_Driver/Src/stm32f4xx_hal_cortex.o
 .debug_info    0x000000000000c57c      0x94f ./Drivers/STM32F4xx_HAL_Driver/Src/stm32f4xx_hal_dma.o
 .debug_info    0x000000000000cecb      0x76a ./Drivers/STM32F4xx_HAL_Driver/Src/stm32f4xx_hal_gpio.o
 .debug_info    0x000000000000d635     0x2609 ./Drivers/STM32F4xx_HAL_Driver/Src/stm32f4xx_hal_i2c.o
 .debug_info    0x000000000000fc3e      0x966 ./Drivers/STM32F4xx_HAL_Driver/Src/stm32f4xx_hal_rcc.o
 .debug_info    0x00000000000105a4     0x1758 ./Drivers/STM32F4xx_HAL_Driver/Src/stm32f4xx_hal_spi.o
 .debug_info    0x0000000000011cfc      0xdc4 ./Drivers/STM32F4xx_HAL_Driver/Src/stm32f4xx_hal_sram.o
 .debug_info    0x0000000000012ac0     0x2bbe ./Drivers/STM32F4xx_HAL_Driver/Src/stm32f4xx_hal_tim.o
 .debug_info    0x000000000001567e     0x15e0 ./Drivers/STM32F4xx_HAL_Driver/Src/stm32f4xx_hal_tim_ex.o
 .debug_info    0x0000000000016c5e     0x31bc ./Drivers/STM32F4xx_HAL_Driver/Src/stm32f4xx_hal_uart.o
 .debug_info    0x0000000000019e1a      0xa23 ./Drivers/STM32F4xx_HAL_Driver/Src/stm32f4xx_ll_fsmc.o

.debug_abbrev   0x0000000000000000     0x4058
 .debug_abbrev  0x0000000000000000      0x1f3 ./Core/Src/adc.o
 .debug_abbrev  0x00000000000001f3      0x1d1 ./Core/Src/button.o
 .debug_abbrev  0x00000000000003c4      0x10a ./Core/Src/dma.o
 .debug_abbrev  0x00000000000004ce      0x207 ./Core/Src/fsmc.o
 .debug_abbrev  0x00000000000006d5      0x146 ./Core/Src/gpio.o
 .debug_abbrev  0x000000000000081b      0x1e0 ./Core/Src/i2c.o
 .debug_abbrev  0x00000000000009fb      0x336 ./Core/Src/lcd.o
 .debug_abbrev  0x0000000000000d31      0x1bb ./Core/Src/led_7seg.o
 .debug_abbrev  0x0000000000000eec      0x15e ./Core/Src/light_control.o
 .debug_abbrev  0x000000000000104a      0x266 ./Core/Src/main.o
 .debug_abbrev  0x00000000000012b0      0x19c ./Core/Src/sensor.o
 .debug_abbrev  0x000000000000144c      0x1eb ./Core/Src/software_timer.o
 .debug_abbrev  0x0000000000001637      0x1e0 ./Core/Src/spi.o
 .debug_abbrev  0x0000000000001817       0xd4 ./Core/Src/stm32f4xx_hal_msp.o
 .debug_abbrev  0x00000000000018eb      0x18b ./Core/Src/stm32f4xx_it.o
 .debug_abbrev  0x0000000000001a76      0x116 ./Core/Src/system_stm32f4xx.o
 .debug_abbrev  0x0000000000001b8c      0x211 ./Core/Src/tim.o
 .debug_abbrev  0x0000000000001d9d      0x22b ./Core/Src/uart.o
 .debug_abbrev  0x0000000000001fc8      0x205 ./Core/Src/usart.o
 .debug_abbrev  0x00000000000021cd       0x12 ./Core/Startup/startup_stm32f407zetx.o
 .debug_abbrev  0x00000000000021df      0x20d ./Drivers/STM32F4xx_HAL_Driver/Src/stm32f4xx_hal.o
 .debug_abbrev  0x00000000000023ec      0x244 ./Drivers/STM32F4xx_HAL_Driver/Src/stm32f4xx_hal_adc.o
 .debug_abbrev  0x0000000000002630      0x316 ./Drivers/STM32F4xx_HAL_Driver/Src/stm32f4xx_hal_cortex.o
 .debug_abbrev  0x0000000000002946      0x25b ./Drivers/STM32F4xx_HAL_Driver/Src/stm32f4xx_hal_dma.o
 .debug_abbrev  0x0000000000002ba1      0x1c4 ./Drivers/STM32F4xx_HAL_Driver/Src/stm32f4xx_hal_gpio.o
 .debug_abbrev  0x0000000000002d65      0x297 ./Drivers/STM32F4xx_HAL_Driver/Src/stm32f4xx_hal_i2c.o
 .debug_abbrev  0x0000000000002ffc      0x2aa ./Drivers/STM32F4xx_HAL_Driver/Src/stm32f4xx_hal_rcc.o
 .debug_abbrev  0x00000000000032a6      0x26e ./Drivers/STM32F4xx_HAL_Driver/Src/stm32f4xx_hal_spi.o
 .debug_abbrev  0x0000000000003514      0x1f8 ./Drivers/STM32F4xx_HAL_Driver/Src/stm32f4xx_hal_sram.o
 .debug_abbrev  0x000000000000370c      0x25d ./Drivers/STM32F4xx_HAL_Driver/Src/stm32f4xx_hal_tim.o
 .debug_abbrev  0x0000000000003969      0x265 ./Drivers/STM32F4xx_HAL_Driver/Src/stm32f4xx_hal_tim_ex.o
 .debug_abbrev  0x0000000000003bce      0x2f4 ./Drivers/STM32F4xx_HAL_Driver/Src/stm32f4xx_hal_uart.o
 .debug_abbrev  0x0000000000003ec2      0x196 ./Drivers/STM32F4xx_HAL_Driver/Src/stm32f4xx_ll_fsmc.o

.debug_aranges  0x0000000000000000     0x1688
 .debug_aranges
                0x0000000000000000       0x30 ./Core/Src/adc.o
 .debug_aranges
                0x0000000000000030       0x28 ./Core/Src/button.o
 .debug_aranges
                0x0000000000000058       0x20 ./Core/Src/dma.o
 .debug_aranges
                0x0000000000000078       0x40 ./Core/Src/fsmc.o
 .debug_aranges
                0x00000000000000b8       0x20 ./Core/Src/gpio.o
 .debug_aranges
                0x00000000000000d8       0x30 ./Core/Src/i2c.o
 .debug_aranges
                0x0000000000000108       0xd8 ./Core/Src/lcd.o
 .debug_aranges
                0x00000000000001e0       0x48 ./Core/Src/led_7seg.o
 .debug_aranges
                0x0000000000000228       0x28 ./Core/Src/light_control.o
 .debug_aranges
                0x0000000000000250       0x40 ./Core/Src/main.o
 .debug_aranges
                0x0000000000000290       0x50 ./Core/Src/sensor.o
 .debug_aranges
                0x00000000000002e0       0x40 ./Core/Src/software_timer.o
 .debug_aranges
                0x0000000000000320       0x30 ./Core/Src/spi.o
 .debug_aranges
                0x0000000000000350       0x20 ./Core/Src/stm32f4xx_hal_msp.o
 .debug_aranges
                0x0000000000000370       0x80 ./Core/Src/stm32f4xx_it.o
 .debug_aranges
                0x00000000000003f0       0x28 ./Core/Src/system_stm32f4xx.o
 .debug_aranges
                0x0000000000000418       0x48 ./Core/Src/tim.o
 .debug_aranges
                0x0000000000000460       0x60 ./Core/Src/uart.o
 .debug_aranges
                0x00000000000004c0       0x38 ./Core/Src/usart.o
 .debug_aranges
                0x00000000000004f8       0x28 ./Core/Startup/startup_stm32f407zetx.o
 .debug_aranges
                0x0000000000000520       0xf0 ./Drivers/STM32F4xx_HAL_Driver/Src/stm32f4xx_hal.o
 .debug_aranges
                0x0000000000000610       0xe8 ./Drivers/STM32F4xx_HAL_Driver/Src/stm32f4xx_hal_adc.o
 .debug_aranges
                0x00000000000006f8      0x118 ./Drivers/STM32F4xx_HAL_Driver/Src/stm32f4xx_hal_cortex.o
 .debug_aranges
                0x0000000000000810       0x90 ./Drivers/STM32F4xx_HAL_Driver/Src/stm32f4xx_hal_dma.o
 .debug_aranges
                0x00000000000008a0       0x58 ./Drivers/STM32F4xx_HAL_Driver/Src/stm32f4xx_hal_gpio.o
 .debug_aranges
                0x00000000000008f8      0x2a0 ./Drivers/STM32F4xx_HAL_Driver/Src/stm32f4xx_hal_i2c.o
 .debug_aranges
                0x0000000000000b98       0x88 ./Drivers/STM32F4xx_HAL_Driver/Src/stm32f4xx_hal_rcc.o
 .debug_aranges
                0x0000000000000c20      0x1d0 ./Drivers/STM32F4xx_HAL_Driver/Src/stm32f4xx_hal_spi.o
 .debug_aranges
                0x0000000000000df0       0xb8 ./Drivers/STM32F4xx_HAL_Driver/Src/stm32f4xx_hal_sram.o
 .debug_aranges
                0x0000000000000ea8      0x3d0 ./Drivers/STM32F4xx_HAL_Driver/Src/stm32f4xx_hal_tim.o
 .debug_aranges
                0x0000000000001278      0x168 ./Drivers/STM32F4xx_HAL_Driver/Src/stm32f4xx_hal_tim_ex.o
 .debug_aranges
                0x00000000000013e0      0x200 ./Drivers/STM32F4xx_HAL_Driver/Src/stm32f4xx_hal_uart.o
 .debug_aranges
                0x00000000000015e0       0xa8 ./Drivers/STM32F4xx_HAL_Driver/Src/stm32f4xx_ll_fsmc.o

.debug_ranges   0x0000000000000000     0x14e0
 .debug_ranges  0x0000000000000000       0x20 ./Core/Src/adc.o
 .debug_ranges  0x0000000000000020       0x18 ./Core/Src/button.o
 .debug_ranges  0x0000000000000038       0x10 ./Core/Src/dma.o
 .debug_ranges  0x0000000000000048       0x30 ./Core/Src/fsmc.o
 .debug_ranges  0x0000000000000078       0x10 ./Core/Src/gpio.o
 .debug_ranges  0x0000000000000088       0x20 ./Core/Src/i2c.o
 .debug_ranges  0x00000000000000a8       0xc8 ./Core/Src/lcd.o
 .debug_ranges  0x0000000000000170       0x38 ./Core/Src/led_7seg.o
 .debug_ranges  0x00000000000001a8       0x30 ./Core/Src/light_control.o
 .debug_ranges  0x00000000000001d8       0x30 ./Core/Src/main.o
 .debug_ranges  0x0000000000000208       0x40 ./Core/Src/sensor.o
 .debug_ranges  0x0000000000000248       0x30 ./Core/Src/software_timer.o
 .debug_ranges  0x0000000000000278       0x20 ./Core/Src/spi.o
 .debug_ranges  0x0000000000000298       0x10 ./Core/Src/stm32f4xx_hal_msp.o
 .debug_ranges  0x00000000000002a8       0x70 ./Core/Src/stm32f4xx_it.o
 .debug_ranges  0x0000000000000318       0x18 ./Core/Src/system_stm32f4xx.o
 .debug_ranges  0x0000000000000330       0x38 ./Core/Src/tim.o
 .debug_ranges  0x0000000000000368       0x50 ./Core/Src/uart.o
 .debug_ranges  0x00000000000003b8       0x28 ./Core/Src/usart.o
 .debug_ranges  0x00000000000003e0       0x20 ./Core/Startup/startup_stm32f407zetx.o
 .debug_ranges  0x0000000000000400       0xe0 ./Drivers/STM32F4xx_HAL_Driver/Src/stm32f4xx_hal.o
 .debug_ranges  0x00000000000004e0       0xd8 ./Drivers/STM32F4xx_HAL_Driver/Src/stm32f4xx_hal_adc.o
 .debug_ranges  0x00000000000005b8      0x108 ./Drivers/STM32F4xx_HAL_Driver/Src/stm32f4xx_hal_cortex.o
 .debug_ranges  0x00000000000006c0       0x80 ./Drivers/STM32F4xx_HAL_Driver/Src/stm32f4xx_hal_dma.o
 .debug_ranges  0x0000000000000740       0x48 ./Drivers/STM32F4xx_HAL_Driver/Src/stm32f4xx_hal_gpio.o
 .debug_ranges  0x0000000000000788      0x2a8 ./Drivers/STM32F4xx_HAL_Driver/Src/stm32f4xx_hal_i2c.o
 .debug_ranges  0x0000000000000a30       0x78 ./Drivers/STM32F4xx_HAL_Driver/Src/stm32f4xx_hal_rcc.o
 .debug_ranges  0x0000000000000aa8      0x1c0 ./Drivers/STM32F4xx_HAL_Driver/Src/stm32f4xx_hal_spi.o
 .debug_ranges  0x0000000000000c68       0xa8 ./Drivers/STM32F4xx_HAL_Driver/Src/stm32f4xx_hal_sram.o
 .debug_ranges  0x0000000000000d10      0x3c0 ./Drivers/STM32F4xx_HAL_Driver/Src/stm32f4xx_hal_tim.o
 .debug_ranges  0x00000000000010d0      0x158 ./Drivers/STM32F4xx_HAL_Driver/Src/stm32f4xx_hal_tim_ex.o
 .debug_ranges  0x0000000000001228      0x220 ./Drivers/STM32F4xx_HAL_Driver/Src/stm32f4xx_hal_uart.o
 .debug_ranges  0x0000000000001448       0x98 ./Drivers/STM32F4xx_HAL_Driver/Src/stm32f4xx_ll_fsmc.o

.debug_macro    0x0000000000000000    0x264ff
 .debug_macro   0x0000000000000000      0x24e ./Core/Src/adc.o
 .debug_macro   0x000000000000024e      0xa78 ./Core/Src/adc.o
 .debug_macro   0x0000000000000cc6      0x2b3 ./Core/Src/adc.o
 .debug_macro   0x0000000000000f79       0x2e ./Core/Src/adc.o
 .debug_macro   0x0000000000000fa7       0x2f ./Core/Src/adc.o
 .debug_macro   0x0000000000000fd6       0x22 ./Core/Src/adc.o
 .debug_macro   0x0000000000000ff8       0x8e ./Core/Src/adc.o
 .debug_macro   0x0000000000001086       0x51 ./Core/Src/adc.o
 .debug_macro   0x00000000000010d7      0x103 ./Core/Src/adc.o
 .debug_macro   0x00000000000011da       0x6a ./Core/Src/adc.o
 .debug_macro   0x0000000000001244      0x1df ./Core/Src/adc.o
 .debug_macro   0x0000000000001423       0x1c ./Core/Src/adc.o
 .debug_macro   0x000000000000143f       0x22 ./Core/Src/adc.o
 .debug_macro   0x0000000000001461       0xd9 ./Core/Src/adc.o
 .debug_macro   0x000000000000153a     0x102d ./Core/Src/adc.o
 .debug_macro   0x0000000000002567      0x11f ./Core/Src/adc.o
 .debug_macro   0x0000000000002686    0x15e82 ./Core/Src/adc.o
 .debug_macro   0x0000000000018508       0x6d ./Core/Src/adc.o
 .debug_macro   0x0000000000018575     0x367e ./Core/Src/adc.o
 .debug_macro   0x000000000001bbf3      0x174 ./Core/Src/adc.o
 .debug_macro   0x000000000001bd67       0x5c ./Core/Src/adc.o
 .debug_macro   0x000000000001bdc3      0x96b ./Core/Src/adc.o
 .debug_macro   0x000000000001c72e      0x9fe ./Core/Src/adc.o
 .debug_macro   0x000000000001d12c      0x115 ./Core/Src/adc.o
 .debug_macro   0x000000000001d241      0x13e ./Core/Src/adc.o
 .debug_macro   0x000000000001d37f       0xa5 ./Core/Src/adc.o
 .debug_macro   0x000000000001d424      0x174 ./Core/Src/adc.o
 .debug_macro   0x000000000001d598      0x287 ./Core/Src/adc.o
 .debug_macro   0x000000000001d81f       0x5f ./Core/Src/adc.o
 .debug_macro   0x000000000001d87e      0x236 ./Core/Src/adc.o
 .debug_macro   0x000000000001dab4      0xb5b ./Core/Src/adc.o
 .debug_macro   0x000000000001e60f      0x38b ./Core/Src/adc.o
 .debug_macro   0x000000000001e99a      0x176 ./Core/Src/adc.o
 .debug_macro   0x000000000001eb10       0xf9 ./Core/Src/adc.o
 .debug_macro   0x000000000001ec09      0x12c ./Core/Src/adc.o
 .debug_macro   0x000000000001ed35      0x21e ./Core/Src/adc.o
 .debug_macro   0x000000000001ef53       0x2e ./Core/Src/adc.o
 .debug_macro   0x000000000001ef81      0x516 ./Core/Src/adc.o
 .debug_macro   0x000000000001f497      0x1b5 ./Core/Src/adc.o
 .debug_macro   0x000000000001f64c       0xd6 ./Core/Src/adc.o
 .debug_macro   0x000000000001f722      0x11a ./Core/Src/adc.o
 .debug_macro   0x000000000001f83c       0x7e ./Core/Src/adc.o
 .debug_macro   0x000000000001f8ba       0x89 ./Core/Src/adc.o
 .debug_macro   0x000000000001f943      0x225 ./Core/Src/adc.o
 .debug_macro   0x000000000001fb68      0x8e6 ./Core/Src/adc.o
 .debug_macro   0x000000000002044e       0x47 ./Core/Src/adc.o
 .debug_macro   0x0000000000020495      0x295 ./Core/Src/adc.o
 .debug_macro   0x000000000002072a      0x12d ./Core/Src/adc.o
 .debug_macro   0x0000000000020857       0xdc ./Core/Src/adc.o
 .debug_macro   0x0000000000020933      0x262 ./Core/Src/button.o
 .debug_macro   0x0000000000020b95      0x24e ./Core/Src/dma.o
 .debug_macro   0x0000000000020de3      0x24e ./Core/Src/fsmc.o
 .debug_macro   0x0000000000021031      0x24e ./Core/Src/gpio.o
 .debug_macro   0x000000000002127f      0x24e ./Core/Src/i2c.o
 .debug_macro   0x00000000000214cd      0x36d ./Core/Src/lcd.o
 .debug_macro   0x000000000002183a       0x1e ./Core/Src/lcd.o
 .debug_macro   0x0000000000021858       0x52 ./Core/Src/lcd.o
 .debug_macro   0x00000000000218aa       0x3c ./Core/Src/lcd.o
 .debug_macro   0x00000000000218e6       0x34 ./Core/Src/lcd.o
 .debug_macro   0x000000000002191a       0x16 ./Core/Src/lcd.o
 .debug_macro   0x0000000000021930       0x35 ./Core/Src/lcd.o
 .debug_macro   0x0000000000021965       0x16 ./Core/Src/lcd.o
 .debug_macro   0x000000000002197b       0x43 ./Core/Src/lcd.o
 .debug_macro   0x00000000000219be       0x34 ./Core/Src/lcd.o
 .debug_macro   0x00000000000219f2       0x10 ./Core/Src/lcd.o
 .debug_macro   0x0000000000021a02       0x58 ./Core/Src/lcd.o
 .debug_macro   0x0000000000021a5a       0x71 ./Core/Src/lcd.o
 .debug_macro   0x0000000000021acb       0x1c ./Core/Src/lcd.o
 .debug_macro   0x0000000000021ae7      0x12a ./Core/Src/lcd.o
 .debug_macro   0x0000000000021c11      0x341 ./Core/Src/lcd.o
 .debug_macro   0x0000000000021f52       0x16 ./Core/Src/lcd.o
 .debug_macro   0x0000000000021f68       0x29 ./Core/Src/lcd.o
 .debug_macro   0x0000000000021f91       0x16 ./Core/Src/lcd.o
 .debug_macro   0x0000000000021fa7       0x20 ./Core/Src/lcd.o
 .debug_macro   0x0000000000021fc7       0xca ./Core/Src/lcd.o
 .debug_macro   0x0000000000022091      0x258 ./Core/Src/led_7seg.o
 .debug_macro   0x00000000000222e9      0x46a ./Core/Src/light_control.o
 .debug_macro   0x0000000000022753       0x16 ./Core/Src/light_control.o
 .debug_macro   0x0000000000022769       0x10 ./Core/Src/light_control.o
 .debug_macro   0x0000000000022779       0x10 ./Core/Src/light_control.o
 .debug_macro   0x0000000000022789       0x1c ./Core/Src/light_control.o
 .debug_macro   0x00000000000227a5       0x52 ./Core/Src/light_control.o
 .debug_macro   0x00000000000227f7       0x22 ./Core/Src/light_control.o
 .debug_macro   0x0000000000022819       0x10 ./Core/Src/light_control.o
 .debug_macro   0x0000000000022829       0x52 ./Core/Src/light_control.o
 .debug_macro   0x000000000002287b       0xd5 ./Core/Src/light_control.o
 .debug_macro   0x0000000000022950       0x1c ./Core/Src/light_control.o
 .debug_macro   0x000000000002296c       0x3d ./Core/Src/light_control.o
 .debug_macro   0x00000000000229a9       0x16 ./Core/Src/light_control.o
 .debug_macro   0x00000000000229bf      0x145 ./Core/Src/light_control.o
 .debug_macro   0x0000000000022b04      0x510 ./Core/Src/main.o
 .debug_macro   0x0000000000023014       0x1c ./Core/Src/main.o
 .debug_macro   0x0000000000023030       0x16 ./Core/Src/main.o
 .debug_macro   0x0000000000023046      0x258 ./Core/Src/sensor.o
 .debug_macro   0x000000000002329e      0x272 ./Core/Src/software_timer.o
 .debug_macro   0x0000000000023510      0x24e ./Core/Src/spi.o
 .debug_macro   0x000000000002375e      0x244 ./Core/Src/stm32f4xx_hal_msp.o
 .debug_macro   0x00000000000239a2      0x24e ./Core/Src/stm32f4xx_it.o
 .debug_macro   0x0000000000023bf0      0x235 ./Core/Src/system_stm32f4xx.o
 .debug_macro   0x0000000000023e25      0x24e ./Core/Src/tim.o
 .debug_macro   0x0000000000024073      0x46a ./Core/Src/uart.o
 .debug_macro   0x00000000000244dd      0x24e ./Core/Src/usart.o
 .debug_macro   0x000000000002472b      0x295 ./Drivers/STM32F4xx_HAL_Driver/Src/stm32f4xx_hal.o
 .debug_macro   0x00000000000249c0      0x236 ./Drivers/STM32F4xx_HAL_Driver/Src/stm32f4xx_hal_adc.o
 .debug_macro   0x0000000000024bf6      0x235 ./Drivers/STM32F4xx_HAL_Driver/Src/stm32f4xx_hal_cortex.o
 .debug_macro   0x0000000000024e2b      0x23b ./Drivers/STM32F4xx_HAL_Driver/Src/stm32f4xx_hal_dma.o
 .debug_macro   0x0000000000025066      0x23b ./Drivers/STM32F4xx_HAL_Driver/Src/stm32f4xx_hal_gpio.o
 .debug_macro   0x00000000000252a1      0x27c ./Drivers/STM32F4xx_HAL_Driver/Src/stm32f4xx_hal_i2c.o
 .debug_macro   0x000000000002551d      0x259 ./Drivers/STM32F4xx_HAL_Driver/Src/stm32f4xx_hal_rcc.o
 .debug_macro   0x0000000000025776      0x244 ./Drivers/STM32F4xx_HAL_Driver/Src/stm32f4xx_hal_spi.o
 .debug_macro   0x00000000000259ba      0x235 ./Drivers/STM32F4xx_HAL_Driver/Src/stm32f4xx_hal_sram.o
 .debug_macro   0x0000000000025bef      0x236 ./Drivers/STM32F4xx_HAL_Driver/Src/stm32f4xx_hal_tim.o
 .debug_macro   0x0000000000025e25      0x235 ./Drivers/STM32F4xx_HAL_Driver/Src/stm32f4xx_hal_tim_ex.o
 .debug_macro   0x000000000002605a      0x236 ./Drivers/STM32F4xx_HAL_Driver/Src/stm32f4xx_hal_uart.o
 .debug_macro   0x0000000000026290      0x26f ./Drivers/STM32F4xx_HAL_Driver/Src/stm32f4xx_ll_fsmc.o

.debug_line     0x0000000000000000    0x1efb5
 .debug_line    0x0000000000000000      0x889 ./Core/Src/adc.o
 .debug_line    0x0000000000000889      0x825 ./Core/Src/button.o
 .debug_line    0x00000000000010ae      0x795 ./Core/Src/dma.o
 .debug_line    0x0000000000001843      0x89a ./Core/Src/fsmc.o
 .debug_line    0x00000000000020dd      0x81b ./Core/Src/gpio.o
 .debug_line    0x00000000000028f8      0x803 ./Core/Src/i2c.o
 .debug_line    0x00000000000030fb     0x1036 ./Core/Src/lcd.o
 .debug_line    0x0000000000004131      0x892 ./Core/Src/led_7seg.o
 .debug_line    0x00000000000049c3      0xa7c ./Core/Src/light_control.o
 .debug_line    0x000000000000543f      0xb90 ./Core/Src/main.o
 .debug_line    0x0000000000005fcf      0x856 ./Core/Src/sensor.o
 .debug_line    0x0000000000006825      0x85f ./Core/Src/software_timer.o
 .debug_line    0x0000000000007084      0x80b ./Core/Src/spi.o
 .debug_line    0x000000000000788f      0x79a ./Core/Src/stm32f4xx_hal_msp.o
 .debug_line    0x0000000000008029      0x8bc ./Core/Src/stm32f4xx_it.o
 .debug_line    0x00000000000088e5      0x81b ./Core/Src/system_stm32f4xx.o
 .debug_line    0x0000000000009100      0x91a ./Core/Src/tim.o
 .debug_line    0x0000000000009a1a      0xb78 ./Core/Src/uart.o
 .debug_line    0x000000000000a592      0x873 ./Core/Src/usart.o
 .debug_line    0x000000000000ae05       0x88 ./Core/Startup/startup_stm32f407zetx.o
 .debug_line    0x000000000000ae8d      0xa81 ./Drivers/STM32F4xx_HAL_Driver/Src/stm32f4xx_hal.o
 .debug_line    0x000000000000b90e     0x12f7 ./Drivers/STM32F4xx_HAL_Driver/Src/stm32f4xx_hal_adc.o
 .debug_line    0x000000000000cc05      0xd30 ./Drivers/STM32F4xx_HAL_Driver/Src/stm32f4xx_hal_cortex.o
 .debug_line    0x000000000000d935      0xfe5 ./Drivers/STM32F4xx_HAL_Driver/Src/stm32f4xx_hal_dma.o
 .debug_line    0x000000000000e91a      0xbf5 ./Drivers/STM32F4xx_HAL_Driver/Src/stm32f4xx_hal_gpio.o
 .debug_line    0x000000000000f50f     0x3a36 ./Drivers/STM32F4xx_HAL_Driver/Src/stm32f4xx_hal_i2c.o
 .debug_line    0x0000000000012f45      0xdfd ./Drivers/STM32F4xx_HAL_Driver/Src/stm32f4xx_hal_rcc.o
 .debug_line    0x0000000000013d42     0x1d0b ./Drivers/STM32F4xx_HAL_Driver/Src/stm32f4xx_hal_spi.o
 .debug_line    0x0000000000015a4d      0xdaa ./Drivers/STM32F4xx_HAL_Driver/Src/stm32f4xx_hal_sram.o
 .debug_line    0x00000000000167f7     0x3775 ./Drivers/STM32F4xx_HAL_Driver/Src/stm32f4xx_hal_tim.o
 .debug_line    0x0000000000019f6c     0x1a7e ./Drivers/STM32F4xx_HAL_Driver/Src/stm32f4xx_hal_tim_ex.o
 .debug_line    0x000000000001b9ea     0x2b26 ./Drivers/STM32F4xx_HAL_Driver/Src/stm32f4xx_hal_uart.o
 .debug_line    0x000000000001e510      0xaa5 ./Drivers/STM32F4xx_HAL_Driver/Src/stm32f4xx_ll_fsmc.o

.debug_str      0x0000000000000000    0xe0068
 .debug_str     0x0000000000000000    0xd5f32 ./Core/Src/adc.o
                                      0xd625a (size before relaxing)
 .debug_str     0x00000000000d5f32      0x28f ./Core/Src/button.o
                                      0xd614f (size before relaxing)
 .debug_str     0x00000000000d61c1      0x52c ./Core/Src/dma.o
                                      0xd6214 (size before relaxing)
 .debug_str     0x00000000000d66ed      0x295 ./Core/Src/fsmc.o
                                      0xd6314 (size before relaxing)
 .debug_str     0x00000000000d6982       0x20 ./Core/Src/gpio.o
                                      0xd5dc2 (size before relaxing)
 .debug_str     0x00000000000d69a2      0x2bb ./Core/Src/i2c.o
                                      0xd62f1 (size before relaxing)
 .debug_str     0x00000000000d6c5d     0x33bc ./Core/Src/lcd.o
                                      0xd9057 (size before relaxing)
 .debug_str     0x00000000000da019       0xa9 ./Core/Src/led_7seg.o
                                      0xd618c (size before relaxing)
 .debug_str     0x00000000000da0c2     0x1042 ./Core/Src/light_control.o
                                      0xd9e00 (size before relaxing)
 .debug_str     0x00000000000db104      0x38e ./Core/Src/main.o
                                      0xda2bf (size before relaxing)
 .debug_str     0x00000000000db492       0x7f ./Core/Src/sensor.o
                                      0xd60b9 (size before relaxing)
 .debug_str     0x00000000000db511      0x329 ./Core/Src/software_timer.o
                                      0xd6262 (size before relaxing)
 .debug_str     0x00000000000db83a       0x4b ./Core/Src/spi.o
                                      0xd624e (size before relaxing)
 .debug_str     0x00000000000db885       0x2c ./Core/Src/stm32f4xx_hal_msp.o
                                      0xd5cf7 (size before relaxing)
 .debug_str     0x00000000000db8b1      0x2cd ./Core/Src/stm32f4xx_it.o
                                      0xd6451 (size before relaxing)
 .debug_str     0x00000000000dbb7e       0xdb ./Core/Src/system_stm32f4xx.o
                                      0xd5a42 (size before relaxing)
 .debug_str     0x00000000000dbc59      0x1f6 ./Core/Src/tim.o
                                      0xd6a3e (size before relaxing)
 .debug_str     0x00000000000dbe4f      0x101 ./Core/Src/uart.o
                                      0xda331 (size before relaxing)
 .debug_str     0x00000000000dbf50       0x51 ./Core/Src/usart.o
                                      0xd67a6 (size before relaxing)
 .debug_str     0x00000000000dbfa1       0x36 ./Core/Startup/startup_stm32f407zetx.o
                                         0x7e (size before relaxing)
 .debug_str     0x00000000000dbfd7      0x603 ./Drivers/STM32F4xx_HAL_Driver/Src/stm32f4xx_hal.o
                                      0xd65c6 (size before relaxing)
 .debug_str     0x00000000000dc5da      0x2b6 ./Drivers/STM32F4xx_HAL_Driver/Src/stm32f4xx_hal_adc.o
                                      0xd602f (size before relaxing)
 .debug_str     0x00000000000dc890      0x326 ./Drivers/STM32F4xx_HAL_Driver/Src/stm32f4xx_hal_cortex.o
                                      0xd62f9 (size before relaxing)
 .debug_str     0x00000000000dcbb6      0x2c7 ./Drivers/STM32F4xx_HAL_Driver/Src/stm32f4xx_hal_dma.o
                                      0xd5e5c (size before relaxing)
 .debug_str     0x00000000000dce7d      0x11c ./Drivers/STM32F4xx_HAL_Driver/Src/stm32f4xx_hal_gpio.o
                                      0xd5bbd (size before relaxing)
 .debug_str     0x00000000000dcf99      0xabb ./Drivers/STM32F4xx_HAL_Driver/Src/stm32f4xx_hal_i2c.o
                                      0xd6a0d (size before relaxing)
 .debug_str     0x00000000000dda54      0x213 ./Drivers/STM32F4xx_HAL_Driver/Src/stm32f4xx_hal_rcc.o
                                      0xd5e76 (size before relaxing)
 .debug_str     0x00000000000ddc67      0x536 ./Drivers/STM32F4xx_HAL_Driver/Src/stm32f4xx_hal_spi.o
                                      0xd6306 (size before relaxing)
 .debug_str     0x00000000000de19d      0x1eb ./Drivers/STM32F4xx_HAL_Driver/Src/stm32f4xx_hal_sram.o
                                      0xd6040 (size before relaxing)
 .debug_str     0x00000000000de388      0xcfc ./Drivers/STM32F4xx_HAL_Driver/Src/stm32f4xx_hal_tim.o
                                      0xd6dbc (size before relaxing)
 .debug_str     0x00000000000df084      0x493 ./Drivers/STM32F4xx_HAL_Driver/Src/stm32f4xx_hal_tim_ex.o
                                      0xd65d8 (size before relaxing)
 .debug_str     0x00000000000df517      0x595 ./Drivers/STM32F4xx_HAL_Driver/Src/stm32f4xx_hal_uart.o
                                      0xd6415 (size before relaxing)
 .debug_str     0x00000000000dfaac      0x5bc ./Drivers/STM32F4xx_HAL_Driver/Src/stm32f4xx_ll_fsmc.o
                                      0xd62ad (size before relaxing)

.comment        0x0000000000000000       0x50
 .comment       0x0000000000000000       0x50 ./Core/Src/adc.o
                                         0x51 (size before relaxing)
 .comment       0x0000000000000050       0x51 ./Core/Src/button.o
 .comment       0x0000000000000050       0x51 ./Core/Src/dma.o
 .comment       0x0000000000000050       0x51 ./Core/Src/fsmc.o
 .comment       0x0000000000000050       0x51 ./Core/Src/gpio.o
 .comment       0x0000000000000050       0x51 ./Core/Src/i2c.o
 .comment       0x0000000000000050       0x51 ./Core/Src/lcd.o
 .comment       0x0000000000000050       0x51 ./Core/Src/led_7seg.o
 .comment       0x0000000000000050       0x51 ./Core/Src/light_control.o
 .comment       0x0000000000000050       0x51 ./Core/Src/main.o
 .comment       0x0000000000000050       0x51 ./Core/Src/sensor.o
 .comment       0x0000000000000050       0x51 ./Core/Src/software_timer.o
 .comment       0x0000000000000050       0x51 ./Core/Src/spi.o
 .comment       0x0000000000000050       0x51 ./Core/Src/stm32f4xx_hal_msp.o
 .comment       0x0000000000000050       0x51 ./Core/Src/stm32f4xx_it.o
 .comment       0x0000000000000050       0x51 ./Core/Src/system_stm32f4xx.o
 .comment       0x0000000000000050       0x51 ./Core/Src/tim.o
 .comment       0x0000000000000050       0x51 ./Core/Src/uart.o
 .comment       0x0000000000000050       0x51 ./Core/Src/usart.o
 .comment       0x0000000000000050       0x51 ./Drivers/STM32F4xx_HAL_Driver/Src/stm32f4xx_hal.o
 .comment       0x0000000000000050       0x51 ./Drivers/STM32F4xx_HAL_Driver/Src/stm32f4xx_hal_adc.o
 .comment       0x0000000000000050       0x51 ./Drivers/STM32F4xx_HAL_Driver/Src/stm32f4xx_hal_cortex.o
 .comment       0x0000000000000050       0x51 ./Drivers/STM32F4xx_HAL_Driver/Src/stm32f4xx_hal_dma.o
 .comment       0x0000000000000050       0x51 ./Drivers/STM32F4xx_HAL_Driver/Src/stm32f4xx_hal_gpio.o
 .comment       0x0000000000000050       0x51 ./Drivers/STM32F4xx_HAL_Driver/Src/stm32f4xx_hal_i2c.o
 .comment       0x0000000000000050       0x51 ./Drivers/STM32F4xx_HAL_Driver/Src/stm32f4xx_hal_rcc.o
 .comment       0x0000000000000050       0x51 ./Drivers/STM32F4xx_HAL_Driver/Src/stm32f4xx_hal_spi.o
 .comment       0x0000000000000050       0x51 ./Drivers/STM32F4xx_HAL_Driver/Src/stm32f4xx_hal_sram.o
 .comment       0x0000000000000050       0x51 ./Drivers/STM32F4xx_HAL_Driver/Src/stm32f4xx_hal_tim.o
 .comment       0x0000000000000050       0x51 ./Drivers/STM32F4xx_HAL_Driver/Src/stm32f4xx_hal_tim_ex.o
 .comment       0x0000000000000050       0x51 ./Drivers/STM32F4xx_HAL_Driver/Src/stm32f4xx_hal_uart.o
 .comment       0x0000000000000050       0x51 ./Drivers/STM32F4xx_HAL_Driver/Src/stm32f4xx_ll_fsmc.o

.debug_frame    0x0000000000000000     0x5c7c
 .debug_frame   0x0000000000000000       0x7c ./Core/Src/adc.o
 .debug_frame   0x000000000000007c       0x50 ./Core/Src/button.o
 .debug_frame   0x00000000000000cc       0x34 ./Core/Src/dma.o
 .debug_frame   0x0000000000000100       0xbc ./Core/Src/fsmc.o
 .debug_frame   0x00000000000001bc       0x38 ./Core/Src/gpio.o
 .debug_frame   0x00000000000001f4       0x74 ./Core/Src/i2c.o
 .debug_frame   0x0000000000000268      0x394 ./Core/Src/lcd.o
 .debug_frame   0x00000000000005fc       0xe8 ./Core/Src/led_7seg.o
 .debug_frame   0x00000000000006e4       0x50 ./Core/Src/light_control.o
 .debug_frame   0x0000000000000734       0xa8 ./Core/Src/main.o
 .debug_frame   0x00000000000007dc       0xe0 ./Core/Src/sensor.o
 .debug_frame   0x00000000000008bc       0xbc ./Core/Src/software_timer.o
 .debug_frame   0x0000000000000978       0x74 ./Core/Src/spi.o
 .debug_frame   0x00000000000009ec       0x38 ./Core/Src/stm32f4xx_hal_msp.o
 .debug_frame   0x0000000000000a24      0x174 ./Core/Src/stm32f4xx_it.o
 .debug_frame   0x0000000000000b98       0x58 ./Core/Src/system_stm32f4xx.o
 .debug_frame   0x0000000000000bf0       0xe8 ./Core/Src/tim.o
 .debug_frame   0x0000000000000cd8      0x140 ./Core/Src/uart.o
 .debug_frame   0x0000000000000e18       0x90 ./Core/Src/usart.o
 .debug_frame   0x0000000000000ea8      0x374 ./Drivers/STM32F4xx_HAL_Driver/Src/stm32f4xx_hal.o
 .debug_frame   0x000000000000121c      0x3fc ./Drivers/STM32F4xx_HAL_Driver/Src/stm32f4xx_hal_adc.o
 .debug_frame   0x0000000000001618      0x498 ./Drivers/STM32F4xx_HAL_Driver/Src/stm32f4xx_hal_cortex.o
 .debug_frame   0x0000000000001ab0      0x250 ./Drivers/STM32F4xx_HAL_Driver/Src/stm32f4xx_hal_dma.o
 .debug_frame   0x0000000000001d00      0x14c ./Drivers/STM32F4xx_HAL_Driver/Src/stm32f4xx_hal_gpio.o
 .debug_frame   0x0000000000001e4c      0xc5c ./Drivers/STM32F4xx_HAL_Driver/Src/stm32f4xx_hal_i2c.o
 .debug_frame   0x0000000000002aa8      0x1f4 ./Drivers/STM32F4xx_HAL_Driver/Src/stm32f4xx_hal_rcc.o
 .debug_frame   0x0000000000002c9c      0x824 ./Drivers/STM32F4xx_HAL_Driver/Src/stm32f4xx_hal_spi.o
 .debug_frame   0x00000000000034c0      0x30c ./Drivers/STM32F4xx_HAL_Driver/Src/stm32f4xx_hal_sram.o
 .debug_frame   0x00000000000037cc     0x11c4 ./Drivers/STM32F4xx_HAL_Driver/Src/stm32f4xx_hal_tim.o
 .debug_frame   0x0000000000004990      0x638 ./Drivers/STM32F4xx_HAL_Driver/Src/stm32f4xx_hal_tim_ex.o
 .debug_frame   0x0000000000004fc8      0x92c ./Drivers/STM32F4xx_HAL_Driver/Src/stm32f4xx_hal_uart.o
 .debug_frame   0x00000000000058f4      0x2dc ./Drivers/STM32F4xx_HAL_Driver/Src/stm32f4xx_ll_fsmc.o
 .debug_frame   0x0000000000005bd0       0x2c d:/programs/stm32cubeide_1.12.0/stm32cubeide/plugins/com.st.stm32cube.ide.mcu.externaltools.gnu-tools-for-stm32.10.3-2021.10.win32_1.0.200.202301161003/tools/bin/../lib/gcc/arm-none-eabi/10.3.1/../../../../arm-none-eabi/lib/thumb/v7e-m+fp/hard\libc_nano.a(lib_a-init.o)
 .debug_frame   0x0000000000005bfc       0x20 d:/programs/stm32cubeide_1.12.0/stm32cubeide/plugins/com.st.stm32cube.ide.mcu.externaltools.gnu-tools-for-stm32.10.3-2021.10.win32_1.0.200.202301161003/tools/bin/../lib/gcc/arm-none-eabi/10.3.1/../../../../arm-none-eabi/lib/thumb/v7e-m+fp/hard\libc_nano.a(lib_a-memset.o)
 .debug_frame   0x0000000000005c1c       0x2c d:/programs/stm32cubeide_1.12.0/stm32cubeide/plugins/com.st.stm32cube.ide.mcu.externaltools.gnu-tools-for-stm32.10.3-2021.10.win32_1.0.200.202301161003/tools/bin/../lib/gcc/arm-none-eabi/10.3.1/thumb/v7e-m+fp/hard\libgcc.a(_aeabi_uldivmod.o)
 .debug_frame   0x0000000000005c48       0x34 d:/programs/stm32cubeide_1.12.0/stm32cubeide/plugins/com.st.stm32cube.ide.mcu.externaltools.gnu-tools-for-stm32.10.3-2021.10.win32_1.0.200.202301161003/tools/bin/../lib/gcc/arm-none-eabi/10.3.1/thumb/v7e-m+fp/hard\libgcc.a(_udivmoddi4.o)