../Core/Src/lcd.c:10:6:LCD_WR_REG	16	static
../Core/Src/lcd.c:15:6:LCD_WR_DATA	16	static
../Core/Src/lcd.c:20:10:LCD_RD_DATA	16	static
../Core/Src/lcd.c:28:6:lcd_AddressSet	24	static
../Core/Src/lcd.c:44:6:lcd_SetCursor	16	static
../Core/Src/lcd.c:54:6:lcd_DisplayOn	8	static
../Core/Src/lcd.c:59:6:lcd_DisplayOff	8	static
../Core/Src/lcd.c:64:10:lcd_ReadPoint	24	static
../Core/Src/lcd.c:82:6:lcd_Clear	24	static
../Core/Src/lcd.c:104:6:lcd_Fill	32	static
../Core/Src/lcd.c:124:6:lcd_DrawPoint	16	static
../Core/Src/lcd.c:139:6:lcd_DrawLine	64	static
../Core/Src/lcd.c:175:6:lcd_DrawRectangle	32	static
../Core/Src/lcd.c:183:6:lcd_ShowChar	40	static
../Core/Src/lcd.c:227:10:mypow	24	static
../Core/Src/lcd.c:234:6:lcd_ShowIntNum	48	static
../Core/Src/lcd.c:256:6:lcd_ShowFloatNum	56	static
../Core/Src/lcd.c:275:6:lcd_ShowPicture	40	static
../Core/Src/lcd.c:294:6:lcd_SetDir	16	static
../Core/Src/lcd.c:308:6:lcd_init	8	static
../Core/Src/lcd.c:418:13:_draw_circle_8	24	static
../Core/Src/lcd.c:437:6:lcd_DrawCircle	48	static
../Core/Src/lcd.c:473:6:lcd_ShowStr	56	static
../Core/Src/lcd.c:501:6:lcd_StrCenter	48	static
