../Core/Src/ds3231.c:64:6:initds3231	8	static
../Core/Src/ds3231.c:79:6:ds3231Write	40	static
../Core/Src/ds3231.c:89:9:ds3231Read	40	static
../Core/Src/ds3231.c:99:6:ds3231ReadTime	24	static
../Core/Src/ds3231.c:116:7:ds3231ReadTemp	40	static
../Core/Src/ds3231.c:140:6:ds3231SetSec	16	static
../Core/Src/ds3231.c:144:6:ds3231SetMin	16	static
../Core/Src/ds3231.c:148:6:ds3231SetHour	40	static
../Core/Src/ds3231.c:153:6:ds3231SetDay	16	static
../Core/Src/ds3231.c:157:6:ds3231SetDate	16	static
../Core/Src/ds3231.c:161:6:ds3231SetMonth	40	static
../Core/Src/ds3231.c:169:6:ds3231SetYear	40	static
../Core/Src/ds3231.c:184:6:ds3231EnableA1	40	static
../Core/Src/ds3231.c:191:6:ds3231EnableA2	40	static
../Core/Src/ds3231.c:203:6:ds3231SetModeA1	40	static
../Core/Src/ds3231.c:228:6:ds3231SetModeA2	40	static
../Core/Src/ds3231.c:249:6:ds3231SetSecA1	40	static
../Core/Src/ds3231.c:256:6:ds3231SetMinA1	40	static
../Core/Src/ds3231.c:263:6:ds3231SetHourA1	40	static
../Core/Src/ds3231.c:270:6:ds3231SetDayA1	40	static
../Core/Src/ds3231.c:277:6:ds3231SetDateA1	40	static
../Core/Src/ds3231.c:289:6:ds3231SetMinA2	40	static
../Core/Src/ds3231.c:296:6:ds3231SetHourA2	40	static
../Core/Src/ds3231.c:303:6:ds3231SetDayA2	40	static
../Core/Src/ds3231.c:310:6:ds3231SetDateA2	40	static
../Core/Src/ds3231.c:322:6:ds3231ClearFlagA1	32	static
../Core/Src/ds3231.c:330:6:ds3231ClearFlagA2	32	static
../Core/Src/ds3231.c:342:6:ds3231GetFlagA1	32	static
../Core/Src/ds3231.c:353:6:ds3231GetFlagA2	32	static
