../Core/Src/lcd.c:23:6:LCD_WR_REG	16	static
../Core/Src/lcd.c:28:6:LCD_WR_DATA	16	static
../Core/Src/lcd.c:33:10:LCD_RD_DATA	16	static
../Core/Src/lcd.c:41:6:lcdSetAddress	24	static
../Core/Src/lcd.c:56:6:lcdSetCursor	16	static
../Core/Src/lcd.c:66:6:lcdSetDisplayOn	8	static
../Core/Src/lcd.c:71:6:lcdSetDisplayOff	8	static
../Core/Src/lcd.c:76:10:lcdReadPoint	24	static
../Core/Src/lcd.c:94:6:lcdClear	24	static
../Core/Src/lcd.c:116:6:lcdFill	32	static
../Core/Src/lcd.c:137:6:lcdDrawPoint	16	static
../Core/Src/lcd.c:152:6:lcdDrawLine	64	static
../Core/Src/lcd.c:201:6:lcdDrawRect	32	static
../Core/Src/lcd.c:219:6:lcdShowChar	40	static
../Core/Src/lcd.c:270:10:mypow	24	static
../Core/Src/lcd.c:288:6:lcdShowIntNum	48	static
../Core/Src/lcd.c:307:6:lcdShowIntNumCenter	56	static
../Core/Src/lcd.c:334:6:lcdShowFloatNum	56	static
../Core/Src/lcd.c:354:6:lcdShowPicture	40	static
../Core/Src/lcd.c:373:6:lcdSetDirection	16	static
../Core/Src/lcd.c:387:6:initLCD	8	static
../Core/Src/lcd.c:497:13:_draw_circle_8	24	static
../Core/Src/lcd.c:522:6:lcdDrawCircle	48	static
../Core/Src/lcd.c:575:6:lcdShowString	56	static
../Core/Src/lcd.c:616:6:lcdShowStringCenter	56	static
