../Core/Src/main.c:140:5:main	40	static
../Core/Src/main.c:713:6:SystemClock_Config	88	static
../Core/Src/main.c:756:6:debugSystem	8	static
../Core/Src/main.c:760:6:initSystem	8	static
../Core/Src/main.c:769:6:setTime	24	static
../Core/Src/main.c:780:6:displayClock	88	static
../Core/Src/main.c:805:7:displaySecClockwise	80	static
../Core/Src/main.c:821:7:displayMinClockwise	80	static
../Core/Src/main.c:837:7:displayHourClockwise	80	static
../Core/Src/main.c:854:6:displayTime	40	static
../Core/Src/main.c:865:6:displayDate	48	static
../Core/Src/main.c:876:6:displayTemp	40	static
../Core/Src/main.c:881:6:displayDay	40	static
../Core/Src/main.c:924:6:displayTimeLed7Seg	24	static
../Core/Src/main.c:960:6:increaseSec	4	static
../Core/Src/main.c:987:6:decreaseSec	4	static
../Core/Src/main.c:1014:6:increaseMin	4	static
../Core/Src/main.c:1034:6:decreaseMin	4	static
../Core/Src/main.c:1054:6:increaseHour	4	static
../Core/Src/main.c:1066:6:decreaseHour	4	static
../Core/Src/main.c:1078:6:increaseDay	4	static
../Core/Src/main.c:1090:6:decreaseDay	4	static
../Core/Src/main.c:1101:6:increaseDate	16	static
../Core/Src/main.c:1123:6:decreaseDate	8	static
../Core/Src/main.c:1144:6:increaseMonth	16	static
../Core/Src/main.c:1162:6:decreaseMonth	16	static
../Core/Src/main.c:1180:6:increaseYear	16	static
../Core/Src/main.c:1190:6:decreaseYear	16	static
../Core/Src/main.c:1204:5:getDaysInMonth	16	static
../Core/Src/main.c:1235:6:Error_Handler	4	static,ignoring_inline_asm
