../Core/Src/main.c:92:5:main	8	static
../Core/Src/main.c:148:6:SystemClock_Config	88	static
../Core/Src/main.c:191:6:system_init	8	static
../Core/Src/main.c:203:6:test_LedDebug	8	static
../Core/Src/main.c:210:6:test_7seg	8	static
../Core/Src/main.c:216:6:test_button	16	static
../Core/Src/main.c:225:6:updateTime	8	static
../Core/Src/main.c:235:9:isButtonUp	4	static
../Core/Src/main.c:242:9:isButtonDown	4	static
../Core/Src/main.c:249:7:returnMode	4	static
../Core/Src/main.c:267:6:checkTime	4	static
../Core/Src/main.c:307:6:checkTimer	4	static
../Core/Src/main.c:347:6:displayTime	24	static
../Core/Src/main.c:358:6:modifyTime	24	static
../Core/Src/main.c:436:6:modifyTimer	24	static
../Core/Src/main.c:514:6:fsm	40	static
../Core/Src/main.c:622:6:Error_Handler	4	static,ignoring_inline_asm
